Component: ARM Compiler 5.06 update 7 (build 960) Tool: armlink [4d3601]

==============================================================================

Section Cross References

    startup_n32wb452.o(RESET) refers to startup_n32wb452.o(STACK) for __initial_sp
    startup_n32wb452.o(RESET) refers to startup_n32wb452.o(.text) for Reset_Handler
    startup_n32wb452.o(RESET) refers to context_rvds.o(.text) for HardFault_Handler
    startup_n32wb452.o(RESET) refers to board.o(i.SysTick_Handler) for SysTick_Handler
    startup_n32wb452.o(RESET) refers to interrupt.o(i.RTC_WKUP_IRQHandler) for RTC_WKUP_IRQHandler
    startup_n32wb452.o(RESET) refers to interrupt.o(i.EXTI0_IRQHandler) for EXTI0_IRQHandler
    startup_n32wb452.o(RESET) refers to interrupt.o(i.EXTI3_IRQHandler) for EXTI3_IRQHandler
    startup_n32wb452.o(RESET) refers to interrupt.o(i.DMA1_Channel7_IRQHandler) for DMA1_Channel7_IRQHandler
    startup_n32wb452.o(RESET) refers to interrupt.o(i.EXTI9_5_IRQHandler) for EXTI9_5_IRQHandler
    startup_n32wb452.o(RESET) refers to bsp_timer.o(i.TIM3_IRQHandler) for TIM3_IRQHandler
    startup_n32wb452.o(RESET) refers to interrupt.o(i.EXTI15_10_IRQHandler) for EXTI15_10_IRQHandler
    startup_n32wb452.o(.text) refers to system_n32wb452.o(i.SystemInit) for SystemInit
    startup_n32wb452.o(.text) refers to entry.o(.ARM.Collect$$$$00000000) for __main
    system_n32wb452.o(i.SetSysClock) refers to system_n32wb452.o(.data) for SystemCoreClock
    system_n32wb452.o(i.SystemCoreClockUpdate) refers to system_n32wb452.o(.data) for SystemCoreClock
    system_n32wb452.o(i.SystemCoreClockUpdate) refers to system_n32wb452.o(.constdata) for AHBPrescTable
    system_n32wb452.o(i.SystemInit) refers to n32wb452_rcc.o(i.RCC_ConfigSysclk) for RCC_ConfigSysclk
    system_n32wb452.o(i.SystemInit) refers to n32wb452_rcc.o(i.RCC_GetSysclkSrc) for RCC_GetSysclkSrc
    system_n32wb452.o(i.SystemInit) refers to system_n32wb452.o(i.ReadBackBDCTRL) for ReadBackBDCTRL
    system_n32wb452.o(i.SystemInit) refers to system_n32wb452.o(i.SetSysClock) for SetSysClock
    system_n32wb452.o(i.SystemInit) refers to system_n32wb452.o(i.SetVDDDBKTrim) for SetVDDDBKTrim
    n32wb452_bkp.o(i.BKP_DeInit) refers to n32wb452_rcc.o(i.RCC_EnableBackupReset) for RCC_EnableBackupReset
    n32wb452_flash.o(i.FLASH_ConfigUserOB) refers to n32wb452_flash.o(i.FLASH_GetReadOutProtectionL2STS) for FLASH_GetReadOutProtectionL2STS
    n32wb452_flash.o(i.FLASH_ConfigUserOB) refers to n32wb452_flash.o(i.FLASH_GetReadOutProtectionSTS) for FLASH_GetReadOutProtectionSTS
    n32wb452_flash.o(i.FLASH_ConfigUserOB) refers to n32wb452_flash.o(i.FLASH_ClearFlag) for FLASH_ClearFlag
    n32wb452_flash.o(i.FLASH_ConfigUserOB) refers to n32wb452_flash.o(i.FLASH_WaitForLastOpt) for FLASH_WaitForLastOpt
    n32wb452_flash.o(i.FLASH_EnWriteProtection) refers to n32wb452_flash.o(i.FLASH_GetReadOutProtectionL2STS) for FLASH_GetReadOutProtectionL2STS
    n32wb452_flash.o(i.FLASH_EnWriteProtection) refers to n32wb452_flash.o(i.FLASH_ClearFlag) for FLASH_ClearFlag
    n32wb452_flash.o(i.FLASH_EnWriteProtection) refers to n32wb452_flash.o(i.FLASH_WaitForLastOpt) for FLASH_WaitForLastOpt
    n32wb452_flash.o(i.FLASH_EraseOB) refers to n32wb452_flash.o(i.FLASH_GetReadOutProtectionL2STS) for FLASH_GetReadOutProtectionL2STS
    n32wb452_flash.o(i.FLASH_EraseOB) refers to n32wb452_flash.o(i.FLASH_GetReadOutProtectionSTS) for FLASH_GetReadOutProtectionSTS
    n32wb452_flash.o(i.FLASH_EraseOB) refers to n32wb452_flash.o(i.FLASH_ClearFlag) for FLASH_ClearFlag
    n32wb452_flash.o(i.FLASH_EraseOB) refers to n32wb452_flash.o(i.FLASH_WaitForLastOpt) for FLASH_WaitForLastOpt
    n32wb452_flash.o(i.FLASH_EraseOnePage) refers to n32wb452_flash.o(i.FLASH_ClearFlag) for FLASH_ClearFlag
    n32wb452_flash.o(i.FLASH_EraseOnePage) refers to n32wb452_flash.o(i.FLASH_WaitForLastOpt) for FLASH_WaitForLastOpt
    n32wb452_flash.o(i.FLASH_MassErase) refers to n32wb452_flash.o(i.FLASH_ClearFlag) for FLASH_ClearFlag
    n32wb452_flash.o(i.FLASH_MassErase) refers to n32wb452_flash.o(i.FLASH_WaitForLastOpt) for FLASH_WaitForLastOpt
    n32wb452_flash.o(i.FLASH_ProgramOBData) refers to n32wb452_flash.o(i.FLASH_ClearFlag) for FLASH_ClearFlag
    n32wb452_flash.o(i.FLASH_ProgramOBData) refers to n32wb452_flash.o(i.FLASH_WaitForLastOpt) for FLASH_WaitForLastOpt
    n32wb452_flash.o(i.FLASH_ProgramOBData) refers to n32wb452_flash.o(i.FLASH_GetReadOutProtectionL2STS) for FLASH_GetReadOutProtectionL2STS
    n32wb452_flash.o(i.FLASH_ProgramWord) refers to n32wb452_flash.o(i.FLASH_ClearFlag) for FLASH_ClearFlag
    n32wb452_flash.o(i.FLASH_ProgramWord) refers to n32wb452_flash.o(i.FLASH_WaitForLastOpt) for FLASH_WaitForLastOpt
    n32wb452_flash.o(i.FLASH_ReadOutProtectionL1) refers to n32wb452_flash.o(i.FLASH_GetReadOutProtectionL2STS) for FLASH_GetReadOutProtectionL2STS
    n32wb452_flash.o(i.FLASH_ReadOutProtectionL1) refers to n32wb452_flash.o(i.FLASH_ClearFlag) for FLASH_ClearFlag
[...]
    0x0800d4da   0x0800d4da   0x00000002   PAD
    0x0800d4dc   0x0800d4dc   0x0000001c   Code   RO         7003    i.gapc_param_updated_ind_handler  app_task.o
    0x0800d4f8   0x0800d4f8   0x0000009e   Code   RO         8885    i.gapc_process_op   host_16bit.lib(gapc_task.o)
    0x0800d596   0x0800d596   0x00000002   PAD
    0x0800d598   0x0800d598   0x0000003c   Code   RO         8348    i.gapc_reschedule_operation  host_16bit.lib(gapc.o)
    0x0800d5d4   0x0800d5d4   0x0000004c   Code   RO         8886    i.gapc_security_cmd_handler  host_16bit.lib(gapc_task.o)
    0x0800d620   0x0800d620   0x00000078   Code   RO         8349    i.gapc_send_complete_evt  host_16bit.lib(gapc.o)
    0x0800d698   0x0800d698   0x00000026   Code   RO         8350    i.gapc_send_disconect_ind  host_16bit.lib(gapc.o)
    0x0800d6be   0x0800d6be   0x00000026   Code   RO         8351    i.gapc_send_error_evt  host_16bit.lib(gapc.o)
    0x0800d6e4   0x0800d6e4   0x00000054   Code   RO         8887    i.gapc_set_dev_info_cfm_handler  host_16bit.lib(gapc_task.o)
    0x0800d738   0x0800d738   0x00000030   Code   RO         7004    i.gapc_set_dev_info_req_ind_handler  app_task.o
    0x0800d768   0x0800d768   0x0000004c   Code   RO         8888    i.gapc_set_le_ping_to_handler  host_16bit.lib(gapc_task.o)
    0x0800d7b4   0x0800d7b4   0x00000050   Code   RO         8889    i.gapc_set_le_pkt_size_handler  host_16bit.lib(gapc_task.o)
    0x0800d804   0x0800d804   0x00000010   Code   RO         8352    i.gapc_set_operation_ptr  host_16bit.lib(gapc.o)
    0x0800d814   0x0800d814   0x00000034   Code   RO         9288    i.gapc_sig_pdu_recv_handler  host_16bit.lib(gapc_sig.o)
    0x0800d848   0x0800d848   0x0000003c   Code   RO         8890    i.gapc_sign_cmd_handler  host_16bit.lib(gapc_task.o)
    0x0800d884   0x0800d884   0x00000034   Code   RO         8891    i.gapc_smp_rep_attempts_timer_handler  host_16bit.lib(gapc_task.o)
    0x0800d8b8   0x0800d8b8   0x00000048   Code   RO         8892    i.gapc_smp_timeout_timer_ind_handler  host_16bit.lib(gapc_task.o)
    0x0800d900   0x0800d900   0x00000014   Code   RO         8353    i.gapc_svc_chg_ccc_get  host_16bit.lib(gapc.o)
    0x0800d914   0x0800d914   0x0000001c   Code   RO         8354    i.gapc_svc_chg_ccc_set  host_16bit.lib(gapc.o)
    0x0800d930   0x0800d930   0x00000044   Code   RO         8893    i.gapc_update_conn_param_to_ind_handler  host_16bit.lib(gapc_task.o)
    0x0800d974   0x0800d974   0x00000044   Code   RO         8355    i.gapc_update_state  host_16bit.lib(gapc.o)
    0x0800d9b8   0x0800d9b8   0x0000001c   Code   RO         8388    i.gapm_addr_check   host_16bit.lib(gapm.o)
    0x0800d9d4   0x0800d9d4   0x00000034   Code   RO         8936    i.gapm_addr_renew_to_ind_handler  host_16bit.lib(gapm_task.o)
    0x0800da08   0x0800da08   0x00000198   Code   RO         9340    i.gapm_adv_op_sanity  host_16bit.lib(gapm_util.o)
    0x0800dba0   0x0800dba0   0x00000018   Code   RO         9341    i.gapm_basic_hci_cmd_send  host_16bit.lib(gapm_util.o)
    0x0800dbb8   0x0800dbb8   0x00000042   Code   RO         8937    i.gapm_cancel_cmd_handler  host_16bit.lib(gapm_task.o)
    0x0800dbfa   0x0800dbfa   0x00000054   Code   RO         8894    i.gapm_cmp_evt_handler  host_16bit.lib(gapc_task.o)
    0x0800dc4e   0x0800dc4e   0x00000054   Code   RO         8938    i.gapm_cmp_evt_handler  host_16bit.lib(gapm_task.o)
    0x0800dca2   0x0800dca2   0x00000002   PAD
    0x0800dca4   0x0800dca4   0x0000003c   Code   RO         8389    i.gapm_con_cleanup  host_16bit.lib(gapm.o)
    0x0800dce0   0x0800dce0   0x00000070   Code   RO         8390    i.gapm_con_create   host_16bit.lib(gapm.o)
    0x0800dd50   0x0800dd50   0x0000000a   Code   RO         8391    i.gapm_con_enable   host_16bit.lib(gapm.o)
    0x0800dd5a   0x0800dd5a   0x00000004   Code   RO         8939    i.gapm_default_msg_handler  host_16bit.lib(gapm_task.o)
    0x0800dd5e   0x0800dd5e   0x0000002c   Code   RO         7005    i.gapm_device_ready_ind_handler  app_task.o
    0x0800dd8a   0x0800dd8a   0x0000001c   Code   RO         8392    i.gapm_dle_val_check  host_16bit.lib(gapm.o)
    0x0800dda6   0x0800dda6   0x00000002   PAD
    0x0800dda8   0x0800dda8   0x00000278   Code   RO         9342    i.gapm_execute_adv_op  host_16bit.lib(gapm_util.o)
    0x0800e020   0x0800e020   0x00000030   Code   RO         8940    i.gapm_gen_rand_addr_cmd_handler  host_16bit.lib(gapm_task.o)
    0x0800e050   0x0800e050   0x00000028   Code   RO         8895    i.gapm_gen_rand_nb_ind_handler  host_16bit.lib(gapc_task.o)
    0x0800e078   0x0800e078   0x00000010   Code   RO         8393    i.gapm_get_address_type  host_16bit.lib(gapm.o)
    0x0800e088   0x0800e088   0x0000002c   Code   RO         8394    i.gapm_get_att_handle  host_16bit.lib(gapm.o)
    0x0800e0b4   0x0800e0b4   0x00000008   Code   RO         9344    i.gapm_get_bdaddr   host_16bit.lib(gapm_util.o)
    0x0800e0bc   0x0800e0bc   0x000000c0   Code   RO         8941    i.gapm_get_dev_info_cmd_handler  host_16bit.lib(gapm_task.o)
    0x0800e17c   0x0800e17c   0x00000008   Code   RO         9345    i.gapm_get_irk      host_16bit.lib(gapm_util.o)
    0x0800e184   0x0800e184   0x0000000c   Code   RO         8397    i.gapm_get_max_mtu  host_16bit.lib(gapm.o)
    0x0800e190   0x0800e190   0x00000018   Code   RO         8398    i.gapm_get_operation  host_16bit.lib(gapm.o)
    0x0800e1a8   0x0800e1a8   0x0000001c   Code   RO         8399    i.gapm_get_requester  host_16bit.lib(gapm.o)
    0x0800e1c4   0x0800e1c4   0x0000000c   Code   RO         9347    i.gapm_get_role     host_16bit.lib(gapm_util.o)
    0x0800e1d0   0x0800e1d0   0x00000068   Code   RO         9297    i.gapm_hci_handler  host_16bit.lib(gapm_hci.o)
    0x0800e238   0x0800e238   0x000000a8   Code   RO         8401    i.gapm_init         host_16bit.lib(gapm.o)
    0x0800e2e0   0x0800e2e0   0x00000034   Code   RO         8402    i.gapm_init_attr    host_16bit.lib(gapm.o)
    0x0800e314   0x0800e314   0x00000028   Code   RO         8403    i.gapm_is_disc_connection  host_16bit.lib(gapm.o)
    0x0800e33c   0x0800e33c   0x00000010   Code   RO         8404    i.gapm_is_legacy_pairing_supp  host_16bit.lib(gapm.o)
    0x0800e34c   0x0800e34c   0x00000010   Code   RO         8405    i.gapm_is_pref_con_param_pres  host_16bit.lib(gapm.o)
    0x0800e35c   0x0800e35c   0x00000010   Code   RO         8406    i.gapm_is_sec_con_pairing_supp  host_16bit.lib(gapm.o)
    0x0800e36c   0x0800e36c   0x00000028   Code   RO         8942    i.gapm_lepsm_register_cmd_handler  host_16bit.lib(gapm_task.o)
    0x0800e394   0x0800e394   0x00000028   Code   RO         8943    i.gapm_lepsm_unregister_cmd_handler  host_16bit.lib(gapm_task.o)
    0x0800e3bc   0x0800e3bc   0x0000001a   Code   RO         8944    i.gapm_lim_disc_to_ind_handler  host_16bit.lib(gapm_task.o)
    0x0800e3d6   0x0800e3d6   0x00000002   PAD
    0x0800e3d8   0x0800e3d8   0x000000ec   Code   RO         9348    i.gapm_op_reset_continue  host_16bit.lib(gapm_util.o)
    0x0800e4c4   0x0800e4c4   0x00000118   Code   RO         9349    i.gapm_op_setup_continue  host_16bit.lib(gapm_util.o)
    0x0800e5dc   0x0800e5dc   0x00000054   Code   RO         8407    i.gapm_operation_cleanup  host_16bit.lib(gapm.o)
    0x0800e630   0x0800e630   0x00000088   Code   RO         8945    i.gapm_process_op   host_16bit.lib(gapm_task.o)
    0x0800e6b8   0x0800e6b8   0x0000002a   Code   RO         7006    i.gapm_profile_added_ind_handler  app_task.o
    0x0800e6e2   0x0800e6e2   0x00000002   PAD
    0x0800e6e4   0x0800e6e4   0x00000064   Code   RO         8946    i.gapm_profile_task_add_cmd_handler  host_16bit.lib(gapm_task.o)
    0x0800e748   0x0800e748   0x0000011c   Code   RO         8947    i.gapm_ral_mgt_cmd_handler  host_16bit.lib(gapm_task.o)
    0x0800e864   0x0800e864   0x00000014   Code   RO         7007    i.gapm_read_RSSI_req_ind_handler  app_task.o
    0x0800e878   0x0800e878   0x00000008   Code   RO         7008    i.gapm_read_bda_req_ind_handler  app_task.o
    0x0800e880   0x0800e880   0x00000008   Code   RO         7009    i.gapm_read_txpower_req_ind_handler  app_task.o
    0x0800e888   0x0800e888   0x00000014   Code   RO         7010    i.gapm_read_wlistsize_req_ind_handler  app_task.o
    0x0800e89c   0x0800e89c   0x00000028   Code   RO         8408    i.gapm_reschedule_operation  host_16bit.lib(gapm.o)
    0x0800e8c4   0x0800e8c4   0x00000040   Code   RO         8948    i.gapm_reset_cmd_handler  host_16bit.lib(gapm_task.o)
    0x0800e904   0x0800e904   0x00000068   Code   RO         8949    i.gapm_resolv_addr_cmd_handler  host_16bit.lib(gapm_task.o)
    0x0800e96c   0x0800e96c   0x0000003c   Code   RO         8409    i.gapm_send_complete_evt  host_16bit.lib(gapm.o)
    0x0800e9a8   0x0800e9a8   0x00000024   Code   RO         8410    i.gapm_send_error_evt  host_16bit.lib(gapm.o)
    0x0800e9cc   0x0800e9cc   0x0000005c   Code   RO         9350    i.gapm_set_adv_data  host_16bit.lib(gapm_util.o)
    0x0800ea28   0x0800ea28   0x00000054   Code   RO         8950    i.gapm_set_channel_map_cmd_handler  host_16bit.lib(gapm_task.o)
    0x0800ea7c   0x0800ea7c   0x000001b4   Code   RO         8951    i.gapm_set_dev_config_cmd_handler  host_16bit.lib(gapm_task.o)
    0x0800ec30   0x0800ec30   0x0000005c   Code   RO         8952    i.gapm_set_irk_cmd_handler  host_16bit.lib(gapm_task.o)
    0x0800ec8c   0x0800ec8c   0x0000001c   Code   RO         8411    i.gapm_set_max_mps  host_16bit.lib(gapm.o)
    0x0800eca8   0x0800eca8   0x0000001c   Code   RO         8412    i.gapm_set_max_mtu  host_16bit.lib(gapm.o)
    0x0800ecc4   0x0800ecc4   0x00000060   Code   RO         9352    i.gapm_setup_conn   host_16bit.lib(gapm_util.o)
    0x0800ed24   0x0800ed24   0x00000064   Code   RO         8953    i.gapm_start_advertise_cmd_handler  host_16bit.lib(gapm_task.o)
    0x0800ed88   0x0800ed88   0x00000010   Code   RO         8413    i.gapm_svc_chg_en   host_16bit.lib(gapm.o)
    0x0800ed98   0x0800ed98   0x00000022   Code   RO         8954    i.gapm_unknown_task_msg_handler  host_16bit.lib(gapm_task.o)
    0x0800edba   0x0800edba   0x00000002   PAD
    0x0800edbc   0x0800edbc   0x000000a8   Code   RO         9353    i.gapm_update_address_op_state  host_16bit.lib(gapm_util.o)
    0x0800ee64   0x0800ee64   0x0000004c   Code   RO         8955    i.gapm_update_advertise_data_cmd_handler  host_16bit.lib(gapm_task.o)
    0x0800eeb0   0x0800eeb0   0x0000019c   Code   RO         9354    i.gapm_update_air_op_state  host_16bit.lib(gapm_util.o)
    0x0800f04c   0x0800f04c   0x00000036   Code   RO         8414    i.gapm_update_state  host_16bit.lib(gapm.o)
    0x0800f082   0x0800f082   0x00000002   PAD
    0x0800f084   0x0800f084   0x00000040   Code   RO         8956    i.gapm_use_enc_block_cmd_handler  host_16bit.lib(gapm_task.o)
    0x0800f0c4   0x0800f0c4   0x0000003c   Code   RO         8896    i.gapm_use_enc_block_ind_handler  host_16bit.lib(gapc_task.o)
    0x0800f100   0x0800f100   0x000000e4   Code   RO         8957    i.gapm_white_list_mgt_cmd_handler  host_16bit.lib(gapm_task.o)
    0x0800f1e4   0x0800f1e4   0x00000014   Code   RO         7011    i.gatt_set_mtu_ind_handler  app_task.o
    0x0800f1f8   0x0800f1f8   0x00000058   Code   RO         8986    i.gattc_att_info_cfm_handler  host_16bit.lib(gattc_task.o)
    0x0800f250   0x0800f250   0x00000064   Code   RO         8897    i.gattc_att_info_req_ind_handler  host_16bit.lib(gapc_task.o)
    0x0800f2b4   0x0800f2b4   0x000001c0   Code   RO         8444    i.gattc_cleanup     host_16bit.lib(gattc.o)
    0x0800f474   0x0800f474   0x00000064   Code   RO         8898    i.gattc_cmp_evt_handler  host_16bit.lib(gapc_task.o)
    0x0800f4d8   0x0800f4d8   0x00000016   Code   RO         8445    i.gattc_con_enable  host_16bit.lib(gattc.o)
    0x0800f4ee   0x0800f4ee   0x00000002   PAD
    0x0800f4f0   0x0800f4f0   0x0000008c   Code   RO         8446    i.gattc_create      host_16bit.lib(gattc.o)
    0x0800f57c   0x0800f57c   0x0000004c   Code   RO         8987    i.gattc_exc_mtu_cmd_handler  host_16bit.lib(gattc_task.o)
    0x0800f5c8   0x0800f5c8   0x00000010   Code   RO         8447    i.gattc_get_mtu     host_16bit.lib(gattc.o)
    0x0800f5d8   0x0800f5d8   0x0000001c   Code   RO         8449    i.gattc_get_operation  host_16bit.lib(gattc.o)
    0x0800f5f4   0x0800f5f4   0x00000010   Code   RO         8450    i.gattc_get_operation_ptr  host_16bit.lib(gattc.o)
    0x0800f604   0x0800f604   0x0000003c   Code   RO         8452    i.gattc_init        host_16bit.lib(gattc.o)
    0x0800f640   0x0800f640   0x000000a4   Code   RO         8453    i.gattc_operation_cleanup  host_16bit.lib(gattc.o)
    0x0800f6e4   0x0800f6e4   0x000000bc   Code   RO         8988    i.gattc_process_op  host_16bit.lib(gattc_task.o)
    0x0800f7a0   0x0800f7a0   0x00000048   Code   RO         8989    i.gattc_read_cfm_handler  host_16bit.lib(gattc_task.o)
    0x0800f7e8   0x0800f7e8   0x000000e8   Code   RO         8899    i.gattc_read_ind_handler  host_16bit.lib(gapc_task.o)
    0x0800f8d0   0x0800f8d0   0x000000c0   Code   RO         8900    i.gattc_read_req_ind_handler  host_16bit.lib(gapc_task.o)
    0x0800f990   0x0800f990   0x00000060   Code   RO         8990    i.gattc_read_req_ind_handler  host_16bit.lib(gattc_task.o)
    0x0800f9f0   0x0800f9f0   0x00000068   Code   RO         8455    i.gattc_send_complete_evt  host_16bit.lib(gattc.o)
    0x0800fa58   0x0800fa58   0x0000002a   Code   RO         8456    i.gattc_send_error_evt  host_16bit.lib(gattc.o)
    0x0800fa82   0x0800fa82   0x00000002   PAD
    0x0800fa84   0x0800fa84   0x00000058   Code   RO         8991    i.gattc_send_evt_cmd_handler  host_16bit.lib(gattc_task.o)
    0x0800fadc   0x0800fadc   0x00000048   Code   RO         8457    i.gattc_set_mtu     host_16bit.lib(gattc.o)
    0x0800fb24   0x0800fb24   0x00000010   Code   RO         8458    i.gattc_set_operation_ptr  host_16bit.lib(gattc.o)
    0x0800fb34   0x0800fb34   0x0000006c   Code   RO         8992    i.gattc_timeout_handler  host_16bit.lib(gattc_task.o)
    0x0800fba0   0x0800fba0   0x00000030   Code   RO         8459    i.gattc_update_state  host_16bit.lib(gattc.o)
    0x0800fbd0   0x0800fbd0   0x00000088   Code   RO         8993    i.gattc_write_cfm_handler  host_16bit.lib(gattc_task.o)
    0x0800fc58   0x0800fc58   0x000000d8   Code   RO         8901    i.gattc_write_req_ind_handler  host_16bit.lib(gapc_task.o)
    0x0800fd30   0x0800fd30   0x00000070   Code   RO         8994    i.gattc_write_req_ind_handler  host_16bit.lib(gattc_task.o)
    0x0800fda0   0x0800fda0   0x00000006   Code   RO         9012    i.gattm_cleanup     host_16bit.lib(gattm.o)
    0x0800fda6   0x0800fda6   0x00000004   Code   RO         9013    i.gattm_create      host_16bit.lib(gattm.o)
    0x0800fdaa   0x0800fdaa   0x00000004   Code   RO         9372    i.gattm_default_msg_handler  host_16bit.lib(gattm_task.o)
    0x0800fdae   0x0800fdae   0x00000002   PAD
    0x0800fdb0   0x0800fdb0   0x00000024   Code   RO         9014    i.gattm_init        host_16bit.lib(gattm.o)
    0x0800fdd4   0x0800fdd4   0x00000068   Code   RO         9015    i.gattm_init_attr   host_16bit.lib(gattm.o)
    0x0800fe3c   0x0800fe3c   0x0000000c   Code   RO         9016    i.gattm_svc_get_start_hdl  host_16bit.lib(gattm.o)
    0x0800fe48   0x0800fe48   0x0000000c   Code   RO         3045    i.get_u16           app_ble.o
    0x0800fe54   0x0800fe54   0x00000018   Code   RO         3046    i.get_u32           app_ble.o
    0x0800fe6c   0x0800fe6c   0x00000048   Code   RO         9024    i.h4tl_init         host_16bit.lib(h4tl.o)
    0x0800feb4   0x0800feb4   0x00000018   Code   RO         9025    i.h4tl_read_start   host_16bit.lib(h4tl.o)
    0x0800fecc   0x0800fecc   0x00000188   Code   RO         9026    i.h4tl_rx_done      host_16bit.lib(h4tl.o)
    0x08010054   0x08010054   0x0000000a   Code   RO         9027    i.h4tl_tx_done      host_16bit.lib(h4tl.o)
    0x0801005e   0x0801005e   0x00000002   PAD
    0x08010060   0x08010060   0x00000034   Code   RO         9028    i.h4tl_tx_evt_handler  host_16bit.lib(h4tl.o)
    0x08010094   0x08010094   0x00000030   Code   RO         9029    i.h4tl_write        host_16bit.lib(h4tl.o)
    0x080100c4   0x080100c4   0x00000206   Code   RO         3047    i.handle_command    app_ble.o
    0x080102ca   0x080102ca   0x00000002   PAD
    0x080102cc   0x080102cc   0x00000090   Code   RO         3787    i.handle_start      app_record.o
    0x0801035c   0x0801035c   0x00000028   Code   RO         3788    i.handle_stop       app_record.o
    0x08010384   0x08010384   0x00000054   Code   RO         3789    i.handle_sync       app_record.o
    0x080103d8   0x080103d8   0x00000080   Code   RO         9414    i.hci_acl_data_rx_handler  host_16bit.lib(l2cc_task.o)
    0x08010458   0x08010458   0x00000008   Code   RO         9377    i.hci_acl_rx_data_alloc  host_16bit.lib(hci_tl.o)
    0x08010460   0x08010460   0x0000004a   Code   RO         9378    i.hci_acl_rx_data_received  host_16bit.lib(hci_tl.o)
    0x080104aa   0x080104aa   0x0000001e   Code   RO         9254    i.hci_auth_payl_to_exp_evt_handler  host_16bit.lib(gapc_hci.o)
    0x080104c8   0x080104c8   0x00000094   Code   RO         9298    i.hci_basic_cmd_cmp_evt_addr_set_handler  host_16bit.lib(gapm_hci.o)
    0x0801055c   0x0801055c   0x000000d4   Code   RO         9299    i.hci_basic_cmd_cmp_evt_adv_handler  host_16bit.lib(gapm_hci.o)
    0x08010630   0x08010630   0x0000007e   Code   RO         9300    i.hci_basic_cmd_cmp_evt_cfg_handler  host_16bit.lib(gapm_hci.o)
    0x080106ae   0x080106ae   0x00000002   PAD
    0x080106b0   0x080106b0   0x000000a8   Code   RO         9301    i.hci_basic_cmd_cmp_evt_rl_handler  host_16bit.lib(gapm_hci.o)
    0x08010758   0x08010758   0x00000080   Code   RO         9302    i.hci_basic_cmd_cmp_evt_wl_handler  host_16bit.lib(gapm_hci.o)
    0x080107d8   0x080107d8   0x000000ec   Code   RO         9255    i.hci_cmd_stat_event_handler  host_16bit.lib(gapc_hci.o)
    0x080108c4   0x080108c4   0x00000058   Code   RO         9256    i.hci_disc_cmp_evt_handler  host_16bit.lib(gapc_hci.o)
    0x0801091c   0x0801091c   0x00000022   Code   RO         9257    i.hci_enc_chg_evt_handler  host_16bit.lib(gapc_hci.o)
    0x0801093e   0x0801093e   0x00000022   Code   RO         9258    i.hci_enc_key_refr_evt_handler  host_16bit.lib(gapc_hci.o)
    0x08010960   0x08010960   0x0000004c   Code   RO         9038    i.hci_evt_mask_set  host_16bit.lib(hci.o)
    0x080109ac   0x080109ac   0x000002fc   Code   RO         9379    i.hci_evt_received  host_16bit.lib(hci_tl.o)
    0x08010ca8   0x08010ca8   0x00000004   Code   RO         9523    i.hci_host_nb_cmp_pkts_cmd_pkupk  host_16bit.lib(hci_msg.o)
    0x08010cac   0x08010cac   0x0000002c   Code   RO         9039    i.hci_init          host_16bit.lib(hci.o)
    0x08010cd8   0x08010cd8   0x00000016   Code   RO         9524    i.hci_le_adv_report_evt_pkupk  host_16bit.lib(hci_msg.o)
    0x08010cee   0x08010cee   0x00000064   Code   RO         9303    i.hci_le_con_cmp_evt_handler  host_16bit.lib(gapm_hci.o)
    0x08010d52   0x08010d52   0x00000002   PAD
    0x08010d54   0x08010d54   0x00000094   Code   RO         9259    i.hci_le_con_update_cmp_evt_handler  host_16bit.lib(gapc_hci.o)
    0x08010de8   0x08010de8   0x00000036   Code   RO         9260    i.hci_le_data_len_chg_evt_handler  host_16bit.lib(gapc_hci.o)
    0x08010e1e   0x08010e1e   0x00000016   Code   RO         9525    i.hci_le_dir_adv_report_evt_pkupk  host_16bit.lib(hci_msg.o)
    0x08010e34   0x08010e34   0x00000154   Code   RO         9304    i.hci_le_enc_cmd_cmp_evt_handler  host_16bit.lib(gapm_hci.o)
    0x08010f88   0x08010f88   0x0000001c   Code   RO         9305    i.hci_le_enh_con_cmp_evt_handler  host_16bit.lib(gapm_hci.o)
    0x08010fa4   0x08010fa4   0x00000050   Code   RO         9261    i.hci_le_ltk_request_evt_handler  host_16bit.lib(gapc_hci.o)
    0x08010ff4   0x08010ff4   0x000000dc   Code   RO         9306    i.hci_le_rand_cmd_cmp_evt_handler  host_16bit.lib(gapm_hci.o)
    0x080110d0   0x080110d0   0x0000004a   Code   RO         9307    i.hci_le_rd_adv_chnl_tx_pw_cmd_cmp_evt_handler  host_16bit.lib(gapm_hci.o)
    0x0801111a   0x0801111a   0x00000024   Code   RO         9308    i.hci_le_rd_buff_size_cmd_cmp_evt_handler  host_16bit.lib(gapm_hci.o)
    0x0801113e   0x0801113e   0x00000044   Code   RO         9309    i.hci_le_rd_max_data_len_cmd_cmp_evt_handler  host_16bit.lib(gapm_hci.o)
    0x08011182   0x08011182   0x00000070   Code   RO         9310    i.hci_le_rd_ral_addr_cmd_cmp_evt_handler  host_16bit.lib(gapm_hci.o)
    0x080111f2   0x080111f2   0x00000058   Code   RO         9311    i.hci_le_rd_ral_size_cmd_cmp_evt_handler  host_16bit.lib(gapm_hci.o)
    0x0801124a   0x0801124a   0x00000002   PAD
    0x0801124c   0x0801124c   0x000000ac   Code   RO         9262    i.hci_le_rd_rem_used_feats_cmp_evt_handler  host_16bit.lib(gapc_hci.o)
    0x080112f8   0x080112f8   0x0000003c   Code   RO         9312    i.hci_le_rd_suggted_dft_data_len_cmd_cmp_evt_handler  host_16bit.lib(gapm_hci.o)
    0x08011334   0x08011334   0x00000058   Code   RO         9313    i.hci_le_rd_wlst_size_cmd_cmp_evt_handler  host_16bit.lib(gapm_hci.o)
    0x0801138c   0x0801138c   0x00000054   Code   RO         9263    i.hci_le_rem_con_param_req_evt_handler  host_16bit.lib(gapc_hci.o)
    0x080113e0   0x080113e0   0x0000002a   Code   RO         9264    i.hci_le_set_data_len_cmd_cmp_evt_handler  host_16bit.lib(gapc_hci.o)
    0x0801140a   0x0801140a   0x00000002   PAD
    0x0801140c   0x0801140c   0x00000064   Code   RO         9526    i.hci_look_for_cmd_desc  host_16bit.lib(hci_msg.o)
    0x08011470   0x08011470   0x00000028   Code   RO         9527    i.hci_look_for_evt_desc  host_16bit.lib(hci_msg.o)
    0x08011498   0x08011498   0x00000028   Code   RO         9528    i.hci_look_for_le_evt_desc  host_16bit.lib(hci_msg.o)
    0x080114c0   0x080114c0   0x00000040   Code   RO         9415    i.hci_nb_cmp_pkts_evt_handler  host_16bit.lib(l2cc_task.o)
    0x08011500   0x08011500   0x00000012   Code   RO         9314    i.hci_no_operation_cmd_cmp_evt_handler  host_16bit.lib(gapm_hci.o)
    0x08011512   0x08011512   0x0000004a   Code   RO         9265    i.hci_rd_auth_payl_to_cmd_cmp_evt_handler  host_16bit.lib(gapc_hci.o)
    0x0801155c   0x0801155c   0x00000044   Code   RO         9315    i.hci_rd_bd_addr_cmd_cmp_evt_handler  host_16bit.lib(gapm_hci.o)
    0x080115a0   0x080115a0   0x00000024   Code   RO         9316    i.hci_rd_buff_size_cmd_cmp_evt_handler  host_16bit.lib(gapm_hci.o)
    0x080115c4   0x080115c4   0x0000006a   Code   RO         9266    i.hci_rd_chnl_map_cmd_cmp_evt_handler  host_16bit.lib(gapc_hci.o)
    0x0801162e   0x0801162e   0x00000072   Code   RO         9317    i.hci_rd_local_ver_info_cmd_cmp_evt_handler  host_16bit.lib(gapm_hci.o)
    0x080116a0   0x080116a0   0x0000008c   Code   RO         9267    i.hci_rd_rem_ver_info_cmp_evt_handler  host_16bit.lib(gapc_hci.o)
    0x0801172c   0x0801172c   0x00000060   Code   RO         9268    i.hci_rd_rssi_cmd_cmp_evt_handler  host_16bit.lib(gapc_hci.o)
    0x0801178c   0x0801178c   0x00000006   Code   RO         9041    i.hci_send_2_controller  host_16bit.lib(hci.o)
    0x08011792   0x08011792   0x00000002   PAD
    0x08011794   0x08011794   0x00000030   Code   RO         9380    i.hci_tl_init       host_16bit.lib(hci_tl.o)
    0x080117c4   0x080117c4   0x00000024   Code   RO         9381    i.hci_tl_send       host_16bit.lib(hci_tl.o)
    0x080117e8   0x080117e8   0x0000004c   Code   RO         9382    i.hci_tx_done       host_16bit.lib(hci_tl.o)
    0x08011834   0x08011834   0x00000150   Code   RO         9383    i.hci_tx_start      host_16bit.lib(hci_tl.o)
    0x08011984   0x08011984   0x00000122   Code   RO         9549    i.hci_util_pack     host_16bit.lib(hci_util.o)
    0x08011aa6   0x08011aa6   0x00000148   Code   RO         9550    i.hci_util_unpack   host_16bit.lib(hci_util.o)
    0x08011bee   0x08011bee   0x00000028   Code   RO         9269    i.hci_wr_auth_payl_to_cmd_cmp_evt_handler  host_16bit.lib(gapc_hci.o)
    0x08011c16   0x08011c16   0x00000046   Code   RO         6658    i.hlt_rtc_init      hl_test.o
    0x08011c5c   0x08011c5c   0x00000018   Code   RO         4157    i.i2c_delay         bsp_i2c.o
    0x08011c74   0x08011c74   0x00000038   Code   RO         3442    i.idle_hook         app_power.o
    0x08011cac   0x08011cac   0x00000088   Code   RO         2917    i.intb_init         app_ppg.o
    0x08011d34   0x08011d34   0x00000044   Code   RO         2918    i.invalidate_window  app_ppg.o
    0x08011d78   0x08011d78   0x0000000c   Code   RO         6317    i.is_bt_busy        n32wb452_ble_api.o
    0x08011d84   0x08011d84   0x0000002a   Code   RO         3608    i.is_leap_year      app_device.o
    0x08011dae   0x08011dae   0x00000002   PAD
    0x08011db0   0x08011db0   0x00000018   Code   RO         8485    i.ke_event_callback_set  host_16bit.lib(ke_event.o)
    0x08011dc8   0x08011dc8   0x00000020   Code   RO         8486    i.ke_event_clear    host_16bit.lib(ke_event.o)
    0x08011de8   0x08011de8   0x0000000c   Code   RO         8489    i.ke_event_get_all  host_16bit.lib(ke_event.o)
    0x08011df4   0x08011df4   0x00000014   Code   RO         8490    i.ke_event_init     host_16bit.lib(ke_event.o)
    0x08011e08   0x08011e08   0x00000030   Code   RO         8491    i.ke_event_schedule  host_16bit.lib(ke_event.o)
    0x08011e38   0x08011e38   0x0000001c   Code   RO         8492    i.ke_event_set      host_16bit.lib(ke_event.o)
    0x08011e54   0x08011e54   0x000000c4   Code   RO         8503    i.ke_free           host_16bit.lib(ke_mem.o)
    0x08011f18   0x08011f18   0x00000034   Code   RO         8479    i.ke_init           host_16bit.lib(ke.o)
    0x08011f4c   0x08011f4c   0x00000012   Code   RO         8504    i.ke_is_free        host_16bit.lib(ke_mem.o)
    0x08011f5e   0x08011f5e   0x00000002   PAD
    0x08011f60   0x08011f60   0x000000d0   Code   RO         8505    i.ke_malloc         host_16bit.lib(ke_mem.o)
    0x08012030   0x08012030   0x0000004c   Code   RO         8506    i.ke_mem_init       host_16bit.lib(ke_mem.o)
    0x0801207c   0x0801207c   0x00000036   Code   RO         8514    i.ke_msg_alloc      host_16bit.lib(ke_msg.o)
    0x080120b2   0x080120b2   0x00000004   Code   RO         8533    i.ke_msg_discard    host_16bit.lib(ke_task.o)
    0x080120b6   0x080120b6   0x00000002   PAD
    0x080120b8   0x080120b8   0x00000028   Code   RO         8516    i.ke_msg_forward    host_16bit.lib(ke_msg.o)
    0x080120e0   0x080120e0   0x00000004   Code   RO         8518    i.ke_msg_free       host_16bit.lib(ke_msg.o)
    0x080120e4   0x080120e4   0x0000000c   Code   RO         8519    i.ke_msg_in_queue   host_16bit.lib(ke_msg.o)
    0x080120f0   0x080120f0   0x00000020   Code   RO         8520    i.ke_msg_send       host_16bit.lib(ke_msg.o)
    0x08012110   0x08012110   0x00000048   Code   RO         8521    i.ke_msg_send_basic  host_16bit.lib(ke_msg.o)
    0x08012158   0x08012158   0x00000006   Code   RO         8522    i.ke_msg_src_id_get  host_16bit.lib(ke_msg.o)
    0x0801215e   0x0801215e   0x0000003e   Code   RO         9048    i.ke_queue_extract  host_16bit.lib(ke_queue.o)
    0x0801219c   0x0801219c   0x00000036   Code   RO         9049    i.ke_queue_insert   host_16bit.lib(ke_queue.o)
    0x080121d2   0x080121d2   0x00000010   Code   RO         8480    i.ke_sleep_check    host_16bit.lib(ke.o)
    0x080121e2   0x080121e2   0x00000002   PAD
    0x080121e4   0x080121e4   0x00000024   Code   RO         8535    i.ke_state_get      host_16bit.lib(ke_task.o)
    0x08012208   0x08012208   0x00000064   Code   RO         8536    i.ke_state_set      host_16bit.lib(ke_task.o)
    0x0801226c   0x0801226c   0x00000028   Code   RO         8538    i.ke_task_create    host_16bit.lib(ke_task.o)
    0x08012294   0x08012294   0x0000002c   Code   RO         8540    i.ke_task_init      host_16bit.lib(ke_task.o)
    0x080122c0   0x080122c0   0x00000058   Code   RO         8541    i.ke_task_msg_flush  host_16bit.lib(ke_task.o)
    0x08012318   0x08012318   0x0000010c   Code   RO         8542    i.ke_task_schedule  host_16bit.lib(ke_task.o)
    0x08012424   0x08012424   0x0000002c   Code   RO         8557    i.ke_timer_active   host_16bit.lib(ke_timer.o)
    0x08012450   0x08012450   0x00000080   Code   RO         8559    i.ke_timer_clear    host_16bit.lib(ke_timer.o)
    0x080124d0   0x080124d0   0x0000000c   Code   RO         8560    i.ke_timer_init     host_16bit.lib(ke_timer.o)
    0x080124dc   0x080124dc   0x00000040   Code   RO         8561    i.ke_timer_schedule  host_16bit.lib(ke_timer.o)
    0x0801251c   0x0801251c   0x000000cc   Code   RO         8562    i.ke_timer_set      host_16bit.lib(ke_timer.o)
    0x080125e8   0x080125e8   0x00000080   Code   RO         3443    i.key_init          app_power.o
    0x08012668   0x08012668   0x0000009c   Code   RO         3444    i.key_timeout_callback  app_power.o
    0x08012704   0x08012704   0x00000004   Code   RO         9289    i.l2c_code_conn_param_upd_req_handler  host_16bit.lib(gapc_sig.o)
    0x08012708   0x08012708   0x0000003c   Code   RO         9561    i.l2c_code_conn_param_upd_req_handler  host_16bit.lib(l2cc_sig.o)
    0x08012744   0x08012744   0x00000044   Code   RO         9290    i.l2c_code_conn_param_upd_resp_handler  host_16bit.lib(gapc_sig.o)
    0x08012788   0x08012788   0x0000001c   Code   RO         9562    i.l2c_code_conn_param_upd_resp_handler  host_16bit.lib(l2cc_sig.o)
    0x080127a4   0x080127a4   0x00000050   Code   RO         9291    i.l2c_code_reject_handler  host_16bit.lib(gapc_sig.o)
    0x080127f4   0x080127f4   0x0000001c   Code   RO         9563    i.l2c_code_reject_handler  host_16bit.lib(l2cc_sig.o)
    0x08012810   0x08012810   0x00000134   Code   RO         9392    i.l2cc_cleanup      host_16bit.lib(l2cc.o)
    0x08012944   0x08012944   0x00000028   Code   RO         8902    i.l2cc_cmp_evt_handler  host_16bit.lib(gapc_task.o)
    0x0801296c   0x0801296c   0x00000048   Code   RO         8995    i.l2cc_cmp_evt_handler  host_16bit.lib(gattc_task.o)
    0x080129b4   0x080129b4   0x00000044   Code   RO         9393    i.l2cc_create       host_16bit.lib(l2cc.o)
    0x080129f8   0x080129f8   0x00000130   Code   RO         9394    i.l2cc_data_send    host_16bit.lib(l2cc.o)
    0x08012b28   0x08012b28   0x00000038   Code   RO         9416    i.l2cc_dbg_pdu_send_cmd_handler  host_16bit.lib(l2cc_task.o)
    0x08012b60   0x08012b60   0x00000004   Code   RO         9417    i.l2cc_default_msg_handler  host_16bit.lib(l2cc_task.o)
    0x08012b64   0x08012b64   0x00000040   Code   RO         9397    i.l2cc_init         host_16bit.lib(l2cc.o)
    0x08012ba4   0x08012ba4   0x00000038   Code   RO         9418    i.l2cc_lecb_sdu_send_cmd_handler  host_16bit.lib(l2cc_task.o)
    0x08012bdc   0x08012bdc   0x0000002c   Code   RO         9419    i.l2cc_pdu_alloc    host_16bit.lib(l2cc_task.o)
    0x08012c08   0x08012c08   0x000000d8   Code   RO         9553    i.l2cc_pdu_header_check  host_16bit.lib(l2cc_pdu.o)
    0x08012ce0   0x08012ce0   0x0000025c   Code   RO         9554    i.l2cc_pdu_pack     host_16bit.lib(l2cc_pdu.o)
    0x08012f3c   0x08012f3c   0x00000066   Code   RO         8903    i.l2cc_pdu_recv_ind_handler  host_16bit.lib(gapc_task.o)
    0x08012fa2   0x08012fa2   0x00000064   Code   RO         8996    i.l2cc_pdu_recv_ind_handler  host_16bit.lib(gattc_task.o)
    0x08013006   0x08013006   0x00000072   Code   RO         9420    i.l2cc_pdu_recv_ind_handler  host_16bit.lib(l2cc_task.o)
    0x08013078   0x08013078   0x00000006   Code   RO         9421    i.l2cc_pdu_send     host_16bit.lib(l2cc_task.o)
    0x0801307e   0x0801307e   0x00000002   PAD
    0x08013080   0x08013080   0x0000005c   Code   RO         9422    i.l2cc_pdu_send_cmd_handler  host_16bit.lib(l2cc_task.o)
    0x080130dc   0x080130dc   0x00000224   Code   RO         9555    i.l2cc_pdu_unpack   host_16bit.lib(l2cc_pdu.o)
    0x08013300   0x08013300   0x0000002e   Code   RO         9399    i.l2cc_send_error_evt  host_16bit.lib(l2cc.o)
    0x0801332e   0x0801332e   0x00000002   PAD
    0x08013330   0x08013330   0x00000044   Code   RO         9564    i.l2cc_sig_pdu_recv_handler  host_16bit.lib(l2cc_sig.o)
    0x08013374   0x08013374   0x0000006c   Code   RO         9565    i.l2cc_sig_send_cmd_reject  host_16bit.lib(l2cc_sig.o)
    0x080133e0   0x080133e0   0x00000006   Code   RO         9052    i.l2cm_cleanup      host_16bit.lib(l2cm.o)
    0x080133e6   0x080133e6   0x00000004   Code   RO         9053    i.l2cm_create       host_16bit.lib(l2cm.o)
    0x080133ea   0x080133ea   0x00000002   PAD
    0x080133ec   0x080133ec   0x0000000c   Code   RO         9054    i.l2cm_get_nb_buffer_available  host_16bit.lib(l2cm.o)
    0x080133f8   0x080133f8   0x00000030   Code   RO         9055    i.l2cm_init         host_16bit.lib(l2cm.o)
    0x08013428   0x08013428   0x00000058   Code   RO         9056    i.l2cm_l2cap_tx_handler  host_16bit.lib(l2cm.o)
    0x08013480   0x08013480   0x00000010   Code   RO         9057    i.l2cm_set_link_layer_buff_size  host_16bit.lib(l2cm.o)
    0x08013490   0x08013490   0x00000030   Code   RO         9058    i.l2cm_tx_status    host_16bit.lib(l2cm.o)
    0x080134c0   0x080134c0   0x00000134   Code   RO         4702    i.legacy_metrics    spo2_advanced.o
    0x080135f4   0x080135f4   0x0000001c   Code   RO         3445    i.locks_clear       app_power.o
    0x08013610   0x08013610   0x00000054   Code   RO         2800    i.main              app_main.o
    0x08013664   0x08013664   0x0000000a   Code   RO         5266    i.main_thread_entry  components.o
    0x0801366e   0x0801366e   0x00000046   Code   RO         4703    i.median_large      spo2_advanced.o
    0x080136b4   0x080136b4   0x000000a0   Code   RO         4704    i.median_raw        spo2_advanced.o
    0x08013754   0x08013754   0x00000058   Code   RO         4705    i.median_values     spo2_advanced.o
    0x080137ac   0x080137ac   0x000001e4   Code   RO         4706    i.normalize_raw     spo2_advanced.o
    0x08013990   0x08013990   0x0000002c   Code   RO         4707    i.normalized_beat   spo2_advanced.o
    0x080139bc   0x080139bc   0x00000048   Code   RO         3048    i.notify_packet     app_ble.o
    0x08013a04   0x08013a04   0x0000000c   Code   RO         8572    i.nvds_erase        host_16bit.lib(nvds.o)
    0x08013a10   0x08013a10   0x00000084   Code   RO         8573    i.nvds_get          host_16bit.lib(nvds.o)
    0x08013a94   0x08013a94   0x00000064   Code   RO         8574    i.nvds_init         host_16bit.lib(nvds.o)
    0x08013af8   0x08013af8   0x000001d4   Code   RO         8575    i.nvds_put          host_16bit.lib(nvds.o)
    0x08013ccc   0x08013ccc   0x0000000c   Code   RO         8576    i.nvds_read         host_16bit.lib(nvds.o)
    0x08013cd8   0x08013cd8   0x0000000c   Code   RO         8577    i.nvds_write        host_16bit.lib(nvds.o)
    0x08013ce4   0x08013ce4   0x000001c0   Code   RO         4708    i.paired_time_r     spo2_advanced.o
    0x08013ea4   0x08013ea4   0x00000054   Code   RO         3446    i.pins_analog       app_power.o
    0x08013ef8   0x08013ef8   0x00000002   Code   RO         8587    i.platform_reset    host_16bit.lib(rwip.o)
    0x08013efa   0x08013efa   0x00000002   PAD
    0x08013efc   0x08013efc   0x00000078   Code   RO         5742    i.plug_holes        mem.o
    0x08013f74   0x08013f74   0x00000014   Code   RO         3447    i.power_thread_entry  app_power.o
    0x08013f88   0x08013f88   0x00000068   Code   RO         2919    i.ppg_thread_entry  app_ppg.o
    0x08013ff0   0x08013ff0   0x00000098   Code   RO         4709    i.prepare_beat      spo2_advanced.o
    0x08014088   0x08014088   0x000000b0   Code   RO         7305    i.prf_add_profile   prf.o
    0x08014138   0x08014138   0x00000044   Code   RO         7306    i.prf_cleanup       prf.o
    0x0801417c   0x0801417c   0x0000003c   Code   RO         7307    i.prf_create        prf.o
    0x080141b8   0x080141b8   0x00000038   Code   RO         7309    i.prf_env_get       prf.o
    0x080141f0   0x080141f0   0x00000040   Code   RO         7311    i.prf_get_task_from_id  prf.o
    0x08014230   0x08014230   0x000000f8   Code   RO         7312    i.prf_init          prf.o
    0x08014328   0x08014328   0x0000001c   Code   RO         7313    i.prf_itf_get       prf.o
    0x08014344   0x08014344   0x00000014   Code   RO         7314    i.prf_src_task_get  prf.o
    0x08014358   0x08014358   0x00000034   Code   RO         3049    i.process_stack_events  app_ble.o
    0x0801438c   0x0801438c   0x00000010   Code   RO         3050    i.put_u32           app_ble.o
    0x0801439c   0x0801439c   0x00000028   Code   RO         3051    i.queue_ack         app_ble.o
    0x080143c4   0x080143c4   0x000000ec   Code   RO         3052    i.queue_device_status  app_ble.o
    0x080144b0   0x080144b0   0x00000044   Code   RO         3053    i.queue_protocol    app_ble.o
    0x080144f4   0x080144f4   0x00000074   Code   RO         3054    i.queue_record_info  app_ble.o
    0x08014568   0x08014568   0x00000030   Code   RO         3055    i.queue_tx_item     app_ble.o
    0x08014598   0x08014598   0x000000e8   Code   RO         2920    i.read_fifo_once    app_ppg.o
    0x08014680   0x08014680   0x00000098   Code   RO         3790    i.record_thread_entry  app_record.o
    0x08014718   0x08014718   0x00000020   Code   RO         3791    i.record_valid      app_record.o
    0x08014738   0x08014738   0x000000b4   Code   RO         3792    i.recover_records   app_record.o
    0x080147ec   0x080147ec   0x000000e4   Code   RO         4710    i.refine            spo2_advanced.o
    0x080148d0   0x080148d0   0x000000b0   Code   RO         4711    i.resampled_value   spo2_advanced.o
    0x08014980   0x08014980   0x00000030   Code   RO         5267    i.rt_application_init  components.o
    0x080149b0   0x080149b0   0x00000020   Code   RO         5911    i.rt_enter_critical  scheduler.o
    0x080149d0   0x080149d0   0x00000044   Code   RO         5912    i.rt_exit_critical  scheduler.o
    0x08014a14   0x08014a14   0x0000008c   Code   RO         5744    i.rt_free           mem.o
    0x08014aa0   0x08014aa0   0x0000009c   Code   RO         5134    i.rt_hw_board_init  board.o
    0x08014b3c   0x08014b3c   0x0000002c   Code   RO         6265    i.rt_hw_hard_fault_exception  cpuport.o
    0x08014b68   0x08014b68   0x00000050   Code   RO         6266    i.rt_hw_stack_init  cpuport.o
    0x08014bb8   0x08014bb8   0x00000034   Code   RO         5545    i.rt_interrupt_enter  irq.o
    0x08014bec   0x08014bec   0x00000034   Code   RO         5548    i.rt_interrupt_leave  irq.o
    0x08014c20   0x08014c20   0x00000014   Code   RO         5363    i.rt_ipc_list_resume  ipc.o
    0x08014c34   0x08014c34   0x0000006c   Code   RO         5365    i.rt_ipc_list_suspend  ipc.o
    0x08014ca0   0x08014ca0   0x00000010   Code   RO         5366    i.rt_ipc_object_init  ipc.o
    0x08014cb0   0x08014cb0   0x00000006   Code   RO         5367    i.rt_list_init      ipc.o
    0x08014cb6   0x08014cb6   0x00000006   Code   RO         5913    i.rt_list_init      scheduler.o
    0x08014cbc   0x08014cbc   0x00000006   Code   RO         6132    i.rt_list_init      timer.o
    0x08014cc2   0x08014cc2   0x0000000e   Code   RO         5804    i.rt_list_insert_after  object.o
    0x08014cd0   0x08014cd0   0x0000000e   Code   RO         5984    i.rt_list_insert_after  thread.o
    0x08014cde   0x08014cde   0x0000000e   Code   RO         6133    i.rt_list_insert_after  timer.o
    0x08014cec   0x08014cec   0x0000000e   Code   RO         5368    i.rt_list_insert_before  ipc.o
    0x08014cfa   0x08014cfa   0x00000010   Code   RO         5369    i.rt_list_isempty   ipc.o
    0x08014d0a   0x08014d0a   0x00000010   Code   RO         6134    i.rt_list_isempty   timer.o
    0x08014d1a   0x08014d1a   0x00000012   Code   RO         5805    i.rt_list_remove    object.o
    0x08014d2c   0x08014d2c   0x00000012   Code   RO         5985    i.rt_list_remove    thread.o
    0x08014d3e   0x08014d3e   0x00000002   PAD
    0x08014d40   0x08014d40   0x00000188   Code   RO         5746    i.rt_malloc         mem.o
    0x08014ec8   0x08014ec8   0x0000007c   Code   RO         5591    i.rt_memcpy         kservice.o
    0x08014f44   0x08014f44   0x00000048   Code   RO         5593    i.rt_memset         kservice.o
    0x08014f8c   0x08014f8c   0x00000072   Code   RO         5374    i.rt_mq_init        ipc.o
    0x08014ffe   0x08014ffe   0x00000002   PAD
    0x08015000   0x08015000   0x0000015c   Code   RO         5375    i.rt_mq_recv        ipc.o
    0x0801515c   0x0801515c   0x00000016   Code   RO         5376    i.rt_mq_send        ipc.o
    0x08015172   0x08015172   0x00000002   PAD
    0x08015174   0x08015174   0x0000012c   Code   RO         5377    i.rt_mq_send_wait   ipc.o
    0x080152a0   0x080152a0   0x0000006c   Code   RO         5806    i.rt_object_allocate  object.o
    0x0801530c   0x0801530c   0x0000003c   Code   RO         5808    i.rt_object_delete  object.o
    0x08015348   0x08015348   0x00000034   Code   RO         5809    i.rt_object_detach  object.o
    0x0801537c   0x0801537c   0x00000028   Code   RO         5812    i.rt_object_get_information  object.o
    0x080153a4   0x080153a4   0x0000006c   Code   RO         5814    i.rt_object_init    object.o
    0x08015410   0x08015410   0x00000012   Code   RO         5815    i.rt_object_is_systemobject  object.o
    0x08015422   0x08015422   0x00000002   PAD
    0x08015424   0x08015424   0x0000009c   Code   RO         5914    i.rt_schedule       scheduler.o
    0x080154c0   0x080154c0   0x00000050   Code   RO         5915    i.rt_schedule_insert_thread  scheduler.o
    0x08015510   0x08015510   0x00000054   Code   RO         5916    i.rt_schedule_remove_thread  scheduler.o
    0x08015564   0x08015564   0x00000026   Code   RO         5383    i.rt_sem_init       ipc.o
    0x0801558a   0x0801558a   0x00000002   PAD
    0x0801558c   0x0801558c   0x00000050   Code   RO         5384    i.rt_sem_release    ipc.o
    0x080155dc   0x080155dc   0x000000a0   Code   RO         5385    i.rt_sem_take       ipc.o
    0x0801567c   0x0801567c   0x00000002   Code   RO         5595    i.rt_show_version   kservice.o
    0x0801567e   0x0801567e   0x00000002   PAD
    0x08015680   0x08015680   0x000000a8   Code   RO         6135    i.rt_soft_timer_check  timer.o
    0x08015728   0x08015728   0x00000034   Code   RO         5603    i.rt_strncpy        kservice.o
    0x0801575c   0x0801575c   0x000000b0   Code   RO         5750    i.rt_system_heap_init  mem.o
    0x0801580c   0x0801580c   0x0000004c   Code   RO         5918    i.rt_system_scheduler_init  scheduler.o
    0x08015858   0x08015858   0x00000030   Code   RO         5919    i.rt_system_scheduler_start  scheduler.o
    0x08015888   0x08015888   0x0000001c   Code   RO         6136    i.rt_system_timer_init  timer.o
    0x080158a4   0x080158a4   0x00000054   Code   RO         6137    i.rt_system_timer_thread_init  timer.o
    0x080158f8   0x080158f8   0x00000050   Code   RO         5987    i.rt_thread_create  thread.o
    0x08015948   0x08015948   0x0000000c   Code   RO         5988    i.rt_thread_delay   thread.o
    0x08015954   0x08015954   0x00000054   Code   RO         5992    i.rt_thread_exit    thread.o
    0x080159a8   0x080159a8   0x00000028   Code   RO         5306    i.rt_thread_idle_entry  idle.o
    0x080159d0   0x080159d0   0x0000008c   Code   RO         5307    i.rt_thread_idle_excute  idle.o
    0x08015a5c   0x08015a5c   0x0000003c   Code   RO         5309    i.rt_thread_idle_init  idle.o
    0x08015a98   0x08015a98   0x00000040   Code   RO         5310    i.rt_thread_idle_sethook  idle.o
    0x08015ad8   0x08015ad8   0x00000034   Code   RO         5994    i.rt_thread_init    thread.o
    0x08015b0c   0x08015b0c   0x00000014   Code   RO         5996    i.rt_thread_mdelay  thread.o
    0x08015b20   0x08015b20   0x00000054   Code   RO         5997    i.rt_thread_resume  thread.o
    0x08015b74   0x08015b74   0x0000000c   Code   RO         5999    i.rt_thread_self    thread.o
    0x08015b80   0x08015b80   0x00000044   Code   RO         6000    i.rt_thread_sleep   thread.o
    0x08015bc4   0x08015bc4   0x0000002c   Code   RO         6001    i.rt_thread_startup  thread.o
    0x08015bf0   0x08015bf0   0x0000005c   Code   RO         6002    i.rt_thread_suspend  thread.o
    0x08015c4c   0x08015c4c   0x00000020   Code   RO         6004    i.rt_thread_timeout  thread.o
    0x08015c6c   0x08015c6c   0x00000044   Code   RO         6138    i.rt_thread_timer_entry  timer.o
    0x08015cb0   0x08015cb0   0x00000064   Code   RO         6005    i.rt_thread_yield   thread.o
    0x08015d14   0x08015d14   0x00000038   Code   RO         5225    i.rt_tick_from_millisecond  clock_1.o
    0x08015d4c   0x08015d4c   0x0000000c   Code   RO         5226    i.rt_tick_get       clock_1.o
    0x08015d58   0x08015d58   0x00000030   Code   RO         5227    i.rt_tick_increase  clock_1.o
    0x08015d88   0x08015d88   0x0000001c   Code   RO         5228    i.rt_tick_set       clock_1.o
    0x08015da4   0x08015da4   0x000000a8   Code   RO         6139    i.rt_timer_check    timer.o
    0x08015e4c   0x08015e4c   0x00000038   Code   RO         6140    i.rt_timer_control  timer.o
    0x08015e84   0x08015e84   0x00000020   Code   RO         6143    i.rt_timer_detach   timer.o
    0x08015ea4   0x08015ea4   0x0000002e   Code   RO         6146    i.rt_timer_init     timer.o
    0x08015ed2   0x08015ed2   0x0000001c   Code   RO         6147    i.rt_timer_list_next_timeout  timer.o
    0x08015eee   0x08015eee   0x00000002   PAD
    0x08015ef0   0x08015ef0   0x00000140   Code   RO         6149    i.rt_timer_start    timer.o
    0x08016030   0x08016030   0x00000048   Code   RO         6150    i.rt_timer_stop     timer.o
    0x08016078   0x08016078   0x00000018   Code   RO         3448    i.rtc_elapsed_units  app_power.o
    0x08016090   0x08016090   0x00000066   Code   RO         3449    i.rtc_units_now     app_power.o
    0x080160f6   0x080160f6   0x0000002a   Code   RO         5268    i.rtthread_startup  components.o
    0x08016120   0x08016120   0x00000038   Code   RO         3056    i.run_stack_until_idle  app_ble.o
    0x08016158   0x08016158   0x0000001e   Code   RO         9067    i.rwble_hl_init     host_16bit.lib(rwble_hl.o)
    0x08016176   0x08016176   0x0000001e   Code   RO         9068    i.rwble_hl_reset    host_16bit.lib(rwble_hl.o)
    0x08016194   0x08016194   0x0000001c   Code   RO         7781    i.rwip_eif_get      interface.o
    0x080161b0   0x080161b0   0x0000006c   Code   RO         8588    i.rwip_init         host_16bit.lib(rwip.o)
    0x0801621c   0x0801621c   0x00000004   Code   RO         8590    i.rwip_schedule     host_16bit.lib(rwip.o)
    0x08016220   0x08016220   0x000000b2   Code   RO         4712    i.select_value      spo2_advanced.o
    0x080162d2   0x080162d2   0x00000002   PAD
    0x080162d4   0x080162d4   0x00000034   Code   RO         3793    i.send_control      app_record.o
    0x08016308   0x08016308   0x0000003c   Code   RO         3057    i.send_pending_battery  app_ble.o
    0x08016344   0x08016344   0x0000004c   Code   RO         3058    i.send_result_group  app_ble.o
    0x08016390   0x08016390   0x00000080   Code   RO         3059    i.send_tx_item      app_ble.o
    0x08016410   0x08016410   0x0000017c   Code   RO         7782    i.send_vendor_array  interface.o
    0x0801658c   0x0801658c   0x00000048   Code   RO         7783    i.send_vendor_bypass_command  interface.o
    0x080165d4   0x080165d4   0x00000030   Code   RO         3609    i.set_sampling      app_device.o
    0x08016604   0x08016604   0x00000044   Code   RO         3450    i.shallow_sleep_once  app_power.o
    0x08016648   0x08016648   0x00000114   Code   RO         9437    i.smpc_calc_confirm_cont  host_16bit.lib(smpc_api.o)
    0x0801675c   0x0801675c   0x000000c4   Code   RO         9071    i.smpc_calc_subkeys  host_16bit.lib(smpc.o)
    0x08016820   0x08016820   0x00000090   Code   RO         9072    i.smpc_check_key_distrib  host_16bit.lib(smpc.o)
    0x080168b0   0x080168b0   0x00000028   Code   RO         9073    i.smpc_check_max_key_size  host_16bit.lib(smpc.o)
    0x080168d8   0x080168d8   0x00000084   Code   RO         9465    i.smpc_check_param  host_16bit.lib(smpc_util.o)
    0x0801695c   0x0801695c   0x00000064   Code   RO         9075    i.smpc_check_repeated_attempts  host_16bit.lib(smpc.o)
    0x080169c0   0x080169c0   0x0000003c   Code   RO         9076    i.smpc_clear_timeout_timer  host_16bit.lib(smpc.o)
    0x080169fc   0x080169fc   0x00000064   Code   RO         9438    i.smpc_confirm_gen_rand  host_16bit.lib(smpc_api.o)
    0x08016a60   0x08016a60   0x0000001a   Code   RO         9466    i.smpc_construct_enc_info_pdu  host_16bit.lib(smpc_util.o)
    0x08016a7a   0x08016a7a   0x00000018   Code   RO         9467    i.smpc_construct_id_addr_info_pdu  host_16bit.lib(smpc_util.o)
    0x08016a92   0x08016a92   0x0000001a   Code   RO         9468    i.smpc_construct_id_info_pdu  host_16bit.lib(smpc_util.o)
    0x08016aac   0x08016aac   0x00000012   Code   RO         9469    i.smpc_construct_mst_id_pdu  host_16bit.lib(smpc_util.o)
    0x08016abe   0x08016abe   0x0000001a   Code   RO         9470    i.smpc_construct_pair_cfm_pdu  host_16bit.lib(smpc_util.o)
    0x08016ad8   0x08016ad8   0x00000006   Code   RO         9471    i.smpc_construct_pair_fail_pdu  host_16bit.lib(smpc_util.o)
    0x08016ade   0x08016ade   0x0000001a   Code   RO         9472    i.smpc_construct_pair_rand_pdu  host_16bit.lib(smpc_util.o)
    0x08016af8   0x08016af8   0x0000000e   Code   RO         9473    i.smpc_construct_pair_req_pdu  host_16bit.lib(smpc_util.o)
    0x08016b06   0x08016b06   0x0000000e   Code   RO         9474    i.smpc_construct_pair_rsp_pdu  host_16bit.lib(smpc_util.o)
    0x08016b14   0x08016b14   0x00000006   Code   RO         9475    i.smpc_construct_sec_req_pdu  host_16bit.lib(smpc_util.o)
    0x08016b1a   0x08016b1a   0x0000001a   Code   RO         9476    i.smpc_construct_sign_info_pdu  host_16bit.lib(smpc_util.o)
    0x08016b34   0x08016b34   0x00000038   Code   RO         9439    i.smpc_encrypt_cfm  host_16bit.lib(smpc_api.o)
    0x08016b6c   0x08016b6c   0x00000032   Code   RO         9440    i.smpc_encrypt_start_handler  host_16bit.lib(smpc_api.o)
    0x08016b9e   0x08016b9e   0x00000002   PAD
    0x08016ba0   0x08016ba0   0x000000e0   Code   RO         9077    i.smpc_generate_cfm  host_16bit.lib(smpc.o)
    0x08016c80   0x08016c80   0x0000008c   Code   RO         9078    i.smpc_generate_ci  host_16bit.lib(smpc.o)
    0x08016d0c   0x08016d0c   0x000000f8   Code   RO         9079    i.smpc_generate_e1  host_16bit.lib(smpc.o)
    0x08016e04   0x08016e04   0x00000064   Code   RO         9080    i.smpc_generate_l   host_16bit.lib(smpc.o)
    0x08016e68   0x08016e68   0x00000030   Code   RO         9081    i.smpc_generate_rand  host_16bit.lib(smpc.o)
    0x08016e98   0x08016e98   0x00000084   Code   RO         9082    i.smpc_generate_stk  host_16bit.lib(smpc.o)
    0x08016f1c   0x08016f1c   0x00000094   Code   RO         9083    i.smpc_get_key_sec_prop  host_16bit.lib(smpc.o)
    0x08016fb0   0x08016fb0   0x00000104   Code   RO         9084    i.smpc_handle_enc_change_evt  host_16bit.lib(smpc.o)
    0x080170b4   0x080170b4   0x0000002c   Code   RO         9085    i.smpc_is_sec_mode_reached  host_16bit.lib(smpc.o)
    0x080170e0   0x080170e0   0x0000004c   Code   RO         9086    i.smpc_launch_rep_att_timer  host_16bit.lib(smpc.o)
    0x0801712c   0x0801712c   0x00000054   Code   RO         9442    i.smpc_pairing_csrk_exch  host_16bit.lib(smpc_api.o)
    0x08017180   0x08017180   0x00000094   Code   RO         9087    i.smpc_pairing_end  host_16bit.lib(smpc.o)
    0x08017214   0x08017214   0x00000048   Code   RO         9443    i.smpc_pairing_irk_exch  host_16bit.lib(smpc_api.o)
    0x0801725c   0x0801725c   0x00000074   Code   RO         9444    i.smpc_pairing_ltk_exch  host_16bit.lib(smpc_api.o)
    0x080172d0   0x080172d0   0x0000003c   Code   RO         9445    i.smpc_pairing_req_handler  host_16bit.lib(smpc_api.o)
    0x0801730c   0x0801730c   0x000000ec   Code   RO         9446    i.smpc_pairing_rsp  host_16bit.lib(smpc_api.o)
    0x080173f8   0x080173f8   0x00000080   Code   RO         9447    i.smpc_pairing_tk_exch  host_16bit.lib(smpc_api.o)
    0x08017478   0x08017478   0x0000005c   Code   RO         9088    i.smpc_pdu_recv     host_16bit.lib(smpc.o)
    0x080174d4   0x080174d4   0x00000098   Code   RO         9089    i.smpc_pdu_send     host_16bit.lib(smpc.o)
    0x0801756c   0x0801756c   0x00000044   Code   RO         9477    i.smpc_recv_enc_info_pdu  host_16bit.lib(smpc_util.o)
    0x080175b0   0x080175b0   0x0000005c   Code   RO         9478    i.smpc_recv_id_addr_info_pdu  host_16bit.lib(smpc_util.o)
    0x0801760c   0x0801760c   0x00000044   Code   RO         9479    i.smpc_recv_id_info_pdu  host_16bit.lib(smpc_util.o)
    0x08017650   0x08017650   0x00000068   Code   RO         9480    i.smpc_recv_mst_id_pdu  host_16bit.lib(smpc_util.o)
    0x080176b8   0x080176b8   0x00000084   Code   RO         9481    i.smpc_recv_pair_cfm_pdu  host_16bit.lib(smpc_util.o)
    0x0801773c   0x0801773c   0x00000040   Code   RO         9482    i.smpc_recv_pair_fail_pdu  host_16bit.lib(smpc_util.o)
    0x0801777c   0x0801777c   0x00000060   Code   RO         9483    i.smpc_recv_pair_rand_pdu  host_16bit.lib(smpc_util.o)
    0x080177dc   0x080177dc   0x000000bc   Code   RO         9484    i.smpc_recv_pair_req_pdu  host_16bit.lib(smpc_util.o)
    0x08017898   0x08017898   0x00000004   Code   RO         9485    i.smpc_recv_pair_rsp_pdu  host_16bit.lib(smpc_util.o)
    0x0801789c   0x0801789c   0x00000004   Code   RO         9486    i.smpc_recv_sec_req_pdu  host_16bit.lib(smpc_util.o)
    0x080178a0   0x080178a0   0x00000034   Code   RO         9487    i.smpc_recv_sign_info_pdu  host_16bit.lib(smpc_util.o)
    0x080178d4   0x080178d4   0x0000005c   Code   RO         9448    i.smpc_security_req_send  host_16bit.lib(smpc_api.o)
    0x08017930   0x08017930   0x0000008c   Code   RO         9090    i.smpc_send_ltk_req_rsp  host_16bit.lib(smpc.o)
    0x080179bc   0x080179bc   0x000000d4   Code   RO         9091    i.smpc_send_pairing_ind  host_16bit.lib(smpc.o)
    0x08017a90   0x08017a90   0x000000c8   Code   RO         9092    i.smpc_send_pairing_req_ind  host_16bit.lib(smpc.o)
    0x08017b58   0x08017b58   0x000000f4   Code   RO         9449    i.smpc_sign_command  host_16bit.lib(smpc_api.o)
    0x08017c4c   0x08017c4c   0x000001ec   Code   RO         9450    i.smpc_sign_cont    host_16bit.lib(smpc_api.o)
    0x08017e38   0x08017e38   0x000000b8   Code   RO         9095    i.smpc_tkdp_rcp_continue  host_16bit.lib(smpc.o)
    0x08017ef0   0x08017ef0   0x00000114   Code   RO         9097    i.smpc_tkdp_send_continue  host_16bit.lib(smpc.o)
    0x08018004   0x08018004   0x00000038   Code   RO         9098    i.smpc_tkdp_send_start  host_16bit.lib(smpc.o)
    0x0801803c   0x0801803c   0x0000001e   Code   RO         9099    i.smpc_xor          host_16bit.lib(smpc.o)
    0x0801805a   0x0801805a   0x0000002e   Code   RO         9513    i.smpm_gen_rand_addr  host_16bit.lib(smpm_api.o)
    0x08018088   0x08018088   0x0000001a   Code   RO         9514    i.smpm_gen_rand_nb  host_16bit.lib(smpm_api.o)
    0x080180a2   0x080180a2   0x0000004a   Code   RO         9515    i.smpm_resolv_addr  host_16bit.lib(smpm_api.o)
    0x080180ec   0x080180ec   0x0000003c   Code   RO         9516    i.smpm_send_encrypt_req  host_16bit.lib(smpm_api.o)
    0x08018128   0x08018128   0x0000003c   Code   RO         9517    i.smpm_use_enc_block  host_16bit.lib(smpm_api.o)
    0x08018164   0x08018164   0x00000056   Code   RO         4713    i.sort_values       spo2_advanced.o
    0x080181ba   0x080181ba   0x00000002   PAD
    0x080181bc   0x080181bc   0x000000c4   Code   RO         4714    i.spo2_from_r       spo2_advanced.o
    0x08018280   0x08018280   0x000001cc   Code   RO         3399    i.spo2_thread_entry  app_spo2.o
    0x0801844c   0x0801844c   0x00000174   Code   RO         3400    i.stabilize_heart_rate  app_spo2.o
    0x080185c0   0x080185c0   0x000000e4   Code   RO         2921    i.start_sampling    app_ppg.o
    0x080186a4   0x080186a4   0x00000018   Code   RO         3610    i.state_thread_entry  app_device.o
    0x080186bc   0x080186bc   0x00000034   Code   RO         3451    i.stop0_allowed     app_power.o
    0x080186f0   0x080186f0   0x000001b4   Code   RO         2922    i.store_pairs       app_ppg.o
    0x080188a4   0x080188a4   0x00000068   Code   RO         4715    i.trimmed_mean      spo2_advanced.o
    0x0801890c   0x0801890c   0x000000c8   Code   RO         3611    i.unix_to_datetime  app_device.o
    0x080189d4   0x080189d4   0x000000d4   Code   RO         3612    i.update_sampling_state  app_device.o
    0x08018aa8   0x08018aa8   0x0000000a   Code   RO         7412    i.user_att_hdl_get  user.o
    0x08018ab2   0x08018ab2   0x00000012   Code   RO         7413    i.user_att_idx_get  user.o
    0x08018ac4   0x08018ac4   0x0000002a   Code   RO         7414    i.user_cleanup      user.o
    0x08018aee   0x08018aee   0x0000000c   Code   RO         7415    i.user_create       user.o
    0x08018afa   0x08018afa   0x00000002   PAD
    0x08018afc   0x08018afc   0x000000c8   Code   RO         7510    i.user_data_notify_req_handler  user_task.o
    0x08018bc4   0x08018bc4   0x0000001c   Code   RO         7416    i.user_destroy      user.o
    0x08018be0   0x08018be0   0x0000005a   Code   RO         7511    i.user_enable_req_handler  user_task.o
    0x08018c3a   0x08018c3a   0x000000de   Code   RO         7417    i.user_exe_operation  user.o
    0x08018d18   0x08018d18   0x0000003e   Code   RO         7512    i.user_gattc_att_info_req_ind_handler  user_task.o
    0x08018d56   0x08018d56   0x00000022   Code   RO         7513    i.user_gattc_cmp_evt_handler  user_task.o
    0x08018d78   0x08018d78   0x0000006e   Code   RO         7514    i.user_gattc_read_req_ind_handler  user_task.o
    0x08018de6   0x08018de6   0x00000002   PAD
    0x08018de8   0x08018de8   0x000000e4   Code   RO         7515    i.user_gattc_write_req_ind_handler  user_task.o
    0x08018ecc   0x08018ecc   0x000000b8   Code   RO         7418    i.user_init         user.o
    0x08018f84   0x08018f84   0x00000008   Code   RO         7419    i.user_prf_itf_get  user.o
    0x08018f8c   0x08018f8c   0x0000002e   Code   RO         7420    i.user_update_ntf_ind_cfg  user.o
    0x08018fba   0x08018fba   0x00000002   PAD
    0x08018fbc   0x08018fbc   0x0000005c   Code   RO         4039    i.wait_flag         bsp_hw_i2c.o
    0x08019018   0x08019018   0x00000026   Code   RO         7784    i.wait_for_status_enable  interface.o
    0x0801903e   0x0801903e   0x00000002   PAD
    0x08019040   0x08019040   0x00000064   Code   RO         4237    i.write_checked     ipa1322.o
    0x080190a4   0x080190a4   0x00000058   Code   RO         3794    i.write_metadata_start  app_record.o
    0x080190fc   0x080190fc   0x00000034   Code   RO         3795    i.write_metadata_stop  app_record.o
    0x08019130   0x08019130   0x00000010   Data   RO           18    .constdata          system_n32wb452.o
    0x08019140   0x08019140   0x00000040   Data   RO          955    .constdata          n32wb452_rcc.o
    0x08019180   0x08019180   0x0000000c   Data   RO         3614    .constdata          app_device.o
    0x0801918c   0x0801918c   0x00000040   Data   RO         4239    .constdata          ipa1322.o
    0x080191cc   0x080191cc   0x0000011c   Data   RO         4717    .constdata          spo2_advanced.o
    0x080192e8   0x080192e8   0x00000040   Data   RO         4940    .constdata          cw2015.o
    0x08019328   0x08019328   0x00000122   Data   RO         5609    .constdata          kservice.o
    0x0801944a   0x0801944a   0x00000002   PAD
    0x0801944c   0x0801944c   0x00000014   Data   RO         6750    .constdata          app.o
    0x08019460   0x08019460   0x00000030   Data   RO         6882    .constdata          app_sec.o
    0x08019490   0x08019490   0x00000098   Data   RO         7012    .constdata          app_task.o
    0x08019528   0x08019528   0x00000010   Data   RO         7136    .constdata          app_user.o
    0x08019538   0x08019538   0x00000030   Data   RO         7421    .constdata          user.o
    0x08019568   0x08019568   0x00000038   Data   RO         7516    .constdata          user_task.o
    0x080195a0   0x080195a0   0x000019cc   Data   RO         7786    .constdata          interface.o
    0x0801af6c   0x0801af6c   0x00000010   Data   RO         8356    .constdata          host_16bit.lib(gapc.o)
    0x0801af7c   0x0801af7c   0x00000058   Data   RO         8416    .constdata          host_16bit.lib(gapm.o)
    0x0801afd4   0x0801afd4   0x00000010   Data   RO         8460    .constdata          host_16bit.lib(gattc.o)
    0x0801afe4   0x0801afe4   0x00000004   Data   RO         8579    .constdata          host_16bit.lib(nvds.o)
    0x0801afe8   0x0801afe8   0x0000008c   Data   RO         8822    .constdata          host_16bit.lib(atts.o)
    0x0801b074   0x0801b074   0x00000100   Data   RO         8904    .constdata          host_16bit.lib(gapc_task.o)
    0x0801b174   0x0801b174   0x00000008   Data   RO         8905    .constdata          host_16bit.lib(gapc_task.o)
    0x0801b17c   0x0801b17c   0x000000c8   Data   RO         8958    .constdata          host_16bit.lib(gapm_task.o)
    0x0801b244   0x0801b244   0x00000008   Data   RO         8959    .constdata          host_16bit.lib(gapm_task.o)
    0x0801b24c   0x0801b24c   0x00000058   Data   RO         8997    .constdata          host_16bit.lib(gattc_task.o)
    0x0801b2a4   0x0801b2a4   0x00000008   Data   RO         8998    .constdata          host_16bit.lib(gattc_task.o)
    0x0801b2ac   0x0801b2ac   0x00000034   Data   RO         9018    .constdata          host_16bit.lib(gattm.o)
    0x0801b2e0   0x0801b2e0   0x00000005   Data   RO         9031    .constdata          host_16bit.lib(h4tl.o)
    0x0801b2e5   0x0801b2e5   0x00000010   Data   RO         9043    .constdata          host_16bit.lib(hci.o)
    0x0801b2f5   0x0801b2f5   0x00000019   Data   RO         9100    .constdata          host_16bit.lib(smpc.o)
    0x0801b30e   0x0801b30e   0x00000002   PAD
    0x0801b310   0x0801b310   0x00000008   Data   RO         9249    .constdata          host_16bit.lib(attc.o)
    0x0801b318   0x0801b318   0x000000a8   Data   RO         9270    .constdata          host_16bit.lib(gapc_hci.o)
    0x0801b3c0   0x0801b3c0   0x00000018   Data   RO         9292    .constdata          host_16bit.lib(gapc_sig.o)
    0x0801b3d8   0x0801b3d8   0x00000118   Data   RO         9318    .constdata          host_16bit.lib(gapm_hci.o)
    0x0801b4f0   0x0801b4f0   0x00000008   Data   RO         9373    .constdata          host_16bit.lib(gattm_task.o)
    0x0801b4f8   0x0801b4f8   0x00000008   Data   RO         9374    .constdata          host_16bit.lib(gattm_task.o)
    0x0801b500   0x0801b500   0x00000010   Data   RO         9402    .constdata          host_16bit.lib(l2cc.o)
    0x0801b510   0x0801b510   0x00000038   Data   RO         9424    .constdata          host_16bit.lib(l2cc_task.o)
    0x0801b548   0x0801b548   0x00000008   Data   RO         9425    .constdata          host_16bit.lib(l2cc_task.o)
    0x0801b550   0x0801b550   0x0000003c   Data   RO         9488    .constdata          host_16bit.lib(smpc_util.o)
    0x0801b58c   0x0801b58c   0x0000003c   Data   RO         9489    .constdata          host_16bit.lib(smpc_util.o)
    0x0801b5c8   0x0801b5c8   0x00000024   Data   RO         9529    .constdata          host_16bit.lib(hci_msg.o)
    0x0801b5ec   0x0801b5ec   0x00000078   Data   RO         9530    .constdata          host_16bit.lib(hci_msg.o)
    0x0801b664   0x0801b664   0x0000003c   Data   RO         9531    .constdata          host_16bit.lib(hci_msg.o)
    0x0801b6a0   0x0801b6a0   0x0000000c   Data   RO         9532    .constdata          host_16bit.lib(hci_msg.o)
    0x0801b6ac   0x0801b6ac   0x00000228   Data   RO         9533    .constdata          host_16bit.lib(hci_msg.o)
    0x0801b8d4   0x0801b8d4   0x00000024   Data   RO         9534    .constdata          host_16bit.lib(hci_msg.o)
    0x0801b8f8   0x0801b8f8   0x000000c0   Data   RO         9535    .constdata          host_16bit.lib(hci_msg.o)
    0x0801b9b8   0x0801b9b8   0x00000114   Data   RO         9556    .constdata          host_16bit.lib(l2cc_pdu.o)
    0x0801bacc   0x0801bacc   0x00000018   Data   RO         9566    .constdata          host_16bit.lib(l2cc_sig.o)
    0x0801bae4   0x0801bae4   0x00000040   Data   RO         9587    .constdata          m_wm.l(logf.o)
    0x0801bb24   0x0801bb24   0x00000006   Data   RO         9536    .conststring        host_16bit.lib(hci_msg.o)
    0x0801bb2a   0x0801bb2a   0x00000002   PAD
    0x0801bb2c   0x0801bb2c   0x0000001f   Data   RO         9537    .conststring        host_16bit.lib(hci_msg.o)
    0x0801bb4b   0x0801bb4b   0x00000001   PAD
    0x0801bb4c   0x0801bb4c   0x0000001e   Data   RO         9538    .conststring        host_16bit.lib(hci_msg.o)
    0x0801bb6a   0x0801bb6a   0x00000002   PAD
    0x0801bb6c   0x0801bb6c   0x00000084   Data   RO         9540    .conststring        host_16bit.lib(hci_msg.o)
    0x0801bbf0   0x0801bbf0   0x00000006   Data   RO         9541    .conststring        host_16bit.lib(hci_msg.o)
    0x0801bbf6   0x0801bbf6   0x00000002   PAD
    0x0801bbf8   0x0801bbf8   0x0000003b   Data   RO         9542    .conststring        host_16bit.lib(hci_msg.o)
    0x0801bc33   0x0801bc33   0x00000001   PAD
    0x0801bc34   0x0801bc34   0x00000065   Data   RO         9557    .conststring        host_16bit.lib(l2cc_pdu.o)
    0x0801bc99   0x0801bc99   0x00000001   PAD
    0x0801bc9a   0x0801bc9a   0x00000e10   Data   RO         8705    .rodata.armBitRevIndexTable1024  arm_cortexM4lf_math.lib(arm_common_tables.o)
    0x0801caaa   0x0801caaa   0x000001a0   Data   RO         8702    .rodata.armBitRevIndexTable128  arm_cortexM4lf_math.lib(arm_common_tables.o)
    0x0801cc4a   0x0801cc4a   0x00000028   Data   RO         8699    .rodata.armBitRevIndexTable16  arm_cortexM4lf_math.lib(arm_common_tables.o)
    0x0801cc72   0x0801cc72   0x00001dc0   Data   RO         8706    .rodata.armBitRevIndexTable2048  arm_cortexM4lf_math.lib(arm_common_tables.o)
    0x0801ea32   0x0801ea32   0x00000370   Data   RO         8703    .rodata.armBitRevIndexTable256  arm_cortexM4lf_math.lib(arm_common_tables.o)
    0x0801eda2   0x0801eda2   0x00000060   Data   RO         8700    .rodata.armBitRevIndexTable32  arm_cortexM4lf_math.lib(arm_common_tables.o)
    0x0801ee02   0x0801ee02   0x00001f80   Data   RO         8707    .rodata.armBitRevIndexTable4096  arm_cortexM4lf_math.lib(arm_common_tables.o)
    0x08020d82   0x08020d82   0x00000380   Data   RO         8704    .rodata.armBitRevIndexTable512  arm_cortexM4lf_math.lib(arm_common_tables.o)
    0x08021102   0x08021102   0x00000070   Data   RO         8701    .rodata.armBitRevIndexTable64  arm_cortexM4lf_math.lib(arm_common_tables.o)
    0x08021172   0x08021172   0x00000002   PAD
    0x08021174   0x08021174   0x00000010   Data   RO         9187    .rodata.arm_cfft_sR_f32_len1024  arm_cortexM4lf_math.lib(arm_const_structs.o)
    0x08021184   0x08021184   0x00000010   Data   RO         9184    .rodata.arm_cfft_sR_f32_len128  arm_cortexM4lf_math.lib(arm_const_structs.o)
    0x08021194   0x08021194   0x00000010   Data   RO         9181    .rodata.arm_cfft_sR_f32_len16  arm_cortexM4lf_math.lib(arm_const_structs.o)
    0x080211a4   0x080211a4   0x00000010   Data   RO         9188    .rodata.arm_cfft_sR_f32_len2048  arm_cortexM4lf_math.lib(arm_const_structs.o)
    0x080211b4   0x080211b4   0x00000010   Data   RO         9185    .rodata.arm_cfft_sR_f32_len256  arm_cortexM4lf_math.lib(arm_const_structs.o)
    0x080211c4   0x080211c4   0x00000010   Data   RO         9182    .rodata.arm_cfft_sR_f32_len32  arm_cortexM4lf_math.lib(arm_const_structs.o)
    0x080211d4   0x080211d4   0x00000010   Data   RO         9189    .rodata.arm_cfft_sR_f32_len4096  arm_cortexM4lf_math.lib(arm_const_structs.o)
    0x080211e4   0x080211e4   0x00000010   Data   RO         9186    .rodata.arm_cfft_sR_f32_len512  arm_cortexM4lf_math.lib(arm_const_structs.o)
    0x080211f4   0x080211f4   0x00000010   Data   RO         9183    .rodata.arm_cfft_sR_f32_len64  arm_cortexM4lf_math.lib(arm_const_structs.o)
    0x08021204   0x08021204   0x00000804   Data   RO         8765    .rodata.sinTable_f32  arm_cortexM4lf_math.lib(arm_common_tables.o)
    0x08021a08   0x08021a08   0x00002000   Data   RO         8669    .rodata.twiddleCoef_1024  arm_cortexM4lf_math.lib(arm_common_tables.o)
    0x08023a08   0x08023a08   0x00000400   Data   RO         8666    .rodata.twiddleCoef_128  arm_cortexM4lf_math.lib(arm_common_tables.o)
    0x08023e08   0x08023e08   0x00000080   Data   RO         8663    .rodata.twiddleCoef_16  arm_cortexM4lf_math.lib(arm_common_tables.o)
    0x08023e88   0x08023e88   0x00004000   Data   RO         8670    .rodata.twiddleCoef_2048  arm_cortexM4lf_math.lib(arm_common_tables.o)
    0x08027e88   0x08027e88   0x00000800   Data   RO         8667    .rodata.twiddleCoef_256  arm_cortexM4lf_math.lib(arm_common_tables.o)
    0x08028688   0x08028688   0x00000100   Data   RO         8664    .rodata.twiddleCoef_32  arm_cortexM4lf_math.lib(arm_common_tables.o)
    0x08028788   0x08028788   0x00008000   Data   RO         8671    .rodata.twiddleCoef_4096  arm_cortexM4lf_math.lib(arm_common_tables.o)
    0x08030788   0x08030788   0x00001000   Data   RO         8668    .rodata.twiddleCoef_512  arm_cortexM4lf_math.lib(arm_common_tables.o)
    0x08031788   0x08031788   0x00000200   Data   RO         8665    .rodata.twiddleCoef_64  arm_cortexM4lf_math.lib(arm_common_tables.o)
    0x08031988   0x08031988   0x00001000   Data   RO         8730    .rodata.twiddleCoef_rfft_1024  arm_cortexM4lf_math.lib(arm_common_tables.o)
    0x08032988   0x08032988   0x00000200   Data   RO         8727    .rodata.twiddleCoef_rfft_128  arm_cortexM4lf_math.lib(arm_common_tables.o)
    0x08032b88   0x08032b88   0x00002000   Data   RO         8731    .rodata.twiddleCoef_rfft_2048  arm_cortexM4lf_math.lib(arm_common_tables.o)
    0x08034b88   0x08034b88   0x00000400   Data   RO         8728    .rodata.twiddleCoef_rfft_256  arm_cortexM4lf_math.lib(arm_common_tables.o)
    0x08034f88   0x08034f88   0x00000080   Data   RO         8725    .rodata.twiddleCoef_rfft_32  arm_cortexM4lf_math.lib(arm_common_tables.o)
    0x08035008   0x08035008   0x00004000   Data   RO         8732    .rodata.twiddleCoef_rfft_4096  arm_cortexM4lf_math.lib(arm_common_tables.o)
    0x08039008   0x08039008   0x00000800   Data   RO         8729    .rodata.twiddleCoef_rfft_512  arm_cortexM4lf_math.lib(arm_common_tables.o)
    0x08039808   0x08039808   0x00000100   Data   RO         8726    .rodata.twiddleCoef_rfft_64  arm_cortexM4lf_math.lib(arm_common_tables.o)
    0x08039908   0x08039908   0x00000020   Data   RO         9955    Region$$Table       anon$$obj.o


    Execution Region RW_IRAM1 (Exec base: 0x20000000, Load base: 0x08039928, Size: 0x00013660, Max: 0x00024000, ABSOLUTE, COMPRESSED[0x0000023c])

    Exec Addr    Load Addr    Size         Type   Attr      Idx    E Section Name        Object

    0x20000000   COMPRESSED   0x00000004   Data   RW           19    .data               system_n32wb452.o
    0x20000004   COMPRESSED   0x00000001   Data   RW         2801    .data               app_main.o
    0x20000005   COMPRESSED   0x00000003   PAD
    0x20000008   COMPRESSED   0x00000044   Data   RW         2924    .data               app_ppg.o
    0x2000004c   COMPRESSED   0x00000044   Data   RW         3061    .data               app_ble.o
    0x20000090   COMPRESSED   0x00000024   Data   RW         3402    .data               app_spo2.o
    0x200000b4   COMPRESSED   0x0000004a   Data   RW         3453    .data               app_power.o
    0x200000fe   COMPRESSED   0x00000002   PAD
    0x20000100   COMPRESSED   0x00000014   Data   RW         3615    .data               app_device.o
    0x20000114   COMPRESSED   0x00000005   Data   RW         3797    .data               app_record.o
    0x20000119   COMPRESSED   0x00000003   PAD
    0x2000011c   COMPRESSED   0x00000010   Data   RW         3915    .data               interrupt.o
    0x2000012c   COMPRESSED   0x0000000b   Data   RW         4040    .data               bsp_hw_i2c.o
    0x20000137   COMPRESSED   0x00000001   PAD
    0x20000138   COMPRESSED   0x00000038   Data   RW         4240    .data               ipa1322.o
    0x20000170   COMPRESSED   0x00000260   Data   RW         4656    .data               spo2.o
    0x200003d0   COMPRESSED   0x00000001   Data   RW         4718    .data               spo2_advanced.o
    0x200003d1   COMPRESSED   0x0000000c   Data   RW         4941    .data               cw2015.o
    0x200003dd   COMPRESSED   0x00000004   Data   RW         5058    .data               sc7a20.o
    0x200003e1   COMPRESSED   0x00000001   Data   RW         5193    .data               clock.o
    0x200003e2   COMPRESSED   0x00000002   PAD
    0x200003e4   COMPRESSED   0x00000004   Data   RW         5229    .data               clock_1.o
    0x200003e8   COMPRESSED   0x00000009   Data   RW         5550    .data               irq.o
    0x200003f1   COMPRESSED   0x00000003   PAD
    0x200003f4   COMPRESSED   0x00000020   Data   RW         5752    .data               mem.o
    0x20000414   COMPRESSED   0x00000064   Data   RW         5820    .data               object.o
    0x20000478   COMPRESSED   0x0000001c   Data   RW         5921    .data               scheduler.o
    0x20000494   COMPRESSED   0x0000000c   Data   RW         6006    .data               thread.o
    0x200004a0   COMPRESSED   0x0000001c   Data   RW         6152    .data               timer.o
    0x200004bc   COMPRESSED   0x00000010   Data   RW         6267    .data               cpuport.o
    0x200004cc   COMPRESSED   0x00000010   Data   RW         6318    .data               n32wb452_ble_api.o
    0x200004dc   COMPRESSED   0x00000218   Data   RW         6557    .data               n32wb452_data_fifo.o
    0x200006f4   COMPRESSED   0x0000001c   Data   RW         6663    .data               hl_test.o
    0x20000710   COMPRESSED   0x00000002   Data   RW         6751    .data               app.o
    0x20000712   COMPRESSED   0x00000002   Data   RW         6883    .data               app_sec.o
    0x20000714   COMPRESSED   0x00000001   Data   RW         7013    .data               app_task.o
    0x20000715   COMPRESSED   0x00000003   PAD
    0x20000718   COMPRESSED   0x00000004   Data   RW         7924    .data               bsp_timer.o
    0x2000071c   COMPRESSED   0x00000004   Data   RW         8357    .data               host_16bit.lib(gapc.o)
    0x20000720   COMPRESSED   0x00000004   Data   RW         8461    .data               host_16bit.lib(gattc.o)
    0x20000724   COMPRESSED   0x00000001   Data   RW         8621    .data               n32wb452_ble_16bit.lib(ble_monitor.o)
    0x20000725   COMPRESSED   0x00000001   Data   RW         8623    .data               n32wb452_ble_16bit.lib(ble_monitor.o)
    0x20000726   COMPRESSED   0x00000004   Data   RW         8624    .data               n32wb452_ble_16bit.lib(ble_monitor.o)
    0x2000072a   COMPRESSED   0x00000001   Data   RW         8906    .data               host_16bit.lib(gapc_task.o)
    0x2000072b   COMPRESSED   0x00000001   Data   RW         8960    .data               host_16bit.lib(gapm_task.o)
    0x2000072c   COMPRESSED   0x00000001   Data   RW         8999    .data               host_16bit.lib(gattc_task.o)
    0x2000072d   COMPRESSED   0x00000001   Data   RW         9375    .data               host_16bit.lib(gattm_task.o)
    0x2000072e   COMPRESSED   0x00000002   PAD
    0x20000730   COMPRESSED   0x00000004   Data   RW         9403    .data               host_16bit.lib(l2cc.o)
    0x20000734   COMPRESSED   0x00000001   Data   RW         9426    .data               host_16bit.lib(l2cc_task.o)
    0x20000735   COMPRESSED   0x00000003   PAD
    0x20000738   COMPRESSED   0x00000004   Data   RW         9616    .data               mc_w.l(rand.o)
    0x2000073c   COMPRESSED   0x00000004   Data   RW         9922    .data               mc_w.l(stdout.o)
    0x20000740   COMPRESSED   0x00000004   Data   RW         9932    .data               mc_w.l(errno.o)
    0x20000744        -       0x000038ec   Zero   RW         2923    .bss                app_ppg.o
    0x20004030        -       0x00000b90   Zero   RW         3060    .bss                app_ble.o
    0x20004bc0        -       0x00003698   Zero   RW         3401    .bss                app_spo2.o
    0x20008258        -       0x000003cc   Zero   RW         3452    .bss                app_power.o
    0x20008624        -       0x000003b4   Zero   RW         3613    .bss                app_device.o
    0x200089d8        -       0x00000628   Zero   RW         3796    .bss                app_record.o
    0x20009000        -       0x000000c0   Zero   RW         4238    .bss                ipa1322.o
    0x200090c0        -       0x000004d0   Zero   RW         4655    .bss                spo2.o
    0x20009590        -       0x00005548   Zero   RW         4716    .bss                spo2_advanced.o
    0x2000ead8        -       0x00002000   Zero   RW         5136    .bss                board.o
    0x20010ad8        -       0x00000290   Zero   RW         5311    .bss                idle.o
    0x20010d68        -       0x00000020   Zero   RW         5751    .bss                mem.o
    0x20010d88        -       0x00000100   Zero   RW         5920    .bss                scheduler.o
    0x20010e88        -       0x00000280   Zero   RW         6151    .bss                timer.o
    0x20011108        -       0x0000001c   Zero   RW         6662    .bss                hl_test.o
    0x20011124        -       0x0000009c   Zero   RW         6749    .bss                app.o
    0x200111c0        -       0x0000000c   Zero   RW         7135    .bss                app_user.o
    0x200111cc        -       0x00000018   Zero   RW         7315    .bss                prf.o
    0x200111e4        -       0x00000020   Zero   RW         7785    .bss                interface.o
    0x20011204        -       0x0000002c   Zero   RW         8415    .bss                host_16bit.lib(gapm.o)
    0x20011230        -       0x00000030   Zero   RW         8481    .bss                host_16bit.lib(ke.o)
    0x20011260        -       0x00000014   Zero   RW         8493    .bss                host_16bit.lib(ke_event.o)
    0x20011274        -       0x0000002c   Zero   RW         8543    .bss                host_16bit.lib(ke_task.o)
    0x200112a0        -       0x00000018   Zero   RW         8578    .bss                host_16bit.lib(nvds.o)
    0x200112b8        -       0x00000f20   Zero   RW         8593    .bss                host_16bit.lib(rwip.o)
    0x200121d8        -       0x00000018   Zero   RW         8612    .bss                n32wb452_ble_16bit.lib(eif_spi.o)
    0x200121f0        -       0x00000020   Zero   RW         9017    .bss                host_16bit.lib(gattm.o)
    0x20012210        -       0x00000014   Zero   RW         9030    .bss                host_16bit.lib(h4tl.o)
    0x20012224        -       0x00000011   Zero   RW         9042    .bss                host_16bit.lib(hci.o)
    0x20012235   COMPRESSED   0x00000003   PAD
    0x20012238        -       0x0000000c   Zero   RW         9059    .bss                host_16bit.lib(l2cm.o)
    0x20012244        -       0x00000018   Zero   RW         9384    .bss                host_16bit.lib(hci_tl.o)
    0x2001225c   COMPRESSED   0x00000004   PAD
    0x20012260        -       0x00001400   Zero   RW            1    STACK               startup_n32wb452.o


==============================================================================

Image component sizes


      Code (inc. data)   RO Data    RW Data    ZI Data      Debug   Object Name

       424         50         20          2        156       9779   app.o
      2740        288          0         68       2960      30611   app_ble.o
      1578        216         12         20        948      16614   app_device.o
        84          0          0          1          0      10653   app_main.o
       510         32          0          0          0       5106   app_packet.o
      2142        276          0         74        972      15702   app_power.o
      1848        286          0         68      14572      13110   app_ppg.o
       312          0          0          0          0       3033   app_protocol.o
      1724        198          0          5       1576      15443   app_record.o
       934         46         48          2          0      30805   app_sec.o
       938        100          0         36      13976       4296   app_spo2.o
      1574         82        152          1          0      17353   app_task.o
       272         10         16          0         12      59429   app_user.o
       184         20          0          0       8192      32831   board.o
      1420        138          0         11          0      27805   bsp_hw_i2c.o
       590         24          0          0          0       5642   bsp_i2c.o
       388         40          0          0          0       2941   bsp_power.o
       280         32          0          4          0       3470   bsp_timer.o
       268         10          0          1          0       2087   clock.o
       144         18          0          4          0       2598   clock_1.o
       110         14          0          0          0       2382   components.o
       308         26          0          0          0        828   context_rvds.o
       124         10          0         16          0       4134   cpuport.o
       830         46         64         12          0      12882   cw2015.o
        20          0          0          0          0       3134   eif_flash.o
        56          0          0          0          0       3005   eif_timer.o
       564         24          0         28         28       3988   hl_test.o
       324         42          0          0        656       6711   idle.o
      1930        106       6604          0         32      15844   interface.o
       346         32          0         16          0       4487   interrupt.o
      1762        148         64         56        192      11178   ipa1322.o
      1242         26          0          0          0      13190   ipc.o
       104         20          0          9          0       1866   irq.o
       326          6        290          0          0       6600   kservice.o
       828         98          0         32         32       4280   mem.o
       132         22          0          0          0     336987   misc.o
      1012         62          0          0          0       8240   myi2c2.o
       264         18          0          0          0       1484   myspi2.o
        84         16          0          0          0       3369   n32wb452_bkp.o
       170         16          0         16          0      72700   n32wb452_ble_api.o
       254          4          0        536          0       3495   n32wb452_data_fifo.o
        32          6          0          0          0        623   n32wb452_dbg.o
       492         10          0          0          0       6791   n32wb452_dma.o
       216         18          0          0          0       2939   n32wb452_exti.o
       432         50          0          0          0       5851   n32wb452_flash.o
       958         14          0          0          0       7412   n32wb452_gpio.o
       702         46          0          0          0      10885   n32wb452_i2c.o
       196         40          0          0          0       3672   n32wb452_pwr.o
      1092        182         64          0          0      19367   n32wb452_rcc.o
      1468        116          0          0          0      15684   n32wb452_rtc.o
       254         12          0          0          0       6117   n32wb452_spi.o
       424         30          0          0          0       4162   n32wb452_tim.o
       418         24          0        100          0       9200   object.o
       720         34          0          0         24       7474   prf.o
       716         68          0          4          0      11904   sc7a20.o
       550         94          0         28        256       9034   scheduler.o
       180         46          0        608       1232      15475   spo2.o
      6266        226        284          1      21832      23029   spo2_advanced.o
        36          8        408          0       5120        892   startup_n32wb452.o
       844        116         16          4          0     269681   system_n32wb452.o
       868         54          0         12          0      14277   thread.o
      1218         88          0         28        640      14503   timer.o
       570         14         48          0          0       7927   user.o
       724         16         56          0          0      14806   user_task.o
       262          0          0          0          0       5716   vt2102_hal.o

    ----------------------------------------------------------------------
     48866       3914       8180       1820      73408    1317513   Object Totals
         0          0         32          0          0          0   (incl. Generated)
        84          0          2         17          0          0   (incl. Padding)

    ----------------------------------------------------------------------

      Code (inc. data)   RO Data    RW Data    ZI Data      Debug   Library Member Name

        68          0          0          0          0       1792   arm_bitreversal2.o
      1652          0          0          0          0       7236   arm_cfft_f32.o
       180          0          0          0          0       1283   arm_cfft_init_f32.o
      1458          4          0          0          0       5452   arm_cfft_radix8_f32.o
         0          0     121820          0          0       6294   arm_common_tables.o
         0          0        144          0          0       4820   arm_const_structs.o
       152         12          0          0          0       1104   arm_cos_f32.o
      1196          8          0          0          0       4432   arm_fir_f32.o
        32          0          0          0          0       1072   arm_fir_init_f32.o
       430          0          0          0          0       3280   arm_rfft_fast_f32.o
       466          0          0          0          0       3844   arm_rfft_fast_init_f32.o
       216          4          8          0          0        392   attc.o
      1290         60          0          0          0       1468   attm.o
      2206         26          0          0          0       1588   attm_db.o
      5248         76        140          0          0       3512   atts.o
       250          0          0          0          0        844   co_list.o
      1838        130         16          4          0       3692   gapc.o
      1594         48        168          0          0       2220   gapc_hci.o
       204          4         24          0          0        504   gapc_sig.o
      3564        104        264          1          0       3804   gapc_task.o
      1016        102         88          0         44       2972   gapm.o
      2336         56        280          0          0       2732   gapm_hci.o
      2364        134        208          1          0       2980   gapm_task.o
      2384        144          0          0          0       1924   gapm_util.o
      1176         52         16          4          0       1688   gattc.o
      1196         46         96          1          0       1584   gattc_task.o
       162         22         52          0         32        608   gattm.o
         4          0         16          1          0        116   gattm_task.o
       598         38          5          0         20        860   h4tl.o
       126         20         16          0         17        360   hci.o
       228         16       1272          0          0        748   hci_msg.o
      1342         42          0          0         24        948   hci_tl.o
       618          0          0          0          0        288   hci_util.o
        68          6          0          0         48        260   ke.o
       164         30          0          0         20        704   ke_event.o
       498         22          0          0          0        512   ke_mem.o
       220         14          0          0          0        876   ke_msg.o
       116          0          0          0          0        264   ke_queue.o
       592         48          0          0         44        976   ke_task.o
       494         48          0          0          0        884   ke_timer.o
       790         30         16          4          0        708   l2cc.o
      1368         36        377          0          0        432   l2cc_pdu.o
       292          6         24          0          0        660   l2cc_sig.o
       564         16         64          1          0       1148   l2cc_task.o
       222         28          0          0         12        860   l2cm.o
       736         58          4          0         24        780   nvds.o
        60          0          0          0          0        256   rwble_hl.o
       114         20          0          0       3872        360   rwip.o
      3450        160         25          0          0       3500   smpc.o
      2006         78          0          0          0       1848   smpc_api.o
      1216         54        120          0          0       2840   smpc_util.o
       266          0          0          0          0        664   smpm_api.o
       108         10          0          0          0        116   ceilf.o
       112         14          0          0          0        116   floorf.o
        42         12          0          0          0        348   funder.o
       364         44         64          0          0        140   logf.o
        58          0          0          0          0        136   sqrtf.o
        94          0          0          0          0          0   __dclz77c.o
         0          0          0          0          0          0   entry.o
         0          0          0          0          0          0   entry10a.o
         0          0          0          0          0          0   entry11a.o
         4          0          0          0          0          0   entry12b.o
         8          4          0          0          0          0   entry2.o
         4          0          0          0          0          0   entry5.o
         0          0          0          0          0          0   entry7b.o
         0          0          0          0          0          0   entry8b.o
         8          4          0          0          0          0   entry9a.o
        12          6          0          4          0         68   errno.o
        18          0          0          0          0         80   fputc.o
        30          0          0          0          0          0   handlers.o
        36          8          0          0          0         68   init.o
         0          0          0          0          0          0   iusefp.o
         0          0          0          0          0          0   iusesemip.o
        30          0          0          0          0         68   llshl.o
        32          0          0          0          0         68   llushr.o
        26          0          0          0          0         80   memcmp.o
        36          0          0          0          0         68   memcpya.o
        36          0          0          0          0        108   memseta.o
        50          8          0          0          0        152   printfb.o
        36         10          0          4          0        136   rand.o
         0          0          0          0          0          0   semi.o
         0          0          0          4          0          0   stdout.o
        14          0          0          0          0         68   strlen.o
        98          0          0          0          0         92   uldiv.o
       320         22          0          6          0        256   ble_monitor.o
       668         12          0          0          0        760   eif_iom.o
       408         24          0          0         24        660   eif_spi.o
       324         10          0          0          0        188   n32wb452_bt_drv.o
      1548         52          0          0          0       1196   n32wb452_qspi.o

    ----------------------------------------------------------------------
     53430       2042     125340         40       4188      99945   Library Totals
        76          0         13          5          7          0   (incl. Padding)

    ----------------------------------------------------------------------

      Code (inc. data)   RO Data    RW Data    ZI Data      Debug   Library Name

      5634         24     121964          0          0      40609   arm_cortexM4lf_math.lib
     43196       1778       3299         17       4157      54364   host_16bit.lib
       684         80         64          0          0        856   m_wm.l
       572         40          0         12          0       1056   mc_w.l
      3268        120          0          6         24       3060   n32wb452_ble_16bit.lib

    ----------------------------------------------------------------------
     53430       2042     125340         40       4188      99945   Library Totals

    ----------------------------------------------------------------------

==============================================================================


      Code (inc. data)   RO Data    RW Data    ZI Data      Debug   

    102296       5956     133520       1860      77596    1320246   Grand Totals
    102296       5956     133520        572      77596    1320246   ELF Image Totals (compressed)
    102296       5956     133520        572          0          0   ROM Totals

==============================================================================

    Total RO  Size (Code + RO Data)               235816 ( 230.29kB)
    Total RW  Size (RW Data + ZI Data)             79456 (  77.59kB)
    Total ROM Size (Code + RO Data + RW Data)     236388 ( 230.85kB)

==============================================================================

