<!doctype html public "-//w3c//dtd html 4.0 transitional//en">
<html><head>
<title>Static Call Graph - [.\Objects\N32WB452_BLE_RTOS.axf]</title></head>
<body><HR>
<H1>Static Call Graph for image .\Objects\N32WB452_BLE_RTOS.axf</H1><HR>
<BR><P>#&#060CALLGRAPH&#062# ARM Linker, 5060960: Last Updated: Wed Sep 09 09:12:25 2026
<BR><P>
<H3>Maximum Stack Usage =       1288 bytes + Unknown(Cycles, Untraceable Function Pointers)</H3><H3>
Call chain for Maximum Stack Depth:</H3>
spo2_thread_entry &rArr; SpO2_Calculate &rArr; evaluate_quality &rArr; detect_msptd &rArr; refine
<P>
<H3>
Mutually Recursive functions
</H3> <LI><a href="#[1]">NMI_Handler</a>&nbsp;&nbsp;&nbsp;&rArr;&nbsp;&nbsp;&nbsp;<a href="#[1]">NMI_Handler</a><BR>
 <LI><a href="#[3]">MemManage_Handler</a>&nbsp;&nbsp;&nbsp;&rArr;&nbsp;&nbsp;&nbsp;<a href="#[3]">MemManage_Handler</a><BR>
 <LI><a href="#[4]">BusFault_Handler</a>&nbsp;&nbsp;&nbsp;&rArr;&nbsp;&nbsp;&nbsp;<a href="#[4]">BusFault_Handler</a><BR>
 <LI><a href="#[5]">UsageFault_Handler</a>&nbsp;&nbsp;&nbsp;&rArr;&nbsp;&nbsp;&nbsp;<a href="#[5]">UsageFault_Handler</a><BR>
 <LI><a href="#[6]">SVC_Handler</a>&nbsp;&nbsp;&nbsp;&rArr;&nbsp;&nbsp;&nbsp;<a href="#[6]">SVC_Handler</a><BR>
 <LI><a href="#[7]">DebugMon_Handler</a>&nbsp;&nbsp;&nbsp;&rArr;&nbsp;&nbsp;&nbsp;<a href="#[7]">DebugMon_Handler</a><BR>
 <LI><a href="#[1c]">ADC1_2_IRQHandler</a>&nbsp;&nbsp;&nbsp;&rArr;&nbsp;&nbsp;&nbsp;<a href="#[1c]">ADC1_2_IRQHandler</a><BR>
 <LI><a href="#[46e]">smpc_tkdp_send_start</a>&nbsp;&nbsp;&nbsp;&rArr;&nbsp;&nbsp;&nbsp;<a href="#[45f]">smpc_tkdp_send_continue</a><BR>
</UL>
<P>
<H3>
Function Pointers
</H3><UL>
 <LI><a href="#[1c]">ADC1_2_IRQHandler</a> from startup_n32wb452.o(.text) referenced from startup_n32wb452.o(RESET)
 <LI><a href="#[4]">BusFault_Handler</a> from startup_n32wb452.o(.text) referenced from startup_n32wb452.o(RESET)
 <LI><a href="#[1f]">CAN1_RX1_IRQHandler</a> from startup_n32wb452.o(.text) referenced from startup_n32wb452.o(RESET)
 <LI><a href="#[20]">CAN1_SCE_IRQHandler</a> from startup_n32wb452.o(.text) referenced from startup_n32wb452.o(RESET)
 <LI><a href="#[4a]">CAN2_RX0_IRQHandler</a> from startup_n32wb452.o(.text) referenced from startup_n32wb452.o(RESET)
 <LI><a href="#[4b]">CAN2_RX1_IRQHandler</a> from startup_n32wb452.o(.text) referenced from startup_n32wb452.o(RESET)
 <LI><a href="#[4c]">CAN2_SCE_IRQHandler</a> from startup_n32wb452.o(.text) referenced from startup_n32wb452.o(RESET)
 <LI><a href="#[49]">CAN2_TX_IRQHandler</a> from startup_n32wb452.o(.text) referenced from startup_n32wb452.o(RESET)
 <LI><a href="#[15]">DMA1_Channel1_IRQHandler</a> from startup_n32wb452.o(.text) referenced from startup_n32wb452.o(RESET)
 <LI><a href="#[16]">DMA1_Channel2_IRQHandler</a> from startup_n32wb452.o(.text) referenced from startup_n32wb452.o(RESET)
 <LI><a href="#[17]">DMA1_Channel3_IRQHandler</a> from startup_n32wb452.o(.text) referenced from startup_n32wb452.o(RESET)
 <LI><a href="#[18]">DMA1_Channel4_IRQHandler</a> from startup_n32wb452.o(.text) referenced from startup_n32wb452.o(RESET)
 <LI><a href="#[19]">DMA1_Channel5_IRQHandler</a> from startup_n32wb452.o(.text) referenced from startup_n32wb452.o(RESET)
 <LI><a href="#[1a]">DMA1_Channel6_IRQHandler</a> from startup_n32wb452.o(.text) referenced from startup_n32wb452.o(RESET)
 <LI><a href="#[1b]">DMA1_Channel7_IRQHandler</a> from interrupt.o(i.DMA1_Channel7_IRQHandler) referenced from startup_n32wb452.o(RESET)
 <LI><a href="#[56]">DMA1_Channel8_IRQHandler</a> from startup_n32wb452.o(.text) referenced from startup_n32wb452.o(RESET)
 <LI><a href="#[42]">DMA2_Channel1_IRQHandler</a> from startup_n32wb452.o(.text) referenced from startup_n32wb452.o(RESET)
 <LI><a href="#[43]">DMA2_Channel2_IRQHandler</a> from startup_n32wb452.o(.text) referenced from startup_n32wb452.o(RESET)
 <LI><a href="#[44]">DMA2_Channel3_IRQHandler</a> from startup_n32wb452.o(.text) referenced from startup_n32wb452.o(RESET)
 <LI><a href="#[45]">DMA2_Channel4_IRQHandler</a> from startup_n32wb452.o(.text) referenced from startup_n32wb452.o(RESET)
 <LI><a href="#[46]">DMA2_Channel5_IRQHandler</a> from startup_n32wb452.o(.text) referenced from startup_n32wb452.o(RESET)
 <LI><a href="#[4e]">DMA2_Channel6_IRQHandler</a> from startup_n32wb452.o(.text) referenced from startup_n32wb452.o(RESET)
 <LI><a href="#[4f]">DMA2_Channel7_IRQHandler</a> from startup_n32wb452.o(.text) referenced from startup_n32wb452.o(RESET)
 <LI><a href="#[57]">DMA2_Channel8_IRQHandler</a> from startup_n32wb452.o(.text) referenced from startup_n32wb452.o(RESET)
 <LI><a href="#[58]">DVP_IRQHandler</a> from startup_n32wb452.o(.text) referenced from startup_n32wb452.o(RESET)
 <LI><a href="#[7]">DebugMon_Handler</a> from startup_n32wb452.o(.text) referenced from startup_n32wb452.o(RESET)
 <LI><a href="#[10]">EXTI0_IRQHandler</a> from interrupt.o(i.EXTI0_IRQHandler) referenced from startup_n32wb452.o(RESET)
 <LI><a href="#[32]">EXTI15_10_IRQHandler</a> from interrupt.o(i.EXTI15_10_IRQHandler) referenced from startup_n32wb452.o(RESET)
 <LI><a href="#[11]">EXTI1_IRQHandler</a> from startup_n32wb452.o(.text) referenced from startup_n32wb452.o(RESET)
 <LI><a href="#[12]">EXTI2_IRQHandler</a> from startup_n32wb452.o(.text) referenced from startup_n32wb452.o(RESET)
 <LI><a href="#[13]">EXTI3_IRQHandler</a> from interrupt.o(i.EXTI3_IRQHandler) referenced from startup_n32wb452.o(RESET)
 <LI><a href="#[14]">EXTI4_IRQHandler</a> from startup_n32wb452.o(.text) referenced from startup_n32wb452.o(RESET)
 <LI><a href="#[21]">EXTI9_5_IRQHandler</a> from interrupt.o(i.EXTI9_5_IRQHandler) referenced from startup_n32wb452.o(RESET)
 <LI><a href="#[e]">FLASH_IRQHandler</a> from startup_n32wb452.o(.text) referenced from startup_n32wb452.o(RESET)
 <LI><a href="#[2]">HardFault_Handler</a> from context_rvds.o(.text) referenced from startup_n32wb452.o(RESET)
 <LI><a href="#[2a]">I2C1_ER_IRQHandler</a> from startup_n32wb452.o(.text) referenced from startup_n32wb452.o(RESET)
 <LI><a href="#[29]">I2C1_EV_IRQHandler</a> from startup_n32wb452.o(.text) referenced from startup_n32wb452.o(RESET)
 <LI><a href="#[2c]">I2C2_ER_IRQHandler</a> from startup_n32wb452.o(.text) referenced from startup_n32wb452.o(RESET)
 <LI><a href="#[2b]">I2C2_EV_IRQHandler</a> from startup_n32wb452.o(.text) referenced from startup_n32wb452.o(RESET)
 <LI><a href="#[51]">I2C3_ER_IRQHandler</a> from startup_n32wb452.o(.text) referenced from startup_n32wb452.o(RESET)
 <LI><a href="#[50]">I2C3_EV_IRQHandler</a> from startup_n32wb452.o(.text) referenced from startup_n32wb452.o(RESET)
 <LI><a href="#[53]">I2C4_ER_IRQHandler</a> from startup_n32wb452.o(.text) referenced from startup_n32wb452.o(RESET)
 <LI><a href="#[52]">I2C4_EV_IRQHandler</a> from startup_n32wb452.o(.text) referenced from startup_n32wb452.o(RESET)
 <LI><a href="#[5a]">MMU_IRQHandler</a> from startup_n32wb452.o(.text) referenced from startup_n32wb452.o(RESET)
 <LI><a href="#[3]">MemManage_Handler</a> from startup_n32wb452.o(.text) referenced from startup_n32wb452.o(RESET)
 <LI><a href="#[1]">NMI_Handler</a> from startup_n32wb452.o(.text) referenced from startup_n32wb452.o(RESET)
 <LI><a href="#[b]">PVD_IRQHandler</a> from startup_n32wb452.o(.text) referenced from startup_n32wb452.o(RESET)
 <LI><a href="#[8]">PendSV_Handler</a> from context_rvds.o(.text) referenced from startup_n32wb452.o(RESET)
 <LI><a href="#[f]">RCC_IRQHandler</a> from startup_n32wb452.o(.text) referenced from startup_n32wb452.o(RESET)
 <LI><a href="#[39]">RESERVE47_IRQHandler</a> from startup_n32wb452.o(.text) referenced from startup_n32wb452.o(RESET)
 <LI><a href="#[3a]">RESERVE48_IRQHandler</a> from startup_n32wb452.o(.text) referenced from startup_n32wb452.o(RESET)
 <LI><a href="#[47]">RESERVE61_IRQHandler</a> from startup_n32wb452.o(.text) referenced from startup_n32wb452.o(RESET)
 <LI><a href="#[48]">RESERVE62_IRQHandler</a> from startup_n32wb452.o(.text) referenced from startup_n32wb452.o(RESET)
 <LI><a href="#[4d]">RESERVE67_IRQHandler</a> from startup_n32wb452.o(.text) referenced from startup_n32wb452.o(RESET)
 <LI><a href="#[5c]">RESERVE82_IRQHandler</a> from startup_n32wb452.o(.text) referenced from startup_n32wb452.o(RESET)
 <LI><a href="#[5d]">RESERVE83_IRQHandler</a> from startup_n32wb452.o(.text) referenced from startup_n32wb452.o(RESET)
 <LI><a href="#[5e]">RESERVE84_IRQHandler</a> from startup_n32wb452.o(.text) referenced from startup_n32wb452.o(RESET)
 <LI><a href="#[5f]">RSRAM_IRQHandler</a> from startup_n32wb452.o(.text) referenced from startup_n32wb452.o(RESET)
 <LI><a href="#[33]">RTCAlarm_IRQHandler</a> from startup_n32wb452.o(.text) referenced from startup_n32wb452.o(RESET)
 <LI><a href="#[d]">RTC_WKUP_IRQHandler</a> from interrupt.o(i.RTC_WKUP_IRQHandler) referenced from startup_n32wb452.o(RESET)
 <LI><a href="#[0]">Reset_Handler</a> from startup_n32wb452.o(.text) referenced from startup_n32wb452.o(RESET)
 <LI><a href="#[59]">SAC_IRQHandler</a> from startup_n32wb452.o(.text) referenced from startup_n32wb452.o(RESET)
 <LI><a href="#[3b]">SDIO_IRQHandler</a> from startup_n32wb452.o(.text) referenced from startup_n32wb452.o(RESET)
 <LI><a href="#[2d]">SPI1_IRQHandler</a> from startup_n32wb452.o(.text) referenced from startup_n32wb452.o(RESET)
 <LI><a href="#[2e]">SPI2_IRQHandler</a> from startup_n32wb452.o(.text) referenced from startup_n32wb452.o(RESET)
 <LI><a href="#[3d]">SPI3_IRQHandler</a> from startup_n32wb452.o(.text) referenced from startup_n32wb452.o(RESET)
 <LI><a href="#[6]">SVC_Handler</a> from startup_n32wb452.o(.text) referenced from startup_n32wb452.o(RESET)
 <LI><a href="#[9]">SysTick_Handler</a> from board.o(i.SysTick_Handler) referenced from startup_n32wb452.o(RESET)
 <LI><a href="#[61]">SystemInit</a> from system_n32wb452.o(i.SystemInit) referenced from startup_n32wb452.o(.text)
 <LI><a href="#[c]">TAMPER_IRQHandler</a> from startup_n32wb452.o(.text) referenced from startup_n32wb452.o(RESET)
 <LI><a href="#[22]">TIM1_BRK_IRQHandler</a> from startup_n32wb452.o(.text) referenced from startup_n32wb452.o(RESET)
 <LI><a href="#[25]">TIM1_CC_IRQHandler</a> from startup_n32wb452.o(.text) referenced from startup_n32wb452.o(RESET)
 <LI><a href="#[24]">TIM1_TRG_COM_IRQHandler</a> from startup_n32wb452.o(.text) referenced from startup_n32wb452.o(RESET)
 <LI><a href="#[23]">TIM1_UP_IRQHandler</a> from startup_n32wb452.o(.text) referenced from startup_n32wb452.o(RESET)
 <LI><a href="#[26]">TIM2_IRQHandler</a> from startup_n32wb452.o(.text) referenced from startup_n32wb452.o(RESET)
 <LI><a href="#[27]">TIM3_IRQHandler</a> from bsp_timer.o(i.TIM3_IRQHandler) referenced from startup_n32wb452.o(RESET)
 <LI><a href="#[28]">TIM4_IRQHandler</a> from startup_n32wb452.o(.text) referenced from startup_n32wb452.o(RESET)
 <LI><a href="#[3c]">TIM5_IRQHandler</a> from startup_n32wb452.o(.text) referenced from startup_n32wb452.o(RESET)
 <LI><a href="#[40]">TIM6_IRQHandler</a> from startup_n32wb452.o(.text) referenced from startup_n32wb452.o(RESET)
 <LI><a href="#[41]">TIM7_IRQHandler</a> from startup_n32wb452.o(.text) referenced from startup_n32wb452.o(RESET)
 <LI><a href="#[35]">TIM8_BRK_IRQHandler</a> from startup_n32wb452.o(.text) referenced from startup_n32wb452.o(RESET)
 <LI><a href="#[38]">TIM8_CC_IRQHandler</a> from startup_n32wb452.o(.text) referenced from startup_n32wb452.o(RESET)
 <LI><a href="#[37]">TIM8_TRG_COM_IRQHandler</a> from startup_n32wb452.o(.text) referenced from startup_n32wb452.o(RESET)
 <LI><a href="#[36]">TIM8_UP_IRQHandler</a> from startup_n32wb452.o(.text) referenced from startup_n32wb452.o(RESET)
 <LI><a href="#[5b]">TSC_IRQHandler</a> from startup_n32wb452.o(.text) referenced from startup_n32wb452.o(RESET)
 <LI><a href="#[3e]">UART4_IRQHandler</a> from startup_n32wb452.o(.text) referenced from startup_n32wb452.o(RESET)
 <LI><a href="#[3f]">UART5_IRQHandler</a> from startup_n32wb452.o(.text) referenced from startup_n32wb452.o(RESET)
 <LI><a href="#[54]">UART6_IRQHandler</a> from startup_n32wb452.o(.text) referenced from startup_n32wb452.o(RESET)
 <LI><a href="#[55]">UART7_IRQHandler</a> from startup_n32wb452.o(.text) referenced from startup_n32wb452.o(RESET)
 <LI><a href="#[2f]">USART1_IRQHandler</a> from startup_n32wb452.o(.text) referenced from startup_n32wb452.o(RESET)
 <LI><a href="#[30]">USART2_IRQHandler</a> from startup_n32wb452.o(.text) referenced from startup_n32wb452.o(RESET)
 <LI><a href="#[31]">USART3_IRQHandler</a> from startup_n32wb452.o(.text) referenced from startup_n32wb452.o(RESET)
 <LI><a href="#[34]">USBWakeUp_IRQHandler</a> from startup_n32wb452.o(.text) referenced from startup_n32wb452.o(RESET)
 <LI><a href="#[1d]">USB_HP_CAN1_TX_IRQHandler</a> from startup_n32wb452.o(.text) referenced from startup_n32wb452.o(RESET)
 <LI><a href="#[1e]">USB_LP_CAN1_RX0_IRQHandler</a> from startup_n32wb452.o(.text) referenced from startup_n32wb452.o(RESET)
 <LI><a href="#[5]">UsageFault_Handler</a> from startup_n32wb452.o(.text) referenced from startup_n32wb452.o(RESET)
 <LI><a href="#[a]">WWDG_IRQHandler</a> from startup_n32wb452.o(.text) referenced from startup_n32wb452.o(RESET)
 <LI><a href="#[62]">__main</a> from entry.o(.ARM.Collect$$$$00000000) referenced from startup_n32wb452.o(.text)
 <LI><a href="#[80]">app_sec_msg_dflt_handler</a> from app_sec.o(i.app_sec_msg_dflt_handler) referenced from app_sec.o(.constdata)
 <LI><a href="#[7f]">app_user_add_users</a> from app_user.o(i.app_user_add_users) referenced from app.o(.constdata)
 <LI><a href="#[97]">app_user_msg_handler</a> from app_user.o(i.app_user_msg_handler) referenced from app_user.o(.constdata)
 <LI><a href="#[86]">appm_adv_timeout_handler</a> from app_task.o(i.appm_adv_timeout_handler) referenced from app_task.o(.constdata)
 <LI><a href="#[8c]">appm_gapc_cmp_evt_handler</a> from app_task.o(i.appm_gapc_cmp_evt_handler) referenced from app_task.o(.constdata)
 <LI><a href="#[96]">appm_gapc_param_updated_req_ind_handler</a> from app_task.o(i.appm_gapc_param_updated_req_ind_handler) referenced from app_task.o(.constdata)
 <LI><a href="#[88]">appm_gapm_cmp_evt_handler</a> from app_task.o(i.appm_gapm_cmp_evt_handler) referenced from app_task.o(.constdata)
 <LI><a href="#[8f]">appm_gapm_gen_rand_nb_ind_handler</a> from app_task.o(i.appm_gapm_gen_rand_nb_ind_handler) referenced from app_task.o(.constdata)
 <LI><a href="#[85]">appm_msg_handler</a> from app_task.o(i.appm_msg_handler) referenced from app_task.o(.constdata)
 <LI><a href="#[f9]">attc_exc_mtu_rsp_handler</a> from attc.o(i.attc_exc_mtu_rsp_handler) referenced from attc.o(.constdata)
 <LI><a href="#[ba]">atts_execute_write_req</a> from atts.o(i.atts_execute_write_req) referenced from atts.o(.constdata)
 <LI><a href="#[b0]">atts_find_by_type_req</a> from atts.o(i.atts_find_by_type_req) referenced from atts.o(.constdata)
 <LI><a href="#[af]">atts_find_info_req</a> from atts.o(i.atts_find_info_req) referenced from atts.o(.constdata)
 <LI><a href="#[ae]">atts_mtu_exc_req</a> from atts.o(i.atts_mtu_exc_req) referenced from atts.o(.constdata)
 <LI><a href="#[b9]">atts_prepare_write_req</a> from atts.o(i.atts_prepare_write_req) referenced from atts.o(.constdata)
 <LI><a href="#[b4]">atts_read_blob_req</a> from atts.o(i.atts_read_blob_req) referenced from atts.o(.constdata)
 <LI><a href="#[b2]">atts_read_by_grp_type_req</a> from atts.o(i.atts_read_by_grp_type_req) referenced from atts.o(.constdata)
 <LI><a href="#[b1]">atts_read_by_type_req</a> from atts.o(i.atts_read_by_type_req) referenced from atts.o(.constdata)
 <LI><a href="#[b5]">atts_read_mult_req</a> from atts.o(i.atts_read_mult_req) referenced from atts.o(.constdata)
 <LI><a href="#[b3]">atts_read_req</a> from atts.o(i.atts_read_req) referenced from atts.o(.constdata)
 <LI><a href="#[b6]">atts_write_cmd</a> from atts.o(i.atts_write_cmd) referenced from atts.o(.constdata)
 <LI><a href="#[b7]">atts_write_req</a> from atts.o(i.atts_write_req) referenced from atts.o(.constdata)
 <LI><a href="#[b8]">atts_write_signed</a> from atts.o(i.atts_write_signed) referenced from atts.o(.constdata)
 <LI><a href="#[66]">ble_thread_entry</a> from app_ble.o(i.ble_thread_entry) referenced from app_ble.o(i.app_ble_init)
 <LI><a href="#[6e]">bt_event_callback</a> from app_ble.o(i.bt_event_callback) referenced from app_ble.o(i.ble_thread_entry)
 <LI><a href="#[ad]">bt_features_init</a> from interface.o(i.bt_features_init) referenced from interface.o(.constdata)
 <LI><a href="#[77]">cmp_abs_time</a> from ke_timer.o(i.cmp_abs_time) referenced from ke_timer.o(i.ke_timer_set)
 <LI><a href="#[73]">cmp_dest_id</a> from ke_task.o(i.cmp_dest_id) referenced from ke_task.o(i.ke_state_set)
 <LI><a href="#[75]">cmp_timer_id</a> from ke_timer.o(i.cmp_timer_id) referenced from ke_timer.o(i.ke_timer_clear)
 <LI><a href="#[75]">cmp_timer_id</a> from ke_timer.o(i.cmp_timer_id) referenced from ke_timer.o(i.ke_timer_set)
 <LI><a href="#[a8]">eif_enable_timer</a> from eif_timer.o(i.eif_enable_timer) referenced from interface.o(.constdata)
 <LI><a href="#[aa]">eif_flash_erase</a> from eif_flash.o(i.eif_flash_erase) referenced from interface.o(.constdata)
 <LI><a href="#[a9]">eif_flash_init</a> from eif_flash.o(i.eif_flash_init) referenced from interface.o(.constdata)
 <LI><a href="#[ac]">eif_flash_read</a> from eif_flash.o(i.eif_flash_read) referenced from interface.o(.constdata)
 <LI><a href="#[ab]">eif_flash_write</a> from eif_flash.o(i.eif_flash_write) referenced from interface.o(.constdata)
 <LI><a href="#[a7]">eif_get_time</a> from eif_timer.o(i.eif_get_time) referenced from interface.o(.constdata)
 <LI><a href="#[a6]">eif_set_timeout</a> from eif_timer.o(i.eif_set_timeout) referenced from interface.o(.constdata)
 <LI><a href="#[a5]">eif_spi_flow_off</a> from eif_spi.o(.text) referenced from interface.o(.constdata)
 <LI><a href="#[a4]">eif_spi_flow_on</a> from eif_spi.o(.text) referenced from interface.o(.constdata)
 <LI><a href="#[a2]">eif_spi_read</a> from eif_spi.o(.text) referenced from interface.o(.constdata)
 <LI><a href="#[a3]">eif_spi_write</a> from eif_spi.o(.text) referenced from interface.o(.constdata)
 <LI><a href="#[63]">fputc</a> from fputc.o(i.fputc) referenced from printfb.o(i.__0printf$bare)
 <LI><a href="#[c5]">gapc_bond_cfm_handler</a> from gapc_task.o(i.gapc_bond_cfm_handler) referenced from gapc_task.o(.constdata)
 <LI><a href="#[c4]">gapc_bond_cmd_handler</a> from gapc_task.o(i.gapc_bond_cmd_handler) referenced from gapc_task.o(.constdata)
 <LI><a href="#[82]">gapc_bond_ind_handler</a> from app_sec.o(i.gapc_bond_ind_handler) referenced from app_sec.o(.constdata)
 <LI><a href="#[81]">gapc_bond_req_ind_handler</a> from app_sec.o(i.gapc_bond_req_ind_handler) referenced from app_sec.o(.constdata)
 <LI><a href="#[f6]">gapc_cmp_evt_handler</a> from gattc_task.o(i.gapc_cmp_evt_handler) referenced from gattc_task.o(.constdata)
 <LI><a href="#[bc]">gapc_connection_cfm_handler</a> from gapc_task.o(i.gapc_connection_cfm_handler) referenced from gapc_task.o(.constdata)
 <LI><a href="#[8b]">gapc_connection_req_ind_handler</a> from app_task.o(i.gapc_connection_req_ind_handler) referenced from app_task.o(.constdata)
 <LI><a href="#[bb]">gapc_disconnect_cmd_handler</a> from gapc_task.o(i.gapc_disconnect_cmd_handler) referenced from gapc_task.o(.constdata)
 <LI><a href="#[8d]">gapc_disconnect_ind_handler</a> from app_task.o(i.gapc_disconnect_ind_handler) referenced from app_task.o(.constdata)
 <LI><a href="#[c7]">gapc_encrypt_cfm_handler</a> from gapc_task.o(i.gapc_encrypt_cfm_handler) referenced from gapc_task.o(.constdata)
 <LI><a href="#[c6]">gapc_encrypt_cmd_handler</a> from gapc_task.o(i.gapc_encrypt_cmd_handler) referenced from gapc_task.o(.constdata)
 <LI><a href="#[84]">gapc_encrypt_ind_handler</a> from app_sec.o(i.gapc_encrypt_ind_handler) referenced from app_sec.o(.constdata)
 <LI><a href="#[83]">gapc_encrypt_req_ind_handler</a> from app_sec.o(i.gapc_encrypt_req_ind_handler) referenced from app_sec.o(.constdata)
 <LI><a href="#[d3]">gapc_get_dev_info_cfm_handler</a> from gapc_task.o(i.gapc_get_dev_info_cfm_handler) referenced from gapc_task.o(.constdata)
 <LI><a href="#[89]">gapc_get_dev_info_req_ind_handler</a> from app_task.o(i.gapc_get_dev_info_req_ind_handler) referenced from app_task.o(.constdata)
 <LI><a href="#[bd]">gapc_get_info_cmd_handler</a> from gapc_task.o(i.gapc_get_info_cmd_handler) referenced from gapc_task.o(.constdata)
 <LI><a href="#[d5]">gapc_hci_handler</a> from gapc_hci.o(i.gapc_hci_handler) referenced 4 times from gapc_task.o(.constdata)
 <LI><a href="#[c1]">gapc_param_update_cfm_handler</a> from gapc_task.o(i.gapc_param_update_cfm_handler) referenced from gapc_task.o(.constdata)
 <LI><a href="#[c0]">gapc_param_update_cmd_handler</a> from gapc_task.o(i.gapc_param_update_cmd_handler) referenced from gapc_task.o(.constdata)
 <LI><a href="#[95]">gapc_param_updated_ind_handler</a> from app_task.o(i.gapc_param_updated_ind_handler) referenced from app_task.o(.constdata)
 <LI><a href="#[c8]">gapc_security_cmd_handler</a> from gapc_task.o(i.gapc_security_cmd_handler) referenced from gapc_task.o(.constdata)
 <LI><a href="#[d4]">gapc_set_dev_info_cfm_handler</a> from gapc_task.o(i.gapc_set_dev_info_cfm_handler) referenced from gapc_task.o(.constdata)
 <LI><a href="#[8a]">gapc_set_dev_info_req_ind_handler</a> from app_task.o(i.gapc_set_dev_info_req_ind_handler) referenced from app_task.o(.constdata)
 <LI><a href="#[d6]">gapc_set_le_ping_to_handler</a> from gapc_task.o(i.gapc_set_le_ping_to_handler) referenced from gapc_task.o(.constdata)
 <LI><a href="#[d7]">gapc_set_le_pkt_size_handler</a> from gapc_task.o(i.gapc_set_le_pkt_size_handler) referenced from gapc_task.o(.constdata)
 <LI><a href="#[c9]">gapc_sign_cmd_handler</a> from gapc_task.o(i.gapc_sign_cmd_handler) referenced from gapc_task.o(.constdata)
 <LI><a href="#[cf]">gapc_smp_rep_attempts_timer_handler</a> from gapc_task.o(i.gapc_smp_rep_attempts_timer_handler) referenced from gapc_task.o(.constdata)
 <LI><a href="#[ce]">gapc_smp_timeout_timer_ind_handler</a> from gapc_task.o(i.gapc_smp_timeout_timer_ind_handler) referenced from gapc_task.o(.constdata)
 <LI><a href="#[c3]">gapc_update_conn_param_to_ind_handler</a> from gapc_task.o(i.gapc_update_conn_param_to_ind_handler) referenced from gapc_task.o(.constdata)
 <LI><a href="#[e6]">gapm_addr_renew_to_ind_handler</a> from gapm_task.o(i.gapm_addr_renew_to_ind_handler) referenced from gapm_task.o(.constdata)
 <LI><a href="#[da]">gapm_cancel_cmd_handler</a> from gapm_task.o(i.gapm_cancel_cmd_handler) referenced from gapm_task.o(.constdata)
 <LI><a href="#[cd]">gapm_cmp_evt_handler</a> from gapc_task.o(i.gapm_cmp_evt_handler) referenced 2 times from gapc_task.o(.constdata)
 <LI><a href="#[d8]">gapm_default_msg_handler</a> from gapm_task.o(i.gapm_default_msg_handler) referenced from gapm_task.o(.constdata)
 <LI><a href="#[87]">gapm_device_ready_ind_handler</a> from app_task.o(i.gapm_device_ready_ind_handler) referenced from app_task.o(.constdata)
 <LI><a href="#[e0]">gapm_gen_rand_addr_cmd_handler</a> from gapm_task.o(i.gapm_gen_rand_addr_cmd_handler) referenced from gapm_task.o(.constdata)
 <LI><a href="#[cb]">gapm_gen_rand_nb_ind_handler</a> from gapc_task.o(i.gapm_gen_rand_nb_ind_handler) referenced from gapc_task.o(.constdata)
 <LI><a href="#[dd]">gapm_get_dev_info_cmd_handler</a> from gapm_task.o(i.gapm_get_dev_info_cmd_handler) referenced from gapm_task.o(.constdata)
 <LI><a href="#[e9]">gapm_hci_handler</a> from gapm_hci.o(i.gapm_hci_handler) referenced 3 times from gapm_task.o(.constdata)
 <LI><a href="#[ec]">gapm_lepsm_register_cmd_handler</a> from gapm_task.o(i.gapm_lepsm_register_cmd_handler) referenced from gapm_task.o(.constdata)
 <LI><a href="#[ed]">gapm_lepsm_unregister_cmd_handler</a> from gapm_task.o(i.gapm_lepsm_unregister_cmd_handler) referenced from gapm_task.o(.constdata)
 <LI><a href="#[e4]">gapm_lim_disc_to_ind_handler</a> from gapm_task.o(i.gapm_lim_disc_to_ind_handler) referenced from gapm_task.o(.constdata)
 <LI><a href="#[8e]">gapm_profile_added_ind_handler</a> from app_task.o(i.gapm_profile_added_ind_handler) referenced from app_task.o(.constdata)
 <LI><a href="#[e7]">gapm_profile_task_add_cmd_handler</a> from gapm_task.o(i.gapm_profile_task_add_cmd_handler) referenced from gapm_task.o(.constdata)
 <LI><a href="#[ea]">gapm_ral_mgt_cmd_handler</a> from gapm_task.o(i.gapm_ral_mgt_cmd_handler) referenced from gapm_task.o(.constdata)
 <LI><a href="#[93]">gapm_read_RSSI_req_ind_handler</a> from app_task.o(i.gapm_read_RSSI_req_ind_handler) referenced from app_task.o(.constdata)
 <LI><a href="#[91]">gapm_read_bda_req_ind_handler</a> from app_task.o(i.gapm_read_bda_req_ind_handler) referenced from app_task.o(.constdata)
 <LI><a href="#[92]">gapm_read_txpower_req_ind_handler</a> from app_task.o(i.gapm_read_txpower_req_ind_handler) referenced from app_task.o(.constdata)
 <LI><a href="#[90]">gapm_read_wlistsize_req_ind_handler</a> from app_task.o(i.gapm_read_wlistsize_req_ind_handler) referenced from app_task.o(.constdata)
 <LI><a href="#[d9]">gapm_reset_cmd_handler</a> from gapm_task.o(i.gapm_reset_cmd_handler) referenced from gapm_task.o(.constdata)
 <LI><a href="#[df]">gapm_resolv_addr_cmd_handler</a> from gapm_task.o(i.gapm_resolv_addr_cmd_handler) referenced from gapm_task.o(.constdata)
 <LI><a href="#[dc]">gapm_set_channel_map_cmd_handler</a> from gapm_task.o(i.gapm_set_channel_map_cmd_handler) referenced from gapm_task.o(.constdata)
 <LI><a href="#[db]">gapm_set_dev_config_cmd_handler</a> from gapm_task.o(i.gapm_set_dev_config_cmd_handler) referenced from gapm_task.o(.constdata)
 <LI><a href="#[eb]">gapm_set_irk_cmd_handler</a> from gapm_task.o(i.gapm_set_irk_cmd_handler) referenced from gapm_task.o(.constdata)
 <LI><a href="#[e2]">gapm_start_advertise_cmd_handler</a> from gapm_task.o(i.gapm_start_advertise_cmd_handler) referenced from gapm_task.o(.constdata)
 <LI><a href="#[e8]">gapm_unknown_task_msg_handler</a> from gapm_task.o(i.gapm_unknown_task_msg_handler) referenced from gapm_task.o(.constdata)
 <LI><a href="#[e3]">gapm_update_advertise_data_cmd_handler</a> from gapm_task.o(i.gapm_update_advertise_data_cmd_handler) referenced from gapm_task.o(.constdata)
 <LI><a href="#[e1]">gapm_use_enc_block_cmd_handler</a> from gapm_task.o(i.gapm_use_enc_block_cmd_handler) referenced 2 times from gapm_task.o(.constdata)
 <LI><a href="#[cc]">gapm_use_enc_block_ind_handler</a> from gapc_task.o(i.gapm_use_enc_block_ind_handler) referenced from gapc_task.o(.constdata)
 <LI><a href="#[de]">gapm_white_list_mgt_cmd_handler</a> from gapm_task.o(i.gapm_white_list_mgt_cmd_handler) referenced from gapm_task.o(.constdata)
 <LI><a href="#[94]">gatt_set_mtu_ind_handler</a> from app_task.o(i.gatt_set_mtu_ind_handler) referenced from app_task.o(.constdata)
 <LI><a href="#[f1]">gattc_att_info_cfm_handler</a> from gattc_task.o(i.gattc_att_info_cfm_handler) referenced from gattc_task.o(.constdata)
 <LI><a href="#[d1]">gattc_att_info_req_ind_handler</a> from gapc_task.o(i.gattc_att_info_req_ind_handler) referenced from gapc_task.o(.constdata)
 <LI><a href="#[bf]">gattc_cmp_evt_handler</a> from gapc_task.o(i.gattc_cmp_evt_handler) referenced from gapc_task.o(.constdata)
 <LI><a href="#[ee]">gattc_exc_mtu_cmd_handler</a> from gattc_task.o(i.gattc_exc_mtu_cmd_handler) referenced from gattc_task.o(.constdata)
 <LI><a href="#[ef]">gattc_read_cfm_handler</a> from gattc_task.o(i.gattc_read_cfm_handler) referenced from gattc_task.o(.constdata)
 <LI><a href="#[be]">gattc_read_ind_handler</a> from gapc_task.o(i.gattc_read_ind_handler) referenced from gapc_task.o(.constdata)
 <LI><a href="#[d2]">gattc_read_req_ind_handler</a> from gapc_task.o(i.gattc_read_req_ind_handler) referenced 2 times from gapc_task.o(.constdata)
 <LI><a href="#[f2]">gattc_send_evt_cmd_handler</a> from gattc_task.o(i.gattc_send_evt_cmd_handler) referenced from gattc_task.o(.constdata)
 <LI><a href="#[f3]">gattc_timeout_handler</a> from gattc_task.o(i.gattc_timeout_handler) referenced from gattc_task.o(.constdata)
 <LI><a href="#[f0]">gattc_write_cfm_handler</a> from gattc_task.o(i.gattc_write_cfm_handler) referenced from gattc_task.o(.constdata)
 <LI><a href="#[d0]">gattc_write_req_ind_handler</a> from gapc_task.o(i.gattc_write_req_ind_handler) referenced 2 times from gapc_task.o(.constdata)
 <LI><a href="#[122]">gattm_default_msg_handler</a> from gattm_task.o(i.gattm_default_msg_handler) referenced from gattm_task.o(.constdata)
 <LI><a href="#[70]">h4tl_rx_done</a> from h4tl.o(i.h4tl_rx_done) referenced from h4tl.o(i.h4tl_init)
 <LI><a href="#[70]">h4tl_rx_done</a> from h4tl.o(i.h4tl_rx_done) referenced from h4tl.o(i.h4tl_read_start)
 <LI><a href="#[70]">h4tl_rx_done</a> from h4tl.o(i.h4tl_rx_done) referenced from h4tl.o(i.h4tl_rx_done)
 <LI><a href="#[71]">h4tl_tx_done</a> from h4tl.o(i.h4tl_tx_done) referenced from h4tl.o(i.h4tl_write)
 <LI><a href="#[6f]">h4tl_tx_evt_handler</a> from h4tl.o(i.h4tl_tx_evt_handler) referenced from h4tl.o(i.h4tl_init)
 <LI><a href="#[128]">hci_acl_data_rx_handler</a> from l2cc_task.o(i.hci_acl_data_rx_handler) referenced from l2cc_task.o(.constdata)
 <LI><a href="#[108]">hci_auth_payl_to_exp_evt_handler</a> from gapc_hci.o(i.hci_auth_payl_to_exp_evt_handler) referenced from gapc_hci.o(.constdata)
 <LI><a href="#[119]">hci_basic_cmd_cmp_evt_addr_set_handler</a> from gapm_hci.o(i.hci_basic_cmd_cmp_evt_addr_set_handler) referenced 2 times from gapm_hci.o(.constdata)
 <LI><a href="#[118]">hci_basic_cmd_cmp_evt_adv_handler</a> from gapm_hci.o(i.hci_basic_cmd_cmp_evt_adv_handler) referenced 4 times from gapm_hci.o(.constdata)
 <LI><a href="#[10e]">hci_basic_cmd_cmp_evt_cfg_handler</a> from gapm_hci.o(i.hci_basic_cmd_cmp_evt_cfg_handler) referenced 5 times from gapm_hci.o(.constdata)
 <LI><a href="#[11f]">hci_basic_cmd_cmp_evt_rl_handler</a> from gapm_hci.o(i.hci_basic_cmd_cmp_evt_rl_handler) referenced 5 times from gapm_hci.o(.constdata)
 <LI><a href="#[117]">hci_basic_cmd_cmp_evt_wl_handler</a> from gapm_hci.o(i.hci_basic_cmd_cmp_evt_wl_handler) referenced 3 times from gapm_hci.o(.constdata)
 <LI><a href="#[100]">hci_cmd_stat_event_handler</a> from gapc_hci.o(i.hci_cmd_stat_event_handler) referenced 4 times from gapc_hci.o(.constdata)
 <LI><a href="#[106]">hci_disc_cmp_evt_handler</a> from gapc_hci.o(i.hci_disc_cmp_evt_handler) referenced from gapc_hci.o(.constdata)
 <LI><a href="#[109]">hci_enc_chg_evt_handler</a> from gapc_hci.o(i.hci_enc_chg_evt_handler) referenced from gapc_hci.o(.constdata)
 <LI><a href="#[10a]">hci_enc_key_refr_evt_handler</a> from gapc_hci.o(i.hci_enc_key_refr_evt_handler) referenced from gapc_hci.o(.constdata)
 <LI><a href="#[140]">hci_host_nb_cmp_pkts_cmd_pkupk</a> from hci_msg.o(i.hci_host_nb_cmp_pkts_cmd_pkupk) referenced from hci_msg.o(.constdata)
 <LI><a href="#[141]">hci_le_adv_report_evt_pkupk</a> from hci_msg.o(i.hci_le_adv_report_evt_pkupk) referenced from hci_msg.o(.constdata)
 <LI><a href="#[120]">hci_le_con_cmp_evt_handler</a> from gapm_hci.o(i.hci_le_con_cmp_evt_handler) referenced from gapm_hci.o(.constdata)
 <LI><a href="#[102]">hci_le_con_update_cmp_evt_handler</a> from gapc_hci.o(i.hci_le_con_update_cmp_evt_handler) referenced from gapc_hci.o(.constdata)
 <LI><a href="#[104]">hci_le_data_len_chg_evt_handler</a> from gapc_hci.o(i.hci_le_data_len_chg_evt_handler) referenced from gapc_hci.o(.constdata)
 <LI><a href="#[142]">hci_le_dir_adv_report_evt_pkupk</a> from hci_msg.o(i.hci_le_dir_adv_report_evt_pkupk) referenced from hci_msg.o(.constdata)
 <LI><a href="#[11b]">hci_le_enc_cmd_cmp_evt_handler</a> from gapm_hci.o(i.hci_le_enc_cmd_cmp_evt_handler) referenced from gapm_hci.o(.constdata)
 <LI><a href="#[121]">hci_le_enh_con_cmp_evt_handler</a> from gapm_hci.o(i.hci_le_enh_con_cmp_evt_handler) referenced from gapm_hci.o(.constdata)
 <LI><a href="#[105]">hci_le_ltk_request_evt_handler</a> from gapc_hci.o(i.hci_le_ltk_request_evt_handler) referenced from gapc_hci.o(.constdata)
 <LI><a href="#[11c]">hci_le_rand_cmd_cmp_evt_handler</a> from gapm_hci.o(i.hci_le_rand_cmd_cmp_evt_handler) referenced from gapm_hci.o(.constdata)
 <LI><a href="#[11a]">hci_le_rd_adv_chnl_tx_pw_cmd_cmp_evt_handler</a> from gapm_hci.o(i.hci_le_rd_adv_chnl_tx_pw_cmd_cmp_evt_handler) referenced from gapm_hci.o(.constdata)
 <LI><a href="#[10f]">hci_le_rd_buff_size_cmd_cmp_evt_handler</a> from gapm_hci.o(i.hci_le_rd_buff_size_cmd_cmp_evt_handler) referenced from gapm_hci.o(.constdata)
 <LI><a href="#[115]">hci_le_rd_max_data_len_cmd_cmp_evt_handler</a> from gapm_hci.o(i.hci_le_rd_max_data_len_cmd_cmp_evt_handler) referenced from gapm_hci.o(.constdata)
 <LI><a href="#[11e]">hci_le_rd_ral_addr_cmd_cmp_evt_handler</a> from gapm_hci.o(i.hci_le_rd_ral_addr_cmd_cmp_evt_handler) referenced 2 times from gapm_hci.o(.constdata)
 <LI><a href="#[11d]">hci_le_rd_ral_size_cmd_cmp_evt_handler</a> from gapm_hci.o(i.hci_le_rd_ral_size_cmd_cmp_evt_handler) referenced from gapm_hci.o(.constdata)
 <LI><a href="#[101]">hci_le_rd_rem_used_feats_cmp_evt_handler</a> from gapc_hci.o(i.hci_le_rd_rem_used_feats_cmp_evt_handler) referenced from gapc_hci.o(.constdata)
 <LI><a href="#[114]">hci_le_rd_suggted_dft_data_len_cmd_cmp_evt_handler</a> from gapm_hci.o(i.hci_le_rd_suggted_dft_data_len_cmd_cmp_evt_handler) referenced from gapm_hci.o(.constdata)
 <LI><a href="#[116]">hci_le_rd_wlst_size_cmd_cmp_evt_handler</a> from gapm_hci.o(i.hci_le_rd_wlst_size_cmd_cmp_evt_handler) referenced from gapm_hci.o(.constdata)
 <LI><a href="#[103]">hci_le_rem_con_param_req_evt_handler</a> from gapc_hci.o(i.hci_le_rem_con_param_req_evt_handler) referenced from gapc_hci.o(.constdata)
 <LI><a href="#[fe]">hci_le_set_data_len_cmd_cmp_evt_handler</a> from gapc_hci.o(i.hci_le_set_data_len_cmd_cmp_evt_handler) referenced from gapc_hci.o(.constdata)
 <LI><a href="#[127]">hci_nb_cmp_pkts_evt_handler</a> from l2cc_task.o(i.hci_nb_cmp_pkts_evt_handler) referenced from l2cc_task.o(.constdata)
 <LI><a href="#[111]">hci_no_operation_cmd_cmp_evt_handler</a> from gapm_hci.o(i.hci_no_operation_cmd_cmp_evt_handler) referenced from gapm_hci.o(.constdata)
 <LI><a href="#[fc]">hci_rd_auth_payl_to_cmd_cmp_evt_handler</a> from gapc_hci.o(i.hci_rd_auth_payl_to_cmd_cmp_evt_handler) referenced from gapc_hci.o(.constdata)
 <LI><a href="#[113]">hci_rd_bd_addr_cmd_cmp_evt_handler</a> from gapm_hci.o(i.hci_rd_bd_addr_cmd_cmp_evt_handler) referenced from gapm_hci.o(.constdata)
 <LI><a href="#[110]">hci_rd_buff_size_cmd_cmp_evt_handler</a> from gapm_hci.o(i.hci_rd_buff_size_cmd_cmp_evt_handler) referenced from gapm_hci.o(.constdata)
 <LI><a href="#[fb]">hci_rd_chnl_map_cmd_cmp_evt_handler</a> from gapc_hci.o(i.hci_rd_chnl_map_cmd_cmp_evt_handler) referenced from gapc_hci.o(.constdata)
 <LI><a href="#[112]">hci_rd_local_ver_info_cmd_cmp_evt_handler</a> from gapm_hci.o(i.hci_rd_local_ver_info_cmd_cmp_evt_handler) referenced from gapm_hci.o(.constdata)
 <LI><a href="#[107]">hci_rd_rem_ver_info_cmp_evt_handler</a> from gapc_hci.o(i.hci_rd_rem_ver_info_cmp_evt_handler) referenced from gapc_hci.o(.constdata)
 <LI><a href="#[fa]">hci_rd_rssi_cmd_cmp_evt_handler</a> from gapc_hci.o(i.hci_rd_rssi_cmd_cmp_evt_handler) referenced from gapc_hci.o(.constdata)
 <LI><a href="#[72]">hci_tx_done</a> from hci_tl.o(i.hci_tx_done) referenced from hci_tl.o(i.hci_tx_start)
 <LI><a href="#[fd]">hci_wr_auth_payl_to_cmd_cmp_evt_handler</a> from gapc_hci.o(i.hci_wr_auth_payl_to_cmd_cmp_evt_handler) referenced from gapc_hci.o(.constdata)
 <LI><a href="#[6a]">idle_hook</a> from app_power.o(i.idle_hook) referenced from app_power.o(i.app_power_init)
 <LI><a href="#[ff]">ke_msg_discard</a> from ke_task.o(i.ke_msg_discard) referenced 2 times from gapc_hci.o(.constdata)
 <LI><a href="#[74]">ke_task_schedule</a> from ke_task.o(i.ke_task_schedule) referenced from ke_task.o(i.ke_task_init)
 <LI><a href="#[76]">ke_timer_schedule</a> from ke_timer.o(i.ke_timer_schedule) referenced from ke_timer.o(i.ke_timer_init)
 <LI><a href="#[68]">key_timeout_callback</a> from app_power.o(i.key_timeout_callback) referenced from app_power.o(i.app_power_init)
 <LI><a href="#[10c]">l2c_code_conn_param_upd_req_handler</a> from gapc_sig.o(i.l2c_code_conn_param_upd_req_handler) referenced 2 times from gapc_sig.o(.constdata)
 <LI><a href="#[10d]">l2c_code_conn_param_upd_resp_handler</a> from gapc_sig.o(i.l2c_code_conn_param_upd_resp_handler) referenced 2 times from gapc_sig.o(.constdata)
 <LI><a href="#[10b]">l2c_code_reject_handler</a> from gapc_sig.o(i.l2c_code_reject_handler) referenced 2 times from gapc_sig.o(.constdata)
 <LI><a href="#[ca]">l2cc_cmp_evt_handler</a> from gapc_task.o(i.l2cc_cmp_evt_handler) referenced 2 times from gapc_task.o(.constdata)
 <LI><a href="#[126]">l2cc_dbg_pdu_send_cmd_handler</a> from l2cc_task.o(i.l2cc_dbg_pdu_send_cmd_handler) referenced from l2cc_task.o(.constdata)
 <LI><a href="#[123]">l2cc_default_msg_handler</a> from l2cc_task.o(i.l2cc_default_msg_handler) referenced from l2cc_task.o(.constdata)
 <LI><a href="#[125]">l2cc_lecb_sdu_send_cmd_handler</a> from l2cc_task.o(i.l2cc_lecb_sdu_send_cmd_handler) referenced from l2cc_task.o(.constdata)
 <LI><a href="#[c2]">l2cc_pdu_recv_ind_handler</a> from gapc_task.o(i.l2cc_pdu_recv_ind_handler) referenced 3 times from gapc_task.o(.constdata)
 <LI><a href="#[124]">l2cc_pdu_send_cmd_handler</a> from l2cc_task.o(i.l2cc_pdu_send_cmd_handler) referenced from l2cc_task.o(.constdata)
 <LI><a href="#[78]">l2cm_l2cap_tx_handler</a> from l2cm.o(i.l2cm_l2cap_tx_handler) referenced from l2cm.o(i.l2cm_init)
 <LI><a href="#[60]">main</a> from components.o(i.$Sub$$main) referenced from entry9a.o(.ARM.Collect$$$$0000000B)
 <LI><a href="#[7c]">main_thread_entry</a> from components.o(i.main_thread_entry) referenced from components.o(i.rt_application_init)
 <LI><a href="#[7b]">nvds_erase</a> from nvds.o(i.nvds_erase) referenced from nvds.o(i.nvds_init)
 <LI><a href="#[79]">nvds_read</a> from nvds.o(i.nvds_read) referenced from nvds.o(i.nvds_init)
 <LI><a href="#[7a]">nvds_write</a> from nvds.o(i.nvds_write) referenced from nvds.o(i.nvds_init)
 <LI><a href="#[69]">power_thread_entry</a> from app_power.o(i.power_thread_entry) referenced from app_power.o(i.app_power_init)
 <LI><a href="#[6b]">ppg_thread_entry</a> from app_ppg.o(i.ppg_thread_entry) referenced from app_ppg.o(i.app_ppg_init)
 <LI><a href="#[6c]">record_thread_entry</a> from app_record.o(i.record_thread_entry) referenced from app_record.o(i.app_record_init)
 <LI><a href="#[64]">rt_thread_exit</a> from thread.o(i.rt_thread_exit) referenced from thread.o(i._rt_thread_init)
 <LI><a href="#[7e]">rt_thread_idle_entry</a> from idle.o(i.rt_thread_idle_entry) referenced from idle.o(i.rt_thread_idle_init)
 <LI><a href="#[65]">rt_thread_timeout</a> from thread.o(i.rt_thread_timeout) referenced from thread.o(i._rt_thread_init)
 <LI><a href="#[7d]">rt_thread_timer_entry</a> from timer.o(i.rt_thread_timer_entry) referenced from timer.o(i.rt_system_timer_thread_init)
 <LI><a href="#[12f]">smpc_construct_enc_info_pdu</a> from smpc_util.o(i.smpc_construct_enc_info_pdu) referenced from smpc_util.o(.constdata)
 <LI><a href="#[132]">smpc_construct_id_addr_info_pdu</a> from smpc_util.o(i.smpc_construct_id_addr_info_pdu) referenced from smpc_util.o(.constdata)
 <LI><a href="#[131]">smpc_construct_id_info_pdu</a> from smpc_util.o(i.smpc_construct_id_info_pdu) referenced from smpc_util.o(.constdata)
 <LI><a href="#[130]">smpc_construct_mst_id_pdu</a> from smpc_util.o(i.smpc_construct_mst_id_pdu) referenced from smpc_util.o(.constdata)
 <LI><a href="#[12c]">smpc_construct_pair_cfm_pdu</a> from smpc_util.o(i.smpc_construct_pair_cfm_pdu) referenced from smpc_util.o(.constdata)
 <LI><a href="#[12e]">smpc_construct_pair_fail_pdu</a> from smpc_util.o(i.smpc_construct_pair_fail_pdu) referenced from smpc_util.o(.constdata)
 <LI><a href="#[12d]">smpc_construct_pair_rand_pdu</a> from smpc_util.o(i.smpc_construct_pair_rand_pdu) referenced from smpc_util.o(.constdata)
 <LI><a href="#[12a]">smpc_construct_pair_req_pdu</a> from smpc_util.o(i.smpc_construct_pair_req_pdu) referenced from smpc_util.o(.constdata)
 <LI><a href="#[12b]">smpc_construct_pair_rsp_pdu</a> from smpc_util.o(i.smpc_construct_pair_rsp_pdu) referenced from smpc_util.o(.constdata)
 <LI><a href="#[134]">smpc_construct_sec_req_pdu</a> from smpc_util.o(i.smpc_construct_sec_req_pdu) referenced from smpc_util.o(.constdata)
 <LI><a href="#[133]">smpc_construct_sign_info_pdu</a> from smpc_util.o(i.smpc_construct_sign_info_pdu) referenced from smpc_util.o(.constdata)
 <LI><a href="#[13a]">smpc_recv_enc_info_pdu</a> from smpc_util.o(i.smpc_recv_enc_info_pdu) referenced from smpc_util.o(.constdata)
 <LI><a href="#[13d]">smpc_recv_id_addr_info_pdu</a> from smpc_util.o(i.smpc_recv_id_addr_info_pdu) referenced from smpc_util.o(.constdata)
 <LI><a href="#[13c]">smpc_recv_id_info_pdu</a> from smpc_util.o(i.smpc_recv_id_info_pdu) referenced from smpc_util.o(.constdata)
 <LI><a href="#[13b]">smpc_recv_mst_id_pdu</a> from smpc_util.o(i.smpc_recv_mst_id_pdu) referenced from smpc_util.o(.constdata)
 <LI><a href="#[137]">smpc_recv_pair_cfm_pdu</a> from smpc_util.o(i.smpc_recv_pair_cfm_pdu) referenced from smpc_util.o(.constdata)
 <LI><a href="#[139]">smpc_recv_pair_fail_pdu</a> from smpc_util.o(i.smpc_recv_pair_fail_pdu) referenced from smpc_util.o(.constdata)
 <LI><a href="#[138]">smpc_recv_pair_rand_pdu</a> from smpc_util.o(i.smpc_recv_pair_rand_pdu) referenced from smpc_util.o(.constdata)
 <LI><a href="#[135]">smpc_recv_pair_req_pdu</a> from smpc_util.o(i.smpc_recv_pair_req_pdu) referenced from smpc_util.o(.constdata)
 <LI><a href="#[136]">smpc_recv_pair_rsp_pdu</a> from smpc_util.o(i.smpc_recv_pair_rsp_pdu) referenced from smpc_util.o(.constdata)
 <LI><a href="#[13f]">smpc_recv_sec_req_pdu</a> from smpc_util.o(i.smpc_recv_sec_req_pdu) referenced from smpc_util.o(.constdata)
 <LI><a href="#[13e]">smpc_recv_sign_info_pdu</a> from smpc_util.o(i.smpc_recv_sign_info_pdu) referenced from smpc_util.o(.constdata)
 <LI><a href="#[6d]">spo2_thread_entry</a> from app_spo2.o(i.spo2_thread_entry) referenced from app_spo2.o(i.app_spo2_init)
 <LI><a href="#[67]">state_thread_entry</a> from app_device.o(i.state_thread_entry) referenced from app_device.o(i.app_device_init)
 <LI><a href="#[9b]">user_cleanup</a> from user.o(i.user_cleanup) referenced from user.o(.constdata)
 <LI><a href="#[9a]">user_create</a> from user.o(i.user_create) referenced from user.o(.constdata)
 <LI><a href="#[9d]">user_data_notify_req_handler</a> from user_task.o(i.user_data_notify_req_handler) referenced from user_task.o(.constdata)
 <LI><a href="#[99]">user_destroy</a> from user.o(i.user_destroy) referenced from user.o(.constdata)
 <LI><a href="#[9c]">user_enable_req_handler</a> from user_task.o(i.user_enable_req_handler) referenced from user_task.o(.constdata)
 <LI><a href="#[9e]">user_gattc_att_info_req_ind_handler</a> from user_task.o(i.user_gattc_att_info_req_ind_handler) referenced from user_task.o(.constdata)
 <LI><a href="#[a1]">user_gattc_cmp_evt_handler</a> from user_task.o(i.user_gattc_cmp_evt_handler) referenced from user_task.o(.constdata)
 <LI><a href="#[a0]">user_gattc_read_req_ind_handler</a> from user_task.o(i.user_gattc_read_req_ind_handler) referenced from user_task.o(.constdata)
 <LI><a href="#[9f]">user_gattc_write_req_ind_handler</a> from user_task.o(i.user_gattc_write_req_ind_handler) referenced from user_task.o(.constdata)
 <LI><a href="#[98]">user_init</a> from user.o(i.user_init) referenced from user.o(.constdata)
</UL>
<P>
<H3>
Global Symbols
</H3>
<P><STRONG><a name="[62]"></a>__main</STRONG> (Thumb, 0 bytes, Stack size unknown bytes, entry.o(.ARM.Collect$$$$00000000))
<BR>[Address Reference Count : 1]<UL><LI> startup_n32wb452.o(.text)
</UL>
<P><STRONG><a name="[47b]"></a>_main_stk</STRONG> (Thumb, 0 bytes, Stack size unknown bytes, entry2.o(.ARM.Collect$$$$00000001))

<P><STRONG><a name="[146]"></a>_main_scatterload</STRONG> (Thumb, 0 bytes, Stack size unknown bytes, entry5.o(.ARM.Collect$$$$00000004))
<BR><BR>[Calls]<UL><LI><a href="#[147]">&gt;&gt;</a>&nbsp;&nbsp;&nbsp;__scatterload
</UL>

<P><STRONG><a name="[18f]"></a>__main_after_scatterload</STRONG> (Thumb, 0 bytes, Stack size unknown bytes, entry5.o(.ARM.Collect$$$$00000004))
<BR><BR>[Called By]<UL><LI><a href="#[147]">&gt;&gt;</a>&nbsp;&nbsp;&nbsp;__scatterload
</UL>

<P><STRONG><a name="[47c]"></a>_main_clock</STRONG> (Thumb, 0 bytes, Stack size unknown bytes, entry7b.o(.ARM.Collect$$$$00000008))

<P><STRONG><a name="[47d]"></a>_main_cpp_init</STRONG> (Thumb, 0 bytes, Stack size unknown bytes, entry8b.o(.ARM.Collect$$$$0000000A))

<P><STRONG><a name="[47e]"></a>_main_init</STRONG> (Thumb, 0 bytes, Stack size unknown bytes, entry9a.o(.ARM.Collect$$$$0000000B))

<P><STRONG><a name="[47f]"></a>__rt_lib_shutdown_fini</STRONG> (Thumb, 0 bytes, Stack size unknown bytes, entry12b.o(.ARM.Collect$$$$0000000E))

<P><STRONG><a name="[480]"></a>__rt_final_cpp</STRONG> (Thumb, 0 bytes, Stack size unknown bytes, entry10a.o(.ARM.Collect$$$$0000000F))

<P><STRONG><a name="[481]"></a>__rt_final_exit</STRONG> (Thumb, 0 bytes, Stack size unknown bytes, entry11a.o(.ARM.Collect$$$$00000011))

<P><STRONG><a name="[0]"></a>Reset_Handler</STRONG> (Thumb, 8 bytes, Stack size 0 bytes, startup_n32wb452.o(.text))
<BR>[Address Reference Count : 1]<UL><LI> startup_n32wb452.o(RESET)
</UL>
<P><STRONG><a name="[1]"></a>NMI_Handler</STRONG> (Thumb, 2 bytes, Stack size 0 bytes, startup_n32wb452.o(.text))
<BR><BR>[Calls]<UL><LI><a href="#[1]">&gt;&gt;</a>&nbsp;&nbsp;&nbsp;NMI_Handler
</UL>
<BR>[Called By]<UL><LI><a href="#[1]">&gt;&gt;</a>&nbsp;&nbsp;&nbsp;NMI_Handler
</UL>
<BR>[Address Reference Count : 1]<UL><LI> startup_n32wb452.o(RESET)
</UL>
<P><STRONG><a name="[3]"></a>MemManage_Handler</STRONG> (Thumb, 2 bytes, Stack size 0 bytes, startup_n32wb452.o(.text))
<BR><BR>[Calls]<UL><LI><a href="#[3]">&gt;&gt;</a>&nbsp;&nbsp;&nbsp;MemManage_Handler
</UL>
<BR>[Called By]<UL><LI><a href="#[3]">&gt;&gt;</a>&nbsp;&nbsp;&nbsp;MemManage_Handler
</UL>
<BR>[Address Reference Count : 1]<UL><LI> startup_n32wb452.o(RESET)
</UL>
<P><STRONG><a name="[4]"></a>BusFault_Handler</STRONG> (Thumb, 2 bytes, Stack size 0 bytes, startup_n32wb452.o(.text))
<BR><BR>[Calls]<UL><LI><a href="#[4]">&gt;&gt;</a>&nbsp;&nbsp;&nbsp;BusFault_Handler
</UL>
<BR>[Called By]<UL><LI><a href="#[4]">&gt;&gt;</a>&nbsp;&nbsp;&nbsp;BusFault_Handler
</UL>
<BR>[Address Reference Count : 1]<UL><LI> startup_n32wb452.o(RESET)
</UL>
<P><STRONG><a name="[5]"></a>UsageFault_Handler</STRONG> (Thumb, 2 bytes, Stack size 0 bytes, startup_n32wb452.o(.text))
<BR><BR>[Calls]<UL><LI><a href="#[5]">&gt;&gt;</a>&nbsp;&nbsp;&nbsp;UsageFault_Handler
</UL>
<BR>[Called By]<UL><LI><a href="#[5]">&gt;&gt;</a>&nbsp;&nbsp;&nbsp;UsageFault_Handler
</UL>
<BR>[Address Reference Count : 1]<UL><LI> startup_n32wb452.o(RESET)
</UL>
<P><STRONG><a name="[6]"></a>SVC_Handler</STRONG> (Thumb, 2 bytes, Stack size 0 bytes, startup_n32wb452.o(.text))
<BR><BR>[Calls]<UL><LI><a href="#[6]">&gt;&gt;</a>&nbsp;&nbsp;&nbsp;SVC_Handler
</UL>
<BR>[Called By]<UL><LI><a href="#[6]">&gt;&gt;</a>&nbsp;&nbsp;&nbsp;SVC_Handler
</UL>
<BR>[Address Reference Count : 1]<UL><LI> startup_n32wb452.o(RESET)
</UL>
<P><STRONG><a name="[7]"></a>DebugMon_Handler</STRONG> (Thumb, 2 bytes, Stack size 0 bytes, startup_n32wb452.o(.text))
<BR><BR>[Calls]<UL><LI><a href="#[7]">&gt;&gt;</a>&nbsp;&nbsp;&nbsp;DebugMon_Handler
</UL>
<BR>[Called By]<UL><LI><a href="#[7]">&gt;&gt;</a>&nbsp;&nbsp;&nbsp;DebugMon_Handler
</UL>
<BR>[Address Reference Count : 1]<UL><LI> startup_n32wb452.o(RESET)
</UL>
<P><STRONG><a name="[1c]"></a>ADC1_2_IRQHandler</STRONG> (Thumb, 0 bytes, Stack size 0 bytes, startup_n32wb452.o(.text))
<BR><BR>[Calls]<UL><LI><a href="#[1c]">&gt;&gt;</a>&nbsp;&nbsp;&nbsp;ADC1_2_IRQHandler
</UL>
<BR>[Called By]<UL><LI><a href="#[1c]">&gt;&gt;</a>&nbsp;&nbsp;&nbsp;ADC1_2_IRQHandler
</UL>
<BR>[Address Reference Count : 1]<UL><LI> startup_n32wb452.o(RESET)
</UL>
<P><STRONG><a name="[1f]"></a>CAN1_RX1_IRQHandler</STRONG> (Thumb, 0 bytes, Stack size 0 bytes, startup_n32wb452.o(.text))
<BR>[Address Reference Count : 1]<UL><LI> startup_n32wb452.o(RESET)
</UL>
<P><STRONG><a name="[20]"></a>CAN1_SCE_IRQHandler</STRONG> (Thumb, 0 bytes, Stack size 0 bytes, startup_n32wb452.o(.text))
<BR>[Address Reference Count : 1]<UL><LI> startup_n32wb452.o(RESET)
</UL>
<P><STRONG><a name="[4a]"></a>CAN2_RX0_IRQHandler</STRONG> (Thumb, 0 bytes, Stack size 0 bytes, startup_n32wb452.o(.text))
<BR>[Address Reference Count : 1]<UL><LI> startup_n32wb452.o(RESET)
</UL>
<P><STRONG><a name="[4b]"></a>CAN2_RX1_IRQHandler</STRONG> (Thumb, 0 bytes, Stack size 0 bytes, startup_n32wb452.o(.text))
<BR>[Address Reference Count : 1]<UL><LI> startup_n32wb452.o(RESET)
</UL>
<P><STRONG><a name="[4c]"></a>CAN2_SCE_IRQHandler</STRONG> (Thumb, 0 bytes, Stack size 0 bytes, startup_n32wb452.o(.text))
<BR>[Address Reference Count : 1]<UL><LI> startup_n32wb452.o(RESET)
</UL>
<P><STRONG><a name="[49]"></a>CAN2_TX_IRQHandler</STRONG> (Thumb, 0 bytes, Stack size 0 bytes, startup_n32wb452.o(.text))
<BR>[Address Reference Count : 1]<UL><LI> startup_n32wb452.o(RESET)
</UL>
<P><STRONG><a name="[15]"></a>DMA1_Channel1_IRQHandler</STRONG> (Thumb, 0 bytes, Stack size 0 bytes, startup_n32wb452.o(.text))
<BR>[Address Reference Count : 1]<UL><LI> startup_n32wb452.o(RESET)
</UL>
<P><STRONG><a name="[16]"></a>DMA1_Channel2_IRQHandler</STRONG> (Thumb, 0 bytes, Stack size 0 bytes, startup_n32wb452.o(.text))
<BR>[Address Reference Count : 1]<UL><LI> startup_n32wb452.o(RESET)
</UL>
<P><STRONG><a name="[17]"></a>DMA1_Channel3_IRQHandler</STRONG> (Thumb, 0 bytes, Stack size 0 bytes, startup_n32wb452.o(.text))
<BR>[Address Reference Count : 1]<UL><LI> startup_n32wb452.o(RESET)
</UL>
<P><STRONG><a name="[18]"></a>DMA1_Channel4_IRQHandler</STRONG> (Thumb, 0 bytes, Stack size 0 bytes, startup_n32wb452.o(.text))
<BR>[Address Reference Count : 1]<UL><LI> startup_n32wb452.o(RESET)
</UL>
<P><STRONG><a name="[19]"></a>DMA1_Channel5_IRQHandler</STRONG> (Thumb, 0 bytes, Stack size 0 bytes, startup_n32wb452.o(.text))
<BR>[Address Reference Count : 1]<UL><LI> startup_n32wb452.o(RESET)
</UL>
<P><STRONG><a name="[1a]"></a>DMA1_Channel6_IRQHandler</STRONG> (Thumb, 0 bytes, Stack size 0 bytes, startup_n32wb452.o(.text))
<BR>[Address Reference Count : 1]<UL><LI> startup_n32wb452.o(RESET)
</UL>
<P><STRONG><a name="[56]"></a>DMA1_Channel8_IRQHandler</STRONG> (Thumb, 0 bytes, Stack size 0 bytes, startup_n32wb452.o(.text))
<BR>[Address Reference Count : 1]<UL><LI> startup_n32wb452.o(RESET)
</UL>
<P><STRONG><a name="[42]"></a>DMA2_Channel1_IRQHandler</STRONG> (Thumb, 0 bytes, Stack size 0 bytes, startup_n32wb452.o(.text))
<BR>[Address Reference Count : 1]<UL><LI> startup_n32wb452.o(RESET)
</UL>
<P><STRONG><a name="[43]"></a>DMA2_Channel2_IRQHandler</STRONG> (Thumb, 0 bytes, Stack size 0 bytes, startup_n32wb452.o(.text))
<BR>[Address Reference Count : 1]<UL><LI> startup_n32wb452.o(RESET)
</UL>
<P><STRONG><a name="[44]"></a>DMA2_Channel3_IRQHandler</STRONG> (Thumb, 0 bytes, Stack size 0 bytes, startup_n32wb452.o(.text))
<BR>[Address Reference Count : 1]<UL><LI> startup_n32wb452.o(RESET)
</UL>
<P><STRONG><a name="[45]"></a>DMA2_Channel4_IRQHandler</STRONG> (Thumb, 0 bytes, Stack size 0 bytes, startup_n32wb452.o(.text))
<BR>[Address Reference Count : 1]<UL><LI> startup_n32wb452.o(RESET)
</UL>
<P><STRONG><a name="[46]"></a>DMA2_Channel5_IRQHandler</STRONG> (Thumb, 0 bytes, Stack size 0 bytes, startup_n32wb452.o(.text))
<BR>[Address Reference Count : 1]<UL><LI> startup_n32wb452.o(RESET)
</UL>
<P><STRONG><a name="[4e]"></a>DMA2_Channel6_IRQHandler</STRONG> (Thumb, 0 bytes, Stack size 0 bytes, startup_n32wb452.o(.text))
<BR>[Address Reference Count : 1]<UL><LI> startup_n32wb452.o(RESET)
</UL>
<P><STRONG><a name="[4f]"></a>DMA2_Channel7_IRQHandler</STRONG> (Thumb, 0 bytes, Stack size 0 bytes, startup_n32wb452.o(.text))
<BR>[Address Reference Count : 1]<UL><LI> startup_n32wb452.o(RESET)
</UL>
<P><STRONG><a name="[57]"></a>DMA2_Channel8_IRQHandler</STRONG> (Thumb, 0 bytes, Stack size 0 bytes, startup_n32wb452.o(.text))
<BR>[Address Reference Count : 1]<UL><LI> startup_n32wb452.o(RESET)
</UL>
<P><STRONG><a name="[58]"></a>DVP_IRQHandler</STRONG> (Thumb, 0 bytes, Stack size 0 bytes, startup_n32wb452.o(.text))
<BR>[Address Reference Count : 1]<UL><LI> startup_n32wb452.o(RESET)
</UL>
<P><STRONG><a name="[11]"></a>EXTI1_IRQHandler</STRONG> (Thumb, 0 bytes, Stack size 0 bytes, startup_n32wb452.o(.text))
<BR>[Address Reference Count : 1]<UL><LI> startup_n32wb452.o(RESET)
</UL>
<P><STRONG><a name="[12]"></a>EXTI2_IRQHandler</STRONG> (Thumb, 0 bytes, Stack size 0 bytes, startup_n32wb452.o(.text))
<BR>[Address Reference Count : 1]<UL><LI> startup_n32wb452.o(RESET)
</UL>
<P><STRONG><a name="[14]"></a>EXTI4_IRQHandler</STRONG> (Thumb, 0 bytes, Stack size 0 bytes, startup_n32wb452.o(.text))
<BR>[Address Reference Count : 1]<UL><LI> startup_n32wb452.o(RESET)
</UL>
<P><STRONG><a name="[e]"></a>FLASH_IRQHandler</STRONG> (Thumb, 0 bytes, Stack size 0 bytes, startup_n32wb452.o(.text))
<BR>[Address Reference Count : 1]<UL><LI> startup_n32wb452.o(RESET)
</UL>
<P><STRONG><a name="[2a]"></a>I2C1_ER_IRQHandler</STRONG> (Thumb, 0 bytes, Stack size 0 bytes, startup_n32wb452.o(.text))
<BR>[Address Reference Count : 1]<UL><LI> startup_n32wb452.o(RESET)
</UL>
<P><STRONG><a name="[29]"></a>I2C1_EV_IRQHandler</STRONG> (Thumb, 0 bytes, Stack size 0 bytes, startup_n32wb452.o(.text))
<BR>[Address Reference Count : 1]<UL><LI> startup_n32wb452.o(RESET)
</UL>
<P><STRONG><a name="[2c]"></a>I2C2_ER_IRQHandler</STRONG> (Thumb, 0 bytes, Stack size 0 bytes, startup_n32wb452.o(.text))
<BR>[Address Reference Count : 1]<UL><LI> startup_n32wb452.o(RESET)
</UL>
<P><STRONG><a name="[2b]"></a>I2C2_EV_IRQHandler</STRONG> (Thumb, 0 bytes, Stack size 0 bytes, startup_n32wb452.o(.text))
<BR>[Address Reference Count : 1]<UL><LI> startup_n32wb452.o(RESET)
</UL>
<P><STRONG><a name="[51]"></a>I2C3_ER_IRQHandler</STRONG> (Thumb, 0 bytes, Stack size 0 bytes, startup_n32wb452.o(.text))
<BR>[Address Reference Count : 1]<UL><LI> startup_n32wb452.o(RESET)
</UL>
<P><STRONG><a name="[50]"></a>I2C3_EV_IRQHandler</STRONG> (Thumb, 0 bytes, Stack size 0 bytes, startup_n32wb452.o(.text))
<BR>[Address Reference Count : 1]<UL><LI> startup_n32wb452.o(RESET)
</UL>
<P><STRONG><a name="[53]"></a>I2C4_ER_IRQHandler</STRONG> (Thumb, 0 bytes, Stack size 0 bytes, startup_n32wb452.o(.text))
<BR>[Address Reference Count : 1]<UL><LI> startup_n32wb452.o(RESET)
</UL>
<P><STRONG><a name="[52]"></a>I2C4_EV_IRQHandler</STRONG> (Thumb, 0 bytes, Stack size 0 bytes, startup_n32wb452.o(.text))
<BR>[Address Reference Count : 1]<UL><LI> startup_n32wb452.o(RESET)
</UL>
<P><STRONG><a name="[5a]"></a>MMU_IRQHandler</STRONG> (Thumb, 0 bytes, Stack size 0 bytes, startup_n32wb452.o(.text))
<BR>[Address Reference Count : 1]<UL><LI> startup_n32wb452.o(RESET)
</UL>
<P><STRONG><a name="[b]"></a>PVD_IRQHandler</STRONG> (Thumb, 0 bytes, Stack size 0 bytes, startup_n32wb452.o(.text))
<BR>[Address Reference Count : 1]<UL><LI> startup_n32wb452.o(RESET)
</UL>
<P><STRONG><a name="[f]"></a>RCC_IRQHandler</STRONG> (Thumb, 0 bytes, Stack size 0 bytes, startup_n32wb452.o(.text))
<BR>[Address Reference Count : 1]<UL><LI> startup_n32wb452.o(RESET)
</UL>
<P><STRONG><a name="[5f]"></a>RSRAM_IRQHandler</STRONG> (Thumb, 0 bytes, Stack size 0 bytes, startup_n32wb452.o(.text))
<BR>[Address Reference Count : 1]<UL><LI> startup_n32wb452.o(RESET)
</UL>
<P><STRONG><a name="[33]"></a>RTCAlarm_IRQHandler</STRONG> (Thumb, 0 bytes, Stack size 0 bytes, startup_n32wb452.o(.text))
<BR>[Address Reference Count : 1]<UL><LI> startup_n32wb452.o(RESET)
</UL>
<P><STRONG><a name="[59]"></a>SAC_IRQHandler</STRONG> (Thumb, 0 bytes, Stack size 0 bytes, startup_n32wb452.o(.text))
<BR>[Address Reference Count : 1]<UL><LI> startup_n32wb452.o(RESET)
</UL>
<P><STRONG><a name="[3b]"></a>SDIO_IRQHandler</STRONG> (Thumb, 0 bytes, Stack size 0 bytes, startup_n32wb452.o(.text))
<BR>[Address Reference Count : 1]<UL><LI> startup_n32wb452.o(RESET)
</UL>
<P><STRONG><a name="[2d]"></a>SPI1_IRQHandler</STRONG> (Thumb, 0 bytes, Stack size 0 bytes, startup_n32wb452.o(.text))
<BR>[Address Reference Count : 1]<UL><LI> startup_n32wb452.o(RESET)
</UL>
<P><STRONG><a name="[2e]"></a>SPI2_IRQHandler</STRONG> (Thumb, 0 bytes, Stack size 0 bytes, startup_n32wb452.o(.text))
<BR>[Address Reference Count : 1]<UL><LI> startup_n32wb452.o(RESET)
</UL>
<P><STRONG><a name="[3d]"></a>SPI3_IRQHandler</STRONG> (Thumb, 0 bytes, Stack size 0 bytes, startup_n32wb452.o(.text))
<BR>[Address Reference Count : 1]<UL><LI> startup_n32wb452.o(RESET)
</UL>
<P><STRONG><a name="[c]"></a>TAMPER_IRQHandler</STRONG> (Thumb, 0 bytes, Stack size 0 bytes, startup_n32wb452.o(.text))
<BR>[Address Reference Count : 1]<UL><LI> startup_n32wb452.o(RESET)
</UL>
<P><STRONG><a name="[22]"></a>TIM1_BRK_IRQHandler</STRONG> (Thumb, 0 bytes, Stack size 0 bytes, startup_n32wb452.o(.text))
<BR>[Address Reference Count : 1]<UL><LI> startup_n32wb452.o(RESET)
</UL>
<P><STRONG><a name="[25]"></a>TIM1_CC_IRQHandler</STRONG> (Thumb, 0 bytes, Stack size 0 bytes, startup_n32wb452.o(.text))
<BR>[Address Reference Count : 1]<UL><LI> startup_n32wb452.o(RESET)
</UL>
<P><STRONG><a name="[24]"></a>TIM1_TRG_COM_IRQHandler</STRONG> (Thumb, 0 bytes, Stack size 0 bytes, startup_n32wb452.o(.text))
<BR>[Address Reference Count : 1]<UL><LI> startup_n32wb452.o(RESET)
</UL>
<P><STRONG><a name="[23]"></a>TIM1_UP_IRQHandler</STRONG> (Thumb, 0 bytes, Stack size 0 bytes, startup_n32wb452.o(.text))
<BR>[Address Reference Count : 1]<UL><LI> startup_n32wb452.o(RESET)
</UL>
<P><STRONG><a name="[26]"></a>TIM2_IRQHandler</STRONG> (Thumb, 0 bytes, Stack size 0 bytes, startup_n32wb452.o(.text))
<BR>[Address Reference Count : 1]<UL><LI> startup_n32wb452.o(RESET)
</UL>
<P><STRONG><a name="[28]"></a>TIM4_IRQHandler</STRONG> (Thumb, 0 bytes, Stack size 0 bytes, startup_n32wb452.o(.text))
<BR>[Address Reference Count : 1]<UL><LI> startup_n32wb452.o(RESET)
</UL>
<P><STRONG><a name="[3c]"></a>TIM5_IRQHandler</STRONG> (Thumb, 0 bytes, Stack size 0 bytes, startup_n32wb452.o(.text))
<BR>[Address Reference Count : 1]<UL><LI> startup_n32wb452.o(RESET)
</UL>
<P><STRONG><a name="[40]"></a>TIM6_IRQHandler</STRONG> (Thumb, 0 bytes, Stack size 0 bytes, startup_n32wb452.o(.text))
<BR>[Address Reference Count : 1]<UL><LI> startup_n32wb452.o(RESET)
</UL>
<P><STRONG><a name="[41]"></a>TIM7_IRQHandler</STRONG> (Thumb, 0 bytes, Stack size 0 bytes, startup_n32wb452.o(.text))
<BR>[Address Reference Count : 1]<UL><LI> startup_n32wb452.o(RESET)
</UL>
<P><STRONG><a name="[35]"></a>TIM8_BRK_IRQHandler</STRONG> (Thumb, 0 bytes, Stack size 0 bytes, startup_n32wb452.o(.text))
<BR>[Address Reference Count : 1]<UL><LI> startup_n32wb452.o(RESET)
</UL>
<P><STRONG><a name="[38]"></a>TIM8_CC_IRQHandler</STRONG> (Thumb, 0 bytes, Stack size 0 bytes, startup_n32wb452.o(.text))
<BR>[Address Reference Count : 1]<UL><LI> startup_n32wb452.o(RESET)
</UL>
<P><STRONG><a name="[37]"></a>TIM8_TRG_COM_IRQHandler</STRONG> (Thumb, 0 bytes, Stack size 0 bytes, startup_n32wb452.o(.text))
<BR>[Address Reference Count : 1]<UL><LI> startup_n32wb452.o(RESET)
</UL>
<P><STRONG><a name="[36]"></a>TIM8_UP_IRQHandler</STRONG> (Thumb, 0 bytes, Stack size 0 bytes, startup_n32wb452.o(.text))
<BR>[Address Reference Count : 1]<UL><LI> startup_n32wb452.o(RESET)
</UL>
<P><STRONG><a name="[5b]"></a>TSC_IRQHandler</STRONG> (Thumb, 0 bytes, Stack size 0 bytes, startup_n32wb452.o(.text))
<BR>[Address Reference Count : 1]<UL><LI> startup_n32wb452.o(RESET)
</UL>
<P><STRONG><a name="[3e]"></a>UART4_IRQHandler</STRONG> (Thumb, 0 bytes, Stack size 0 bytes, startup_n32wb452.o(.text))
<BR>[Address Reference Count : 1]<UL><LI> startup_n32wb452.o(RESET)
</UL>
<P><STRONG><a name="[3f]"></a>UART5_IRQHandler</STRONG> (Thumb, 0 bytes, Stack size 0 bytes, startup_n32wb452.o(.text))
<BR>[Address Reference Count : 1]<UL><LI> startup_n32wb452.o(RESET)
</UL>
<P><STRONG><a name="[54]"></a>UART6_IRQHandler</STRONG> (Thumb, 0 bytes, Stack size 0 bytes, startup_n32wb452.o(.text))
<BR>[Address Reference Count : 1]<UL><LI> startup_n32wb452.o(RESET)
</UL>
<P><STRONG><a name="[55]"></a>UART7_IRQHandler</STRONG> (Thumb, 0 bytes, Stack size 0 bytes, startup_n32wb452.o(.text))
<BR>[Address Reference Count : 1]<UL><LI> startup_n32wb452.o(RESET)
</UL>
<P><STRONG><a name="[2f]"></a>USART1_IRQHandler</STRONG> (Thumb, 0 bytes, Stack size 0 bytes, startup_n32wb452.o(.text))
<BR>[Address Reference Count : 1]<UL><LI> startup_n32wb452.o(RESET)
</UL>
<P><STRONG><a name="[30]"></a>USART2_IRQHandler</STRONG> (Thumb, 0 bytes, Stack size 0 bytes, startup_n32wb452.o(.text))
<BR>[Address Reference Count : 1]<UL><LI> startup_n32wb452.o(RESET)
</UL>
<P><STRONG><a name="[31]"></a>USART3_IRQHandler</STRONG> (Thumb, 0 bytes, Stack size 0 bytes, startup_n32wb452.o(.text))
<BR>[Address Reference Count : 1]<UL><LI> startup_n32wb452.o(RESET)
</UL>
<P><STRONG><a name="[34]"></a>USBWakeUp_IRQHandler</STRONG> (Thumb, 0 bytes, Stack size 0 bytes, startup_n32wb452.o(.text))
<BR>[Address Reference Count : 1]<UL><LI> startup_n32wb452.o(RESET)
</UL>
<P><STRONG><a name="[1d]"></a>USB_HP_CAN1_TX_IRQHandler</STRONG> (Thumb, 0 bytes, Stack size 0 bytes, startup_n32wb452.o(.text))
<BR>[Address Reference Count : 1]<UL><LI> startup_n32wb452.o(RESET)
</UL>
<P><STRONG><a name="[1e]"></a>USB_LP_CAN1_RX0_IRQHandler</STRONG> (Thumb, 0 bytes, Stack size 0 bytes, startup_n32wb452.o(.text))
<BR>[Address Reference Count : 1]<UL><LI> startup_n32wb452.o(RESET)
</UL>
<P><STRONG><a name="[a]"></a>WWDG_IRQHandler</STRONG> (Thumb, 0 bytes, Stack size 0 bytes, startup_n32wb452.o(.text))
<BR>[Address Reference Count : 1]<UL><LI> startup_n32wb452.o(RESET)
</UL>
<P><STRONG><a name="[289]"></a>rt_hw_interrupt_disable</STRONG> (Thumb, 8 bytes, Stack size 0 bytes, context_rvds.o(.text))
<BR><BR>[Called By]<UL><LI><a href="#[322]">&gt;&gt;</a>&nbsp;&nbsp;&nbsp;rt_sem_take
<LI><a href="#[294]">&gt;&gt;</a>&nbsp;&nbsp;&nbsp;rt_sem_release
<LI><a href="#[2b0]">&gt;&gt;</a>&nbsp;&nbsp;&nbsp;rt_exit_critical
<LI><a href="#[2af]">&gt;&gt;</a>&nbsp;&nbsp;&nbsp;rt_enter_critical
<LI><a href="#[2a7]">&gt;&gt;</a>&nbsp;&nbsp;&nbsp;app_power_lock
<LI><a href="#[2b9]">&gt;&gt;</a>&nbsp;&nbsp;&nbsp;invalidate_window
<LI><a href="#[2ad]">&gt;&gt;</a>&nbsp;&nbsp;&nbsp;app_power_unlock
<LI><a href="#[3fa]">&gt;&gt;</a>&nbsp;&nbsp;&nbsp;rt_timer_stop
<LI><a href="#[2a6]">&gt;&gt;</a>&nbsp;&nbsp;&nbsp;rt_timer_start
<LI><a href="#[338]">&gt;&gt;</a>&nbsp;&nbsp;&nbsp;rt_timer_check
<LI><a href="#[337]">&gt;&gt;</a>&nbsp;&nbsp;&nbsp;rt_tick_set
<LI><a href="#[2a5]">&gt;&gt;</a>&nbsp;&nbsp;&nbsp;rt_thread_idle_sethook
<LI><a href="#[27c]">&gt;&gt;</a>&nbsp;&nbsp;&nbsp;rt_mq_recv
<LI><a href="#[288]">&gt;&gt;</a>&nbsp;&nbsp;&nbsp;app_device_get_status
<LI><a href="#[1c4]">&gt;&gt;</a>&nbsp;&nbsp;&nbsp;rt_interrupt_leave
<LI><a href="#[1c2]">&gt;&gt;</a>&nbsp;&nbsp;&nbsp;rt_interrupt_enter
<LI><a href="#[430]">&gt;&gt;</a>&nbsp;&nbsp;&nbsp;rt_object_detach
<LI><a href="#[42e]">&gt;&gt;</a>&nbsp;&nbsp;&nbsp;rt_object_delete
<LI><a href="#[443]">&gt;&gt;</a>&nbsp;&nbsp;&nbsp;rt_thread_idle_excute
<LI><a href="#[1a3]">&gt;&gt;</a>&nbsp;&nbsp;&nbsp;rtthread_startup
<LI><a href="#[448]">&gt;&gt;</a>&nbsp;&nbsp;&nbsp;rt_thread_yield
<LI><a href="#[440]">&gt;&gt;</a>&nbsp;&nbsp;&nbsp;rt_timer_detach
<LI><a href="#[43f]">&gt;&gt;</a>&nbsp;&nbsp;&nbsp;rt_thread_sleep
<LI><a href="#[64]">&gt;&gt;</a>&nbsp;&nbsp;&nbsp;rt_thread_exit
<LI><a href="#[435]">&gt;&gt;</a>&nbsp;&nbsp;&nbsp;rt_schedule_remove_thread
<LI><a href="#[434]">&gt;&gt;</a>&nbsp;&nbsp;&nbsp;rt_schedule_insert_thread
<LI><a href="#[420]">&gt;&gt;</a>&nbsp;&nbsp;&nbsp;rt_thread_suspend
<LI><a href="#[41e]">&gt;&gt;</a>&nbsp;&nbsp;&nbsp;rt_thread_resume
<LI><a href="#[418]">&gt;&gt;</a>&nbsp;&nbsp;&nbsp;rt_schedule
<LI><a href="#[425]">&gt;&gt;</a>&nbsp;&nbsp;&nbsp;rt_object_init
<LI><a href="#[42a]">&gt;&gt;</a>&nbsp;&nbsp;&nbsp;rt_object_allocate
<LI><a href="#[429]">&gt;&gt;</a>&nbsp;&nbsp;&nbsp;rt_mq_send_wait
</UL>

<P><STRONG><a name="[28a]"></a>rt_hw_interrupt_enable</STRONG> (Thumb, 6 bytes, Stack size 0 bytes, context_rvds.o(.text))
<BR><BR>[Called By]<UL><LI><a href="#[322]">&gt;&gt;</a>&nbsp;&nbsp;&nbsp;rt_sem_take
<LI><a href="#[294]">&gt;&gt;</a>&nbsp;&nbsp;&nbsp;rt_sem_release
<LI><a href="#[2b0]">&gt;&gt;</a>&nbsp;&nbsp;&nbsp;rt_exit_critical
<LI><a href="#[2af]">&gt;&gt;</a>&nbsp;&nbsp;&nbsp;rt_enter_critical
<LI><a href="#[2a7]">&gt;&gt;</a>&nbsp;&nbsp;&nbsp;app_power_lock
<LI><a href="#[2b9]">&gt;&gt;</a>&nbsp;&nbsp;&nbsp;invalidate_window
<LI><a href="#[2ad]">&gt;&gt;</a>&nbsp;&nbsp;&nbsp;app_power_unlock
<LI><a href="#[3fa]">&gt;&gt;</a>&nbsp;&nbsp;&nbsp;rt_timer_stop
<LI><a href="#[2a6]">&gt;&gt;</a>&nbsp;&nbsp;&nbsp;rt_timer_start
<LI><a href="#[338]">&gt;&gt;</a>&nbsp;&nbsp;&nbsp;rt_timer_check
<LI><a href="#[337]">&gt;&gt;</a>&nbsp;&nbsp;&nbsp;rt_tick_set
<LI><a href="#[2a5]">&gt;&gt;</a>&nbsp;&nbsp;&nbsp;rt_thread_idle_sethook
<LI><a href="#[27c]">&gt;&gt;</a>&nbsp;&nbsp;&nbsp;rt_mq_recv
<LI><a href="#[288]">&gt;&gt;</a>&nbsp;&nbsp;&nbsp;app_device_get_status
<LI><a href="#[1c4]">&gt;&gt;</a>&nbsp;&nbsp;&nbsp;rt_interrupt_leave
<LI><a href="#[1c2]">&gt;&gt;</a>&nbsp;&nbsp;&nbsp;rt_interrupt_enter
<LI><a href="#[430]">&gt;&gt;</a>&nbsp;&nbsp;&nbsp;rt_object_detach
<LI><a href="#[42e]">&gt;&gt;</a>&nbsp;&nbsp;&nbsp;rt_object_delete
<LI><a href="#[443]">&gt;&gt;</a>&nbsp;&nbsp;&nbsp;rt_thread_idle_excute
<LI><a href="#[448]">&gt;&gt;</a>&nbsp;&nbsp;&nbsp;rt_thread_yield
<LI><a href="#[440]">&gt;&gt;</a>&nbsp;&nbsp;&nbsp;rt_timer_detach
<LI><a href="#[43f]">&gt;&gt;</a>&nbsp;&nbsp;&nbsp;rt_thread_sleep
<LI><a href="#[64]">&gt;&gt;</a>&nbsp;&nbsp;&nbsp;rt_thread_exit
<LI><a href="#[435]">&gt;&gt;</a>&nbsp;&nbsp;&nbsp;rt_schedule_remove_thread
<LI><a href="#[434]">&gt;&gt;</a>&nbsp;&nbsp;&nbsp;rt_schedule_insert_thread
<LI><a href="#[420]">&gt;&gt;</a>&nbsp;&nbsp;&nbsp;rt_thread_suspend
<LI><a href="#[41e]">&gt;&gt;</a>&nbsp;&nbsp;&nbsp;rt_thread_resume
<LI><a href="#[418]">&gt;&gt;</a>&nbsp;&nbsp;&nbsp;rt_schedule
<LI><a href="#[425]">&gt;&gt;</a>&nbsp;&nbsp;&nbsp;rt_object_init
<LI><a href="#[42a]">&gt;&gt;</a>&nbsp;&nbsp;&nbsp;rt_object_allocate
<LI><a href="#[429]">&gt;&gt;</a>&nbsp;&nbsp;&nbsp;rt_mq_send_wait
</UL>

<P><STRONG><a name="[432]"></a>rt_hw_context_switch</STRONG> (Thumb, 32 bytes, Stack size 0 bytes, context_rvds.o(.text))
<BR><BR>[Called By]<UL><LI><a href="#[418]">&gt;&gt;</a>&nbsp;&nbsp;&nbsp;rt_schedule
</UL>

<P><STRONG><a name="[433]"></a>rt_hw_context_switch_interrupt</STRONG> (Thumb, 0 bytes, Stack size 0 bytes, context_rvds.o(.text))
<BR><BR>[Called By]<UL><LI><a href="#[418]">&gt;&gt;</a>&nbsp;&nbsp;&nbsp;rt_schedule
</UL>

<P><STRONG><a name="[8]"></a>PendSV_Handler</STRONG> (Thumb, 108 bytes, Stack size 0 bytes, context_rvds.o(.text))
<BR>[Address Reference Count : 1]<UL><LI> startup_n32wb452.o(RESET)
</UL>
<P><STRONG><a name="[43b]"></a>rt_hw_context_switch_to</STRONG> (Thumb, 70 bytes, Stack size 0 bytes, context_rvds.o(.text))
<BR><BR>[Called By]<UL><LI><a href="#[43a]">&gt;&gt;</a>&nbsp;&nbsp;&nbsp;rt_system_scheduler_start
</UL>

<P><STRONG><a name="[482]"></a>rt_hw_interrupt_thread_switch</STRONG> (Thumb, 2 bytes, Stack size 0 bytes, context_rvds.o(.text), UNUSED)

<P><STRONG><a name="[2]"></a>HardFault_Handler</STRONG> (Thumb, 56 bytes, Stack size 0 bytes, context_rvds.o(.text))
<BR><BR>[Stack]<UL><LI>Max Depth = 24<LI>Call Chain = HardFault_Handler &rArr; rt_hw_hard_fault_exception
</UL>
<BR>[Calls]<UL><LI><a href="#[148]">&gt;&gt;</a>&nbsp;&nbsp;&nbsp;rt_hw_hard_fault_exception
</UL>
<BR>[Address Reference Count : 1]<UL><LI> startup_n32wb452.o(RESET)
</UL>
<P><STRONG><a name="[149]"></a>nz8801_io_init</STRONG> (Thumb, 204 bytes, Stack size 32 bytes, eif_iom.o(.text))
<BR><BR>[Stack]<UL><LI>Max Depth = 56<LI>Call Chain = nz8801_io_init &rArr; GPIO_InitPeripheral
</UL>
<BR>[Calls]<UL><LI><a href="#[14a]">&gt;&gt;</a>&nbsp;&nbsp;&nbsp;RCC_EnableAPB2PeriphClk
<LI><a href="#[14c]">&gt;&gt;</a>&nbsp;&nbsp;&nbsp;GPIO_WriteBit
<LI><a href="#[14d]">&gt;&gt;</a>&nbsp;&nbsp;&nbsp;GPIO_ReadInputDataBit
<LI><a href="#[14b]">&gt;&gt;</a>&nbsp;&nbsp;&nbsp;GPIO_InitPeripheral
</UL>
<BR>[Called By]<UL><LI><a href="#[159]">&gt;&gt;</a>&nbsp;&nbsp;&nbsp;eif_gpio_init
</UL>

<P><STRONG><a name="[14e]"></a>EXTI_NZ8801_STAIRQ_Config</STRONG> (Thumb, 78 bytes, Stack size 24 bytes, eif_iom.o(.text))
<BR><BR>[Stack]<UL><LI>Max Depth = 40<LI>Call Chain = EXTI_NZ8801_STAIRQ_Config &rArr; NVIC_Init
</UL>
<BR>[Calls]<UL><LI><a href="#[151]">&gt;&gt;</a>&nbsp;&nbsp;&nbsp;EXTI_InitPeripheral
<LI><a href="#[150]">&gt;&gt;</a>&nbsp;&nbsp;&nbsp;EXTI_ClrITPendBit
<LI><a href="#[152]">&gt;&gt;</a>&nbsp;&nbsp;&nbsp;NVIC_Init
<LI><a href="#[14a]">&gt;&gt;</a>&nbsp;&nbsp;&nbsp;RCC_EnableAPB2PeriphClk
<LI><a href="#[14f]">&gt;&gt;</a>&nbsp;&nbsp;&nbsp;GPIO_ConfigEXTILine
</UL>
<BR>[Called By]<UL><LI><a href="#[16e]">&gt;&gt;</a>&nbsp;&nbsp;&nbsp;ble_status_monitor
</UL>

<P><STRONG><a name="[153]"></a>EXTI_NZ8801_STAIRQ_Default</STRONG> (Thumb, 36 bytes, Stack size 16 bytes, eif_iom.o(.text))
<BR><BR>[Stack]<UL><LI>Max Depth = 16<LI>Call Chain = EXTI_NZ8801_STAIRQ_Default
</UL>
<BR>[Calls]<UL><LI><a href="#[151]">&gt;&gt;</a>&nbsp;&nbsp;&nbsp;EXTI_InitPeripheral
<LI><a href="#[150]">&gt;&gt;</a>&nbsp;&nbsp;&nbsp;EXTI_ClrITPendBit
</UL>
<BR>[Called By]<UL><LI><a href="#[171]">&gt;&gt;</a>&nbsp;&nbsp;&nbsp;ble_monitor_wait
<LI><a href="#[172]">&gt;&gt;</a>&nbsp;&nbsp;&nbsp;ble_monitor_callback
<LI><a href="#[167]">&gt;&gt;</a>&nbsp;&nbsp;&nbsp;ble_clear_wakeup
</UL>

<P><STRONG><a name="[483]"></a>EXTI_NZ8801_IRQ_Config</STRONG> (Thumb, 2 bytes, Stack size 0 bytes, eif_iom.o(.text), UNUSED)

<P><STRONG><a name="[484]"></a>EXTI_NZ8801_SPI_STATUS_Config</STRONG> (Thumb, 2 bytes, Stack size 0 bytes, eif_iom.o(.text), UNUSED)

<P><STRONG><a name="[485]"></a>IomGetVal</STRONG> (Thumb, 4 bytes, Stack size 0 bytes, eif_iom.o(.text), UNUSED)

<P><STRONG><a name="[486]"></a>IomSetVal</STRONG> (Thumb, 2 bytes, Stack size 0 bytes, eif_iom.o(.text), UNUSED)

<P><STRONG><a name="[487]"></a>IomInOutSet</STRONG> (Thumb, 2 bytes, Stack size 0 bytes, eif_iom.o(.text), UNUSED)

<P><STRONG><a name="[488]"></a>IomSetInt</STRONG> (Thumb, 2 bytes, Stack size 0 bytes, eif_iom.o(.text), UNUSED)

<P><STRONG><a name="[489]"></a>IomClrIntStr</STRONG> (Thumb, 2 bytes, Stack size 0 bytes, eif_iom.o(.text), UNUSED)

<P><STRONG><a name="[154]"></a>eif_pull_up_wakeup_io</STRONG> (Thumb, 10 bytes, Stack size 0 bytes, eif_iom.o(.text))
<BR><BR>[Calls]<UL><LI><a href="#[14c]">&gt;&gt;</a>&nbsp;&nbsp;&nbsp;GPIO_WriteBit
</UL>
<BR>[Called By]<UL><LI><a href="#[15d]">&gt;&gt;</a>&nbsp;&nbsp;&nbsp;eif_spi_send_bytes
</UL>

<P><STRONG><a name="[155]"></a>eif_pull_down_wakeup_io</STRONG> (Thumb, 12 bytes, Stack size 0 bytes, eif_iom.o(.text), UNUSED)
<BR><BR>[Calls]<UL><LI><a href="#[14c]">&gt;&gt;</a>&nbsp;&nbsp;&nbsp;GPIO_WriteBit
</UL>

<P><STRONG><a name="[156]"></a>eif_pull_up_reset_io</STRONG> (Thumb, 10 bytes, Stack size 0 bytes, eif_iom.o(.text))
<BR><BR>[Calls]<UL><LI><a href="#[14c]">&gt;&gt;</a>&nbsp;&nbsp;&nbsp;GPIO_WriteBit
</UL>
<BR>[Called By]<UL><LI><a href="#[316]">&gt;&gt;</a>&nbsp;&nbsp;&nbsp;eif_reset_ble_core
</UL>

<P><STRONG><a name="[157]"></a>eif_pull_down_reset_io</STRONG> (Thumb, 12 bytes, Stack size 0 bytes, eif_iom.o(.text))
<BR><BR>[Calls]<UL><LI><a href="#[14c]">&gt;&gt;</a>&nbsp;&nbsp;&nbsp;GPIO_WriteBit
</UL>
<BR>[Called By]<UL><LI><a href="#[316]">&gt;&gt;</a>&nbsp;&nbsp;&nbsp;eif_reset_ble_core
</UL>

<P><STRONG><a name="[158]"></a>eif_get_status_io_value</STRONG> (Thumb, 8 bytes, Stack size 0 bytes, eif_iom.o(.text))
<BR><BR>[Calls]<UL><LI><a href="#[14d]">&gt;&gt;</a>&nbsp;&nbsp;&nbsp;GPIO_ReadInputDataBit
</UL>
<BR>[Called By]<UL><LI><a href="#[15e]">&gt;&gt;</a>&nbsp;&nbsp;&nbsp;wait_for_status_enable
</UL>

<P><STRONG><a name="[159]"></a>eif_gpio_init</STRONG> (Thumb, 2 bytes, Stack size 0 bytes, eif_iom.o(.text))
<BR><BR>[Stack]<UL><LI>Max Depth = 56<LI>Call Chain = eif_gpio_init &rArr; nz8801_io_init &rArr; GPIO_InitPeripheral
</UL>
<BR>[Calls]<UL><LI><a href="#[149]">&gt;&gt;</a>&nbsp;&nbsp;&nbsp;nz8801_io_init
</UL>
<BR>[Called By]<UL><LI><a href="#[16b]">&gt;&gt;</a>&nbsp;&nbsp;&nbsp;ble_hardware_init
</UL>

<P><STRONG><a name="[15a]"></a>eif_gpio_DeInit</STRONG> (Thumb, 140 bytes, Stack size 24 bytes, eif_iom.o(.text))
<BR><BR>[Stack]<UL><LI>Max Depth = 48<LI>Call Chain = eif_gpio_DeInit &rArr; GPIO_InitPeripheral
</UL>
<BR>[Calls]<UL><LI><a href="#[14a]">&gt;&gt;</a>&nbsp;&nbsp;&nbsp;RCC_EnableAPB2PeriphClk
<LI><a href="#[14c]">&gt;&gt;</a>&nbsp;&nbsp;&nbsp;GPIO_WriteBit
<LI><a href="#[14b]">&gt;&gt;</a>&nbsp;&nbsp;&nbsp;GPIO_InitPeripheral
<LI><a href="#[15b]">&gt;&gt;</a>&nbsp;&nbsp;&nbsp;QSPI_DeInit
</UL>
<BR>[Called By]<UL><LI><a href="#[348]">&gt;&gt;</a>&nbsp;&nbsp;&nbsp;enter_stop0_once
</UL>

<P><STRONG><a name="[15c]"></a>eif_gpio_ReInit</STRONG> (Thumb, 128 bytes, Stack size 24 bytes, eif_iom.o(.text))
<BR><BR>[Stack]<UL><LI>Max Depth = 48<LI>Call Chain = eif_gpio_ReInit &rArr; GPIO_InitPeripheral
</UL>
<BR>[Calls]<UL><LI><a href="#[14a]">&gt;&gt;</a>&nbsp;&nbsp;&nbsp;RCC_EnableAPB2PeriphClk
<LI><a href="#[14c]">&gt;&gt;</a>&nbsp;&nbsp;&nbsp;GPIO_WriteBit
<LI><a href="#[14b]">&gt;&gt;</a>&nbsp;&nbsp;&nbsp;GPIO_InitPeripheral
</UL>
<BR>[Called By]<UL><LI><a href="#[317]">&gt;&gt;</a>&nbsp;&nbsp;&nbsp;ble_hardware_reinit
</UL>

<P><STRONG><a name="[a4]"></a>eif_spi_flow_on</STRONG> (Thumb, 2 bytes, Stack size 0 bytes, eif_spi.o(.text))
<BR>[Address Reference Count : 1]<UL><LI> interface.o(.constdata)
</UL>
<P><STRONG><a name="[a5]"></a>eif_spi_flow_off</STRONG> (Thumb, 4 bytes, Stack size 0 bytes, eif_spi.o(.text))
<BR>[Address Reference Count : 1]<UL><LI> interface.o(.constdata)
</UL>
<P><STRONG><a name="[a2]"></a>eif_spi_read</STRONG> (Thumb, 14 bytes, Stack size 8 bytes, eif_spi.o(.text))
<BR><BR>[Stack]<UL><LI>Max Depth = 8<LI>Call Chain = eif_spi_read
</UL>
<BR>[Address Reference Count : 1]<UL><LI> interface.o(.constdata)
</UL>
<P><STRONG><a name="[15d]"></a>eif_spi_send_bytes</STRONG> (Thumb, 66 bytes, Stack size 24 bytes, eif_spi.o(.text))
<BR><BR>[Stack]<UL><LI>Max Depth = 40<LI>Call Chain = eif_spi_send_bytes &rArr; QSPI_ReadWriteByte
</UL>
<BR>[Calls]<UL><LI><a href="#[14c]">&gt;&gt;</a>&nbsp;&nbsp;&nbsp;GPIO_WriteBit
<LI><a href="#[15e]">&gt;&gt;</a>&nbsp;&nbsp;&nbsp;wait_for_status_enable
<LI><a href="#[160]">&gt;&gt;</a>&nbsp;&nbsp;&nbsp;eif_delay_us
<LI><a href="#[15f]">&gt;&gt;</a>&nbsp;&nbsp;&nbsp;QSPI_ReadWriteByte
<LI><a href="#[154]">&gt;&gt;</a>&nbsp;&nbsp;&nbsp;eif_pull_up_wakeup_io
</UL>
<BR>[Called By]<UL><LI><a href="#[a3]">&gt;&gt;</a>&nbsp;&nbsp;&nbsp;eif_spi_write
<LI><a href="#[31a]">&gt;&gt;</a>&nbsp;&nbsp;&nbsp;send_vendor_bypass_command
<LI><a href="#[319]">&gt;&gt;</a>&nbsp;&nbsp;&nbsp;send_vendor_array
</UL>

<P><STRONG><a name="[a3]"></a>eif_spi_write</STRONG> (Thumb, 40 bytes, Stack size 16 bytes, eif_spi.o(.text))
<BR><BR>[Stack]<UL><LI>Max Depth = 56<LI>Call Chain = eif_spi_write &rArr; eif_spi_send_bytes &rArr; QSPI_ReadWriteByte
</UL>
<BR>[Calls]<UL><LI><a href="#[15d]">&gt;&gt;</a>&nbsp;&nbsp;&nbsp;eif_spi_send_bytes
</UL>
<BR>[Address Reference Count : 1]<UL><LI> interface.o(.constdata)
</UL>
<P><STRONG><a name="[161]"></a>eif_spi_recv_bytes</STRONG> (Thumb, 100 bytes, Stack size 32 bytes, eif_spi.o(.text))
<BR><BR>[Stack]<UL><LI>Max Depth = 48<LI>Call Chain = eif_spi_recv_bytes &rArr; QSPI_ReadWriteByte
</UL>
<BR>[Calls]<UL><LI><a href="#[14c]">&gt;&gt;</a>&nbsp;&nbsp;&nbsp;GPIO_WriteBit
<LI><a href="#[14d]">&gt;&gt;</a>&nbsp;&nbsp;&nbsp;GPIO_ReadInputDataBit
<LI><a href="#[15f]">&gt;&gt;</a>&nbsp;&nbsp;&nbsp;QSPI_ReadWriteByte
<LI><a href="#[162]">&gt;&gt;</a>&nbsp;&nbsp;&nbsp;__2printf
</UL>
<BR>[Called By]<UL><LI><a href="#[166]">&gt;&gt;</a>&nbsp;&nbsp;&nbsp;eif_spi_recv_irq_handler
<LI><a href="#[31a]">&gt;&gt;</a>&nbsp;&nbsp;&nbsp;send_vendor_bypass_command
<LI><a href="#[319]">&gt;&gt;</a>&nbsp;&nbsp;&nbsp;send_vendor_array
</UL>

<P><STRONG><a name="[163]"></a>eif_spi_ack_event_check</STRONG> (Thumb, 76 bytes, Stack size 24 bytes, eif_spi.o(.text), UNUSED)
<BR><BR>[Calls]<UL><LI><a href="#[14c]">&gt;&gt;</a>&nbsp;&nbsp;&nbsp;GPIO_WriteBit
<LI><a href="#[14d]">&gt;&gt;</a>&nbsp;&nbsp;&nbsp;GPIO_ReadInputDataBit
<LI><a href="#[15f]">&gt;&gt;</a>&nbsp;&nbsp;&nbsp;QSPI_ReadWriteByte
</UL>

<P><STRONG><a name="[164]"></a>eif_spi_init</STRONG> (Thumb, 12 bytes, Stack size 0 bytes, eif_spi.o(.text))
<BR><BR>[Stack]<UL><LI>Max Depth = 216<LI>Call Chain = eif_spi_init &rArr; QspiInit &rArr; QSPI_GPIO &rArr; QSPI_SingleGpioConfig &rArr; GPIO_InitPeripheral
</UL>
<BR>[Calls]<UL><LI><a href="#[165]">&gt;&gt;</a>&nbsp;&nbsp;&nbsp;QspiInit
</UL>
<BR>[Called By]<UL><LI><a href="#[317]">&gt;&gt;</a>&nbsp;&nbsp;&nbsp;ble_hardware_reinit
<LI><a href="#[16b]">&gt;&gt;</a>&nbsp;&nbsp;&nbsp;ble_hardware_init
</UL>

<P><STRONG><a name="[166]"></a>eif_spi_recv_irq_handler</STRONG> (Thumb, 62 bytes, Stack size 16 bytes, eif_spi.o(.text))
<BR><BR>[Stack]<UL><LI>Max Depth = 64<LI>Call Chain = eif_spi_recv_irq_handler &rArr; eif_spi_recv_bytes &rArr; QSPI_ReadWriteByte
</UL>
<BR>[Calls]<UL><LI><a href="#[14d]">&gt;&gt;</a>&nbsp;&nbsp;&nbsp;GPIO_ReadInputDataBit
<LI><a href="#[161]">&gt;&gt;</a>&nbsp;&nbsp;&nbsp;eif_spi_recv_bytes
<LI><a href="#[167]">&gt;&gt;</a>&nbsp;&nbsp;&nbsp;ble_clear_wakeup
</UL>
<BR>[Called By]<UL><LI><a href="#[1c7]">&gt;&gt;</a>&nbsp;&nbsp;&nbsp;bt_handler
</UL>

<P><STRONG><a name="[168]"></a>eif_spi_recv_irq_enable</STRONG> (Thumb, 8 bytes, Stack size 0 bytes, eif_spi.o(.text))
<BR><BR>[Stack]<UL><LI>Max Depth = 64<LI>Call Chain = eif_spi_recv_irq_enable &rArr; eif_spi_recv_irq_gpio &rArr; GPIO_InitPeripheral
</UL>
<BR>[Calls]<UL><LI><a href="#[169]">&gt;&gt;</a>&nbsp;&nbsp;&nbsp;eif_spi_recv_irq_gpio
</UL>
<BR>[Called By]<UL><LI><a href="#[16d]">&gt;&gt;</a>&nbsp;&nbsp;&nbsp;ble_host_init
<LI><a href="#[16b]">&gt;&gt;</a>&nbsp;&nbsp;&nbsp;ble_hardware_init
</UL>

<P><STRONG><a name="[16a]"></a>ble_controller_reset</STRONG> (Thumb, 18 bytes, Stack size 8 bytes, ble_monitor.o(.text))
<BR><BR>[Stack]<UL><LI>Max Depth = 376<LI>Call Chain = ble_controller_reset &rArr; ble_initdata_down &rArr; send_vendor_array &rArr; eif_spi_recv_bytes &rArr; QSPI_ReadWriteByte
</UL>
<BR>[Calls]<UL><LI><a href="#[16c]">&gt;&gt;</a>&nbsp;&nbsp;&nbsp;ble_initdata_down
<LI><a href="#[16d]">&gt;&gt;</a>&nbsp;&nbsp;&nbsp;ble_host_init
<LI><a href="#[16b]">&gt;&gt;</a>&nbsp;&nbsp;&nbsp;ble_hardware_init
</UL>
<BR>[Called By]<UL><LI><a href="#[16e]">&gt;&gt;</a>&nbsp;&nbsp;&nbsp;ble_status_monitor
</UL>

<P><STRONG><a name="[16e]"></a>ble_status_monitor</STRONG> (Thumb, 120 bytes, Stack size 24 bytes, ble_monitor.o(.text))
<BR><BR>[Stack]<UL><LI>Max Depth = 400<LI>Call Chain = ble_status_monitor &rArr; ble_controller_reset &rArr; ble_initdata_down &rArr; send_vendor_array &rArr; eif_spi_recv_bytes &rArr; QSPI_ReadWriteByte
</UL>
<BR>[Calls]<UL><LI><a href="#[14c]">&gt;&gt;</a>&nbsp;&nbsp;&nbsp;GPIO_WriteBit
<LI><a href="#[16f]">&gt;&gt;</a>&nbsp;&nbsp;&nbsp;GPIO_SetBits
<LI><a href="#[170]">&gt;&gt;</a>&nbsp;&nbsp;&nbsp;GPIO_ResetBits
<LI><a href="#[16a]">&gt;&gt;</a>&nbsp;&nbsp;&nbsp;ble_controller_reset
<LI><a href="#[14e]">&gt;&gt;</a>&nbsp;&nbsp;&nbsp;EXTI_NZ8801_STAIRQ_Config
</UL>
<BR>[Called By]<UL><LI><a href="#[31d]">&gt;&gt;</a>&nbsp;&nbsp;&nbsp;process_stack_events
</UL>

<P><STRONG><a name="[171]"></a>ble_monitor_wait</STRONG> (Thumb, 60 bytes, Stack size 8 bytes, ble_monitor.o(.text))
<BR><BR>[Stack]<UL><LI>Max Depth = 24<LI>Call Chain = ble_monitor_wait &rArr; EXTI_NZ8801_STAIRQ_Default
</UL>
<BR>[Calls]<UL><LI><a href="#[150]">&gt;&gt;</a>&nbsp;&nbsp;&nbsp;EXTI_ClrITPendBit
<LI><a href="#[14c]">&gt;&gt;</a>&nbsp;&nbsp;&nbsp;GPIO_WriteBit
<LI><a href="#[153]">&gt;&gt;</a>&nbsp;&nbsp;&nbsp;EXTI_NZ8801_STAIRQ_Default
</UL>
<BR>[Called By]<UL><LI><a href="#[348]">&gt;&gt;</a>&nbsp;&nbsp;&nbsp;enter_stop0_once
<LI><a href="#[339]">&gt;&gt;</a>&nbsp;&nbsp;&nbsp;connected_ble_sleep
</UL>

[...]
<BR><BR>[Stack]<UL><LI>Max Depth = 120<LI>Call Chain = hci_rd_bd_addr_cmd_cmp_evt_handler &rArr; gapm_op_setup_continue &rArr; hci_send_2_controller &rArr; hci_tl_send &rArr; hci_tx_start &rArr; hci_util_pack
</UL>
<BR>[Calls]<UL><LI><a href="#[385]">&gt;&gt;</a>&nbsp;&nbsp;&nbsp;gapm_get_operation
<LI><a href="#[39f]">&gt;&gt;</a>&nbsp;&nbsp;&nbsp;gapm_op_setup_continue
<LI><a href="#[39d]">&gt;&gt;</a>&nbsp;&nbsp;&nbsp;gapm_op_reset_continue
</UL>
<BR>[Address Reference Count : 1]<UL><LI> gapm_hci.o(.constdata)
</UL>
<P><STRONG><a name="[110]"></a>hci_rd_buff_size_cmd_cmp_evt_handler</STRONG> (Thumb, 36 bytes, Stack size 8 bytes, gapm_hci.o(i.hci_rd_buff_size_cmd_cmp_evt_handler))
<BR><BR>[Stack]<UL><LI>Max Depth = 120<LI>Call Chain = hci_rd_buff_size_cmd_cmp_evt_handler &rArr; gapm_op_reset_continue &rArr; hci_send_2_controller &rArr; hci_tl_send &rArr; hci_tx_start &rArr; hci_util_pack
</UL>
<BR>[Calls]<UL><LI><a href="#[3e6]">&gt;&gt;</a>&nbsp;&nbsp;&nbsp;l2cm_set_link_layer_buff_size
<LI><a href="#[39d]">&gt;&gt;</a>&nbsp;&nbsp;&nbsp;gapm_op_reset_continue
</UL>
<BR>[Address Reference Count : 1]<UL><LI> gapm_hci.o(.constdata)
</UL>
<P><STRONG><a name="[112]"></a>hci_rd_local_ver_info_cmd_cmp_evt_handler</STRONG> (Thumb, 114 bytes, Stack size 16 bytes, gapm_hci.o(i.hci_rd_local_ver_info_cmd_cmp_evt_handler))
<BR><BR>[Stack]<UL><LI>Max Depth = 88<LI>Call Chain = hci_rd_local_ver_info_cmd_cmp_evt_handler &rArr; gapm_send_complete_evt &rArr; gapm_operation_cleanup &rArr; ke_state_set &rArr; ke_queue_extract
</UL>
<BR>[Calls]<UL><LI><a href="#[2d7]">&gt;&gt;</a>&nbsp;&nbsp;&nbsp;ke_state_get
<LI><a href="#[270]">&gt;&gt;</a>&nbsp;&nbsp;&nbsp;ke_msg_send
<LI><a href="#[26f]">&gt;&gt;</a>&nbsp;&nbsp;&nbsp;ke_msg_alloc
<LI><a href="#[397]">&gt;&gt;</a>&nbsp;&nbsp;&nbsp;gapm_send_complete_evt
<LI><a href="#[399]">&gt;&gt;</a>&nbsp;&nbsp;&nbsp;gapm_get_requester
<LI><a href="#[385]">&gt;&gt;</a>&nbsp;&nbsp;&nbsp;gapm_get_operation
</UL>
<BR>[Address Reference Count : 1]<UL><LI> gapm_hci.o(.constdata)
</UL>
<P><STRONG><a name="[3b1]"></a>gapm_update_address_op_state</STRONG> (Thumb, 164 bytes, Stack size 8 bytes, gapm_util.o(i.gapm_update_address_op_state))
<BR><BR>[Stack]<UL><LI>Max Depth = 8<LI>Call Chain = gapm_update_address_op_state
</UL>
<BR>[Calls]<UL><LI><a href="#[394]">&gt;&gt;</a>&nbsp;&nbsp;&nbsp;gapm_get_address_type
</UL>
<BR>[Called By]<UL><LI><a href="#[386]">&gt;&gt;</a>&nbsp;&nbsp;&nbsp;gapm_update_air_op_state
</UL>

<P><STRONG><a name="[122]"></a>gattm_default_msg_handler</STRONG> (Thumb, 4 bytes, Stack size 0 bytes, gattm_task.o(i.gattm_default_msg_handler))
<BR>[Address Reference Count : 1]<UL><LI> gattm_task.o(.constdata)
</UL>
<P><STRONG><a name="[72]"></a>hci_tx_done</STRONG> (Thumb, 70 bytes, Stack size 16 bytes, hci_tl.o(i.hci_tx_done))
<BR><BR>[Stack]<UL><LI>Max Depth = 104<LI>Call Chain = hci_tx_done &rArr; hci_tx_start &rArr; hci_util_pack
</UL>
<BR>[Calls]<UL><LI><a href="#[2f5]">&gt;&gt;</a>&nbsp;&nbsp;&nbsp;ke_free
<LI><a href="#[301]">&gt;&gt;</a>&nbsp;&nbsp;&nbsp;ke_msg_free
<LI><a href="#[2ff]">&gt;&gt;</a>&nbsp;&nbsp;&nbsp;co_list_pop_front
<LI><a href="#[3e8]">&gt;&gt;</a>&nbsp;&nbsp;&nbsp;hci_tx_start
</UL>
<BR>[Address Reference Count : 1]<UL><LI> hci_tl.o(i.hci_tx_start)
</UL>
<P><STRONG><a name="[3e8]"></a>hci_tx_start</STRONG> (Thumb, 322 bytes, Stack size 40 bytes, hci_tl.o(i.hci_tx_start))
<BR><BR>[Stack]<UL><LI>Max Depth = 88<LI>Call Chain = hci_tx_start &rArr; hci_util_pack
</UL>
<BR>[Calls]<UL><LI><a href="#[3e9]">&gt;&gt;</a>&nbsp;&nbsp;&nbsp;hci_util_pack
<LI><a href="#[3dd]">&gt;&gt;</a>&nbsp;&nbsp;&nbsp;hci_look_for_cmd_desc
<LI><a href="#[3ea]">&gt;&gt;</a>&nbsp;&nbsp;&nbsp;h4tl_write
</UL>
<BR>[Called By]<UL><LI><a href="#[72]">&gt;&gt;</a>&nbsp;&nbsp;&nbsp;hci_tx_done
<LI><a href="#[3e7]">&gt;&gt;</a>&nbsp;&nbsp;&nbsp;hci_tl_send
</UL>

<P><STRONG><a name="[128]"></a>hci_acl_data_rx_handler</STRONG> (Thumb, 122 bytes, Stack size 32 bytes, l2cc_task.o(i.hci_acl_data_rx_handler))
<BR><BR>[Stack]<UL><LI>Max Depth = 120<LI>Call Chain = hci_acl_data_rx_handler &rArr; l2cc_pdu_header_check &rArr; ke_msg_alloc &rArr; ke_malloc
</UL>
<BR>[Calls]<UL><LI><a href="#[2d7]">&gt;&gt;</a>&nbsp;&nbsp;&nbsp;ke_state_get
<LI><a href="#[270]">&gt;&gt;</a>&nbsp;&nbsp;&nbsp;ke_msg_send
<LI><a href="#[2f5]">&gt;&gt;</a>&nbsp;&nbsp;&nbsp;ke_free
<LI><a href="#[3d9]">&gt;&gt;</a>&nbsp;&nbsp;&nbsp;l2cc_pdu_unpack
<LI><a href="#[3d8]">&gt;&gt;</a>&nbsp;&nbsp;&nbsp;l2cc_pdu_header_check
</UL>
<BR>[Address Reference Count : 1]<UL><LI> l2cc_task.o(.constdata)
</UL>
<P><STRONG><a name="[127]"></a>hci_nb_cmp_pkts_evt_handler</STRONG> (Thumb, 60 bytes, Stack size 8 bytes, l2cc_task.o(i.hci_nb_cmp_pkts_evt_handler))
<BR><BR>[Stack]<UL><LI>Max Depth = 8<LI>Call Chain = hci_nb_cmp_pkts_evt_handler
</UL>
<BR>[Calls]<UL><LI><a href="#[347]">&gt;&gt;</a>&nbsp;&nbsp;&nbsp;ke_event_set
<LI><a href="#[39e]">&gt;&gt;</a>&nbsp;&nbsp;&nbsp;l2cm_get_nb_buffer_available
</UL>
<BR>[Address Reference Count : 1]<UL><LI> l2cc_task.o(.constdata)
</UL>
<P><STRONG><a name="[126]"></a>l2cc_dbg_pdu_send_cmd_handler</STRONG> (Thumb, 56 bytes, Stack size 24 bytes, l2cc_task.o(i.l2cc_dbg_pdu_send_cmd_handler))
<BR><BR>[Stack]<UL><LI>Max Depth = 88<LI>Call Chain = l2cc_dbg_pdu_send_cmd_handler &rArr; l2cc_send_error_evt &rArr; ke_msg_alloc &rArr; ke_malloc
</UL>
<BR>[Calls]<UL><LI><a href="#[2d7]">&gt;&gt;</a>&nbsp;&nbsp;&nbsp;ke_state_get
<LI><a href="#[401]">&gt;&gt;</a>&nbsp;&nbsp;&nbsp;l2cc_send_error_evt
</UL>
<BR>[Address Reference Count : 1]<UL><LI> l2cc_task.o(.constdata)
</UL>
<P><STRONG><a name="[123]"></a>l2cc_default_msg_handler</STRONG> (Thumb, 4 bytes, Stack size 0 bytes, l2cc_task.o(i.l2cc_default_msg_handler))
<BR>[Address Reference Count : 1]<UL><LI> l2cc_task.o(.constdata)
</UL>
<P><STRONG><a name="[125]"></a>l2cc_lecb_sdu_send_cmd_handler</STRONG> (Thumb, 56 bytes, Stack size 24 bytes, l2cc_task.o(i.l2cc_lecb_sdu_send_cmd_handler))
<BR><BR>[Stack]<UL><LI>Max Depth = 88<LI>Call Chain = l2cc_lecb_sdu_send_cmd_handler &rArr; l2cc_send_error_evt &rArr; ke_msg_alloc &rArr; ke_malloc
</UL>
<BR>[Calls]<UL><LI><a href="#[2d7]">&gt;&gt;</a>&nbsp;&nbsp;&nbsp;ke_state_get
<LI><a href="#[401]">&gt;&gt;</a>&nbsp;&nbsp;&nbsp;l2cc_send_error_evt
</UL>
<BR>[Address Reference Count : 1]<UL><LI> l2cc_task.o(.constdata)
</UL>
<P><STRONG><a name="[129]"></a>l2cc_pdu_recv_ind_handler</STRONG> (Thumb, 114 bytes, Stack size 16 bytes, l2cc_task.o(i.l2cc_pdu_recv_ind_handler))
<BR><BR>[Stack]<UL><LI>Max Depth = 136<LI>Call Chain = l2cc_pdu_recv_ind_handler &rArr; l2cc_sig_pdu_recv_handler &rArr; l2cc_sig_send_cmd_reject &rArr; l2cc_pdu_alloc &rArr; ke_msg_alloc &rArr; ke_malloc
</UL>
<BR>[Calls]<UL><LI><a href="#[2d7]">&gt;&gt;</a>&nbsp;&nbsp;&nbsp;ke_state_get
<LI><a href="#[3fb]">&gt;&gt;</a>&nbsp;&nbsp;&nbsp;l2cc_sig_send_cmd_reject
<LI><a href="#[405]">&gt;&gt;</a>&nbsp;&nbsp;&nbsp;l2cc_sig_pdu_recv_handler
</UL>
<BR>[Address Reference Count : 1]<UL><LI> l2cc_task.o(.constdata)
</UL>
<P><STRONG><a name="[124]"></a>l2cc_pdu_send_cmd_handler</STRONG> (Thumb, 86 bytes, Stack size 24 bytes, l2cc_task.o(i.l2cc_pdu_send_cmd_handler))
<BR><BR>[Stack]<UL><LI>Max Depth = 88<LI>Call Chain = l2cc_pdu_send_cmd_handler &rArr; l2cc_send_error_evt &rArr; ke_msg_alloc &rArr; ke_malloc
</UL>
<BR>[Calls]<UL><LI><a href="#[2d7]">&gt;&gt;</a>&nbsp;&nbsp;&nbsp;ke_state_get
<LI><a href="#[305]">&gt;&gt;</a>&nbsp;&nbsp;&nbsp;co_list_push_back
<LI><a href="#[401]">&gt;&gt;</a>&nbsp;&nbsp;&nbsp;l2cc_send_error_evt
<LI><a href="#[400]">&gt;&gt;</a>&nbsp;&nbsp;&nbsp;l2cm_tx_status
</UL>
<BR>[Address Reference Count : 1]<UL><LI> l2cc_task.o(.constdata)
</UL>
<P><STRONG><a name="[12f]"></a>smpc_construct_enc_info_pdu</STRONG> (Thumb, 26 bytes, Stack size 0 bytes, smpc_util.o(i.smpc_construct_enc_info_pdu))
<BR>[Address Reference Count : 1]<UL><LI> smpc_util.o(.constdata)
</UL>
<P><STRONG><a name="[132]"></a>smpc_construct_id_addr_info_pdu</STRONG> (Thumb, 24 bytes, Stack size 8 bytes, smpc_util.o(i.smpc_construct_id_addr_info_pdu))
<BR><BR>[Stack]<UL><LI>Max Depth = 8<LI>Call Chain = smpc_construct_id_addr_info_pdu
</UL>
<BR>[Calls]<UL><LI><a href="#[45a]">&gt;&gt;</a>&nbsp;&nbsp;&nbsp;gapm_get_bdaddr
</UL>
<BR>[Address Reference Count : 1]<UL><LI> smpc_util.o(.constdata)
</UL>
<P><STRONG><a name="[131]"></a>smpc_construct_id_info_pdu</STRONG> (Thumb, 26 bytes, Stack size 0 bytes, smpc_util.o(i.smpc_construct_id_info_pdu))
<BR>[Address Reference Count : 1]<UL><LI> smpc_util.o(.constdata)
</UL>
<P><STRONG><a name="[130]"></a>smpc_construct_mst_id_pdu</STRONG> (Thumb, 18 bytes, Stack size 0 bytes, smpc_util.o(i.smpc_construct_mst_id_pdu))
<BR>[Address Reference Count : 1]<UL><LI> smpc_util.o(.constdata)
</UL>
<P><STRONG><a name="[12c]"></a>smpc_construct_pair_cfm_pdu</STRONG> (Thumb, 26 bytes, Stack size 0 bytes, smpc_util.o(i.smpc_construct_pair_cfm_pdu))
<BR>[Address Reference Count : 1]<UL><LI> smpc_util.o(.constdata)
</UL>
<P><STRONG><a name="[12e]"></a>smpc_construct_pair_fail_pdu</STRONG> (Thumb, 6 bytes, Stack size 0 bytes, smpc_util.o(i.smpc_construct_pair_fail_pdu))
<BR>[Address Reference Count : 1]<UL><LI> smpc_util.o(.constdata)
</UL>
<P><STRONG><a name="[12d]"></a>smpc_construct_pair_rand_pdu</STRONG> (Thumb, 26 bytes, Stack size 0 bytes, smpc_util.o(i.smpc_construct_pair_rand_pdu))
<BR>[Address Reference Count : 1]<UL><LI> smpc_util.o(.constdata)
</UL>
<P><STRONG><a name="[12a]"></a>smpc_construct_pair_req_pdu</STRONG> (Thumb, 14 bytes, Stack size 0 bytes, smpc_util.o(i.smpc_construct_pair_req_pdu))
<BR>[Address Reference Count : 1]<UL><LI> smpc_util.o(.constdata)
</UL>
<P><STRONG><a name="[12b]"></a>smpc_construct_pair_rsp_pdu</STRONG> (Thumb, 14 bytes, Stack size 0 bytes, smpc_util.o(i.smpc_construct_pair_rsp_pdu))
<BR>[Address Reference Count : 1]<UL><LI> smpc_util.o(.constdata)
</UL>
<P><STRONG><a name="[134]"></a>smpc_construct_sec_req_pdu</STRONG> (Thumb, 6 bytes, Stack size 0 bytes, smpc_util.o(i.smpc_construct_sec_req_pdu))
<BR>[Address Reference Count : 1]<UL><LI> smpc_util.o(.constdata)
</UL>
<P><STRONG><a name="[133]"></a>smpc_construct_sign_info_pdu</STRONG> (Thumb, 26 bytes, Stack size 0 bytes, smpc_util.o(i.smpc_construct_sign_info_pdu))
<BR>[Address Reference Count : 1]<UL><LI> smpc_util.o(.constdata)
</UL>
<P><STRONG><a name="[13a]"></a>smpc_recv_enc_info_pdu</STRONG> (Thumb, 64 bytes, Stack size 8 bytes, smpc_util.o(i.smpc_recv_enc_info_pdu))
<BR><BR>[Stack]<UL><LI>Max Depth = 160<LI>Call Chain = smpc_recv_enc_info_pdu &rArr; smpc_tkdp_rcp_continue &rArr; smpc_pairing_end &rArr; gapc_send_complete_evt &rArr; gapc_operation_cleanup &rArr; smpc_clear_timeout_timer &rArr; ke_timer_clear &rArr; ke_queue_extract
</UL>
<BR>[Calls]<UL><LI><a href="#[361]">&gt;&gt;</a>&nbsp;&nbsp;&nbsp;gapc_get_role
<LI><a href="#[462]">&gt;&gt;</a>&nbsp;&nbsp;&nbsp;smpc_tkdp_rcp_continue
</UL>
<BR>[Address Reference Count : 1]<UL><LI> smpc_util.o(.constdata)
</UL>
<P><STRONG><a name="[13d]"></a>smpc_recv_id_addr_info_pdu</STRONG> (Thumb, 88 bytes, Stack size 32 bytes, smpc_util.o(i.smpc_recv_id_addr_info_pdu))
<BR><BR>[Stack]<UL><LI>Max Depth = 184<LI>Call Chain = smpc_recv_id_addr_info_pdu &rArr; smpc_tkdp_rcp_continue &rArr; smpc_pairing_end &rArr; gapc_send_complete_evt &rArr; gapc_operation_cleanup &rArr; smpc_clear_timeout_timer &rArr; ke_timer_clear &rArr; ke_queue_extract
</UL>
<BR>[Calls]<UL><LI><a href="#[361]">&gt;&gt;</a>&nbsp;&nbsp;&nbsp;gapc_get_role
<LI><a href="#[462]">&gt;&gt;</a>&nbsp;&nbsp;&nbsp;smpc_tkdp_rcp_continue
<LI><a href="#[463]">&gt;&gt;</a>&nbsp;&nbsp;&nbsp;smpc_send_pairing_ind
</UL>
<BR>[Address Reference Count : 1]<UL><LI> smpc_util.o(.constdata)
</UL>
<P><STRONG><a name="[13c]"></a>smpc_recv_id_info_pdu</STRONG> (Thumb, 64 bytes, Stack size 8 bytes, smpc_util.o(i.smpc_recv_id_info_pdu))
<BR><BR>[Stack]<UL><LI>Max Depth = 160<LI>Call Chain = smpc_recv_id_info_pdu &rArr; smpc_tkdp_rcp_continue &rArr; smpc_pairing_end &rArr; gapc_send_complete_evt &rArr; gapc_operation_cleanup &rArr; smpc_clear_timeout_timer &rArr; ke_timer_clear &rArr; ke_queue_extract
</UL>
<BR>[Calls]<UL><LI><a href="#[361]">&gt;&gt;</a>&nbsp;&nbsp;&nbsp;gapc_get_role
<LI><a href="#[462]">&gt;&gt;</a>&nbsp;&nbsp;&nbsp;smpc_tkdp_rcp_continue
</UL>
<BR>[Address Reference Count : 1]<UL><LI> smpc_util.o(.constdata)
</UL>
<P><STRONG><a name="[13b]"></a>smpc_recv_mst_id_pdu</STRONG> (Thumb, 98 bytes, Stack size 40 bytes, smpc_util.o(i.smpc_recv_mst_id_pdu))
<BR><BR>[Stack]<UL><LI>Max Depth = 192<LI>Call Chain = smpc_recv_mst_id_pdu &rArr; smpc_tkdp_rcp_continue &rArr; smpc_pairing_end &rArr; gapc_send_complete_evt &rArr; gapc_operation_cleanup &rArr; smpc_clear_timeout_timer &rArr; ke_timer_clear &rArr; ke_queue_extract
</UL>
<BR>[Calls]<UL><LI><a href="#[361]">&gt;&gt;</a>&nbsp;&nbsp;&nbsp;gapc_get_role
<LI><a href="#[30d]">&gt;&gt;</a>&nbsp;&nbsp;&nbsp;gapc_enc_keysize_get
<LI><a href="#[462]">&gt;&gt;</a>&nbsp;&nbsp;&nbsp;smpc_tkdp_rcp_continue
<LI><a href="#[463]">&gt;&gt;</a>&nbsp;&nbsp;&nbsp;smpc_send_pairing_ind
</UL>
<BR>[Address Reference Count : 1]<UL><LI> smpc_util.o(.constdata)
</UL>
<P><STRONG><a name="[137]"></a>smpc_recv_pair_cfm_pdu</STRONG> (Thumb, 128 bytes, Stack size 16 bytes, smpc_util.o(i.smpc_recv_pair_cfm_pdu))
<BR><BR>[Stack]<UL><LI>Max Depth = 72<LI>Call Chain = smpc_recv_pair_cfm_pdu &rArr; smpc_generate_rand &rArr; ke_msg_alloc &rArr; ke_malloc
</UL>
<BR>[Calls]<UL><LI><a href="#[361]">&gt;&gt;</a>&nbsp;&nbsp;&nbsp;gapc_get_role
<LI><a href="#[459]">&gt;&gt;</a>&nbsp;&nbsp;&nbsp;smpc_generate_rand
</UL>
<BR>[Address Reference Count : 1]<UL><LI> smpc_util.o(.constdata)
</UL>
<P><STRONG><a name="[139]"></a>smpc_recv_pair_fail_pdu</STRONG> (Thumb, 58 bytes, Stack size 16 bytes, smpc_util.o(i.smpc_recv_pair_fail_pdu))
<BR><BR>[Stack]<UL><LI>Max Depth = 152<LI>Call Chain = smpc_recv_pair_fail_pdu &rArr; smpc_pairing_end &rArr; gapc_send_complete_evt &rArr; gapc_operation_cleanup &rArr; smpc_clear_timeout_timer &rArr; ke_timer_clear &rArr; ke_queue_extract
</UL>
<BR>[Calls]<UL><LI><a href="#[361]">&gt;&gt;</a>&nbsp;&nbsp;&nbsp;gapc_get_role
<LI><a href="#[362]">&gt;&gt;</a>&nbsp;&nbsp;&nbsp;smpc_pairing_end
<LI><a href="#[463]">&gt;&gt;</a>&nbsp;&nbsp;&nbsp;smpc_send_pairing_ind
</UL>
<BR>[Address Reference Count : 1]<UL><LI> smpc_util.o(.constdata)
</UL>
<P><STRONG><a name="[138]"></a>smpc_recv_pair_rand_pdu</STRONG> (Thumb, 90 bytes, Stack size 8 bytes, smpc_util.o(i.smpc_recv_pair_rand_pdu))
<BR><BR>[Stack]<UL><LI>Max Depth = 88<LI>Call Chain = smpc_recv_pair_rand_pdu &rArr; smpc_generate_e1 &rArr; ke_msg_alloc &rArr; ke_malloc
</UL>
<BR>[Calls]<UL><LI><a href="#[361]">&gt;&gt;</a>&nbsp;&nbsp;&nbsp;gapc_get_role
<LI><a href="#[458]">&gt;&gt;</a>&nbsp;&nbsp;&nbsp;smpc_generate_e1
</UL>
<BR>[Address Reference Count : 1]<UL><LI> smpc_util.o(.constdata)
</UL>
<P><STRONG><a name="[135]"></a>smpc_recv_pair_req_pdu</STRONG> (Thumb, 184 bytes, Stack size 24 bytes, smpc_util.o(i.smpc_recv_pair_req_pdu))
<BR><BR>[Stack]<UL><LI>Max Depth = 120<LI>Call Chain = smpc_recv_pair_req_pdu &rArr; smpc_pdu_send &rArr; l2cc_pdu_alloc &rArr; ke_msg_alloc &rArr; ke_malloc
</UL>
<BR>[Calls]<UL><LI><a href="#[270]">&gt;&gt;</a>&nbsp;&nbsp;&nbsp;ke_msg_send
<LI><a href="#[26f]">&gt;&gt;</a>&nbsp;&nbsp;&nbsp;ke_msg_alloc
<LI><a href="#[465]">&gt;&gt;</a>&nbsp;&nbsp;&nbsp;gapm_is_sec_con_pairing_supp
<LI><a href="#[46a]">&gt;&gt;</a>&nbsp;&nbsp;&nbsp;gapm_is_legacy_pairing_supp
<LI><a href="#[361]">&gt;&gt;</a>&nbsp;&nbsp;&nbsp;gapc_get_role
<LI><a href="#[360]">&gt;&gt;</a>&nbsp;&nbsp;&nbsp;smpc_pdu_send
<LI><a href="#[463]">&gt;&gt;</a>&nbsp;&nbsp;&nbsp;smpc_send_pairing_ind
<LI><a href="#[456]">&gt;&gt;</a>&nbsp;&nbsp;&nbsp;smpc_check_repeated_attempts
</UL>
<BR>[Address Reference Count : 1]<UL><LI> smpc_util.o(.constdata)
</UL>
<P><STRONG><a name="[136]"></a>smpc_recv_pair_rsp_pdu</STRONG> (Thumb, 4 bytes, Stack size 0 bytes, smpc_util.o(i.smpc_recv_pair_rsp_pdu))
<BR><BR>[Calls]<UL><LI><a href="#[361]">&gt;&gt;</a>&nbsp;&nbsp;&nbsp;gapc_get_role
</UL>
<BR>[Address Reference Count : 1]<UL><LI> smpc_util.o(.constdata)
</UL>
<P><STRONG><a name="[13f]"></a>smpc_recv_sec_req_pdu</STRONG> (Thumb, 4 bytes, Stack size 0 bytes, smpc_util.o(i.smpc_recv_sec_req_pdu))
<BR><BR>[Calls]<UL><LI><a href="#[361]">&gt;&gt;</a>&nbsp;&nbsp;&nbsp;gapc_get_role
</UL>
<BR>[Address Reference Count : 1]<UL><LI> smpc_util.o(.constdata)
</UL>
<P><STRONG><a name="[13e]"></a>smpc_recv_sign_info_pdu</STRONG> (Thumb, 48 bytes, Stack size 8 bytes, smpc_util.o(i.smpc_recv_sign_info_pdu))
<BR><BR>[Stack]<UL><LI>Max Depth = 160<LI>Call Chain = smpc_recv_sign_info_pdu &rArr; smpc_tkdp_rcp_continue &rArr; smpc_pairing_end &rArr; gapc_send_complete_evt &rArr; gapc_operation_cleanup &rArr; smpc_clear_timeout_timer &rArr; ke_timer_clear &rArr; ke_queue_extract
</UL>
<BR>[Calls]<UL><LI><a href="#[361]">&gt;&gt;</a>&nbsp;&nbsp;&nbsp;gapc_get_role
<LI><a href="#[462]">&gt;&gt;</a>&nbsp;&nbsp;&nbsp;smpc_tkdp_rcp_continue
<LI><a href="#[463]">&gt;&gt;</a>&nbsp;&nbsp;&nbsp;smpc_send_pairing_ind
</UL>
<BR>[Address Reference Count : 1]<UL><LI> smpc_util.o(.constdata)
</UL>
<P><STRONG><a name="[140]"></a>hci_host_nb_cmp_pkts_cmd_pkupk</STRONG> (Thumb, 4 bytes, Stack size 0 bytes, hci_msg.o(i.hci_host_nb_cmp_pkts_cmd_pkupk))
<BR>[Address Reference Count : 1]<UL><LI> hci_msg.o(.constdata)
</UL>
<P><STRONG><a name="[141]"></a>hci_le_adv_report_evt_pkupk</STRONG> (Thumb, 22 bytes, Stack size 8 bytes, hci_msg.o(i.hci_le_adv_report_evt_pkupk))
<BR><BR>[Stack]<UL><LI>Max Depth = 8<LI>Call Chain = hci_le_adv_report_evt_pkupk
</UL>
<BR>[Calls]<UL><LI><a href="#[1ad]">&gt;&gt;</a>&nbsp;&nbsp;&nbsp;__aeabi_memcpy
</UL>
<BR>[Address Reference Count : 1]<UL><LI> hci_msg.o(.constdata)
</UL>
<P><STRONG><a name="[142]"></a>hci_le_dir_adv_report_evt_pkupk</STRONG> (Thumb, 22 bytes, Stack size 8 bytes, hci_msg.o(i.hci_le_dir_adv_report_evt_pkupk))
<BR><BR>[Stack]<UL><LI>Max Depth = 8<LI>Call Chain = hci_le_dir_adv_report_evt_pkupk
</UL>
<BR>[Calls]<UL><LI><a href="#[1ad]">&gt;&gt;</a>&nbsp;&nbsp;&nbsp;__aeabi_memcpy
</UL>
<BR>[Address Reference Count : 1]<UL><LI> hci_msg.o(.constdata)
</UL>
<P><STRONG><a name="[144]"></a>l2c_code_conn_param_upd_req_handler</STRONG> (Thumb, 60 bytes, Stack size 24 bytes, l2cc_sig.o(i.l2c_code_conn_param_upd_req_handler))
<BR><BR>[Stack]<UL><LI>Max Depth = 120<LI>Call Chain = l2c_code_conn_param_upd_req_handler &rArr; l2cc_sig_send_cmd_reject &rArr; l2cc_pdu_alloc &rArr; ke_msg_alloc &rArr; ke_malloc
</UL>
<BR>[Calls]<UL><LI><a href="#[381]">&gt;&gt;</a>&nbsp;&nbsp;&nbsp;ke_msg_forward
<LI><a href="#[361]">&gt;&gt;</a>&nbsp;&nbsp;&nbsp;gapc_get_role
<LI><a href="#[3fb]">&gt;&gt;</a>&nbsp;&nbsp;&nbsp;l2cc_sig_send_cmd_reject
</UL>
<BR>[Address Reference Count : 1]<UL><LI> l2cc_sig.o(.constdata)
</UL>
<P><STRONG><a name="[145]"></a>l2c_code_conn_param_upd_resp_handler</STRONG> (Thumb, 28 bytes, Stack size 8 bytes, l2cc_sig.o(i.l2c_code_conn_param_upd_resp_handler))
<BR><BR>[Stack]<UL><LI>Max Depth = 16<LI>Call Chain = l2c_code_conn_param_upd_resp_handler &rArr; ke_msg_forward
</UL>
<BR>[Calls]<UL><LI><a href="#[381]">&gt;&gt;</a>&nbsp;&nbsp;&nbsp;ke_msg_forward
</UL>
<BR>[Address Reference Count : 1]<UL><LI> l2cc_sig.o(.constdata)
</UL>
<P><STRONG><a name="[143]"></a>l2c_code_reject_handler</STRONG> (Thumb, 28 bytes, Stack size 8 bytes, l2cc_sig.o(i.l2c_code_reject_handler))
<BR><BR>[Stack]<UL><LI>Max Depth = 16<LI>Call Chain = l2c_code_reject_handler &rArr; ke_msg_forward
</UL>
<BR>[Calls]<UL><LI><a href="#[381]">&gt;&gt;</a>&nbsp;&nbsp;&nbsp;ke_msg_forward
</UL>
<BR>[Address Reference Count : 1]<UL><LI> l2cc_sig.o(.constdata)
</UL>
<P><STRONG><a name="[261]"></a>_printf_core</STRONG> (Thumb, 34 bytes, Stack size 24 bytes, printfb.o(i._printf_core), UNUSED)
<BR><BR>[Called By]<UL><LI><a href="#[260]">&gt;&gt;</a>&nbsp;&nbsp;&nbsp;__0printf$bare
</UL>
<P>
<H3>
Undefined Global Symbols
</H3><HR></body></html>
