*** Using Compiler 'V5.06 update 7 (build 960)', folder: 'D:\software\keilv5\keilapp\ARM\AC5\Bin'
Build target 'N32WB452_BLE_RTOS'
Note: source file '..\RTOS\src\clock.c' - object file renamed from '.\Objects\clock.o' to '.\Objects\clock_1.o'.compiling SEGGER_SYSVIEW_RTThread.c...
compiling SEGGER_SYSVIEW_Config_RTThread.c...
compiling SEGGER_SYSVIEW.c...
compiling app_main.c...
compiling SC7A20.c...
compiling interrupt.c...
compiling app_power.c...
compiling app_ble.c...
linking...
Program Size: Code=94248 RO-data=133512 RW-data=1208 ZI-data=120120  
FromELF: creating hex file...
After Build - User command #1: fromelf --bin --output=.\bin\N32WB452_BLE_RTOS.bin .\Objects\N32WB452_BLE_RTOS.axf
After Build - User command #2: G:\5-研究生（生医工）\8-可穿戴\血氧戒指定\嵌入式代码\rt_thread_ipa1322_cw2015\MDK-ARM\keil5_disp_size_bar.exe
ram:
  RW_IRAM1 :0x20000000
  144.00 KB :|■■■■■■■■■■■■■■■■____|   82.28 % (  118.48 KB /   144.00 KB) [26128 B]
flash:
  ER_IROM1 :0x8000000
  512.00 KB :|■■■■■■■■____________|   43.44 % (  222.42 KB /   512.00 KB) [296528 B]
".\Objects\N32WB452_BLE_RTOS.axf" - 0 Error(s), 0 Warning(s).
Build Time Elapsed:  00:00:05
