*** Using Compiler 'V5.06 update 7 (build 960)', folder: 'D:\software\keilv5\keilapp\ARM\AC5\Bin'
Build target 'N32WB452_BLE_RTOS'
Note: source file '..\RTOS\src\clock.c' - object file renamed from '.\Objects\clock.o' to '.\Objects\clock_1.o'.compiling app_spo2.c...
compiling SpO2.c...
..\mydrivers\SpO2\SpO2.c(94): warning:  #177-D: function "trimmed_mean"  was declared but never referenced
  static float trimmed_mean(float *v, uint8_t n)
..\mydrivers\SpO2\SpO2.c(219): warning:  #177-D: function "SpO2_LegacyCalculate"  was declared but never referenced
  static void SpO2_LegacyCalculate(const PPG_Frame *frames, SpO2_Result *result)
..\mydrivers\SpO2\SpO2.c: 2 warnings, 0 errors
compiling SEGGER_SYSVIEW.c...
compiling SEGGER_SYSVIEW_RTThread.c...
compiling SpO2_advanced.c...
compiling SEGGER_SYSVIEW_Config_RTThread.c...
compiling app_main.c...
compiling clock.c...
compiling app_ppg.c...
compiling interrupt.c...
compiling app_power.c...
compiling app_ble.c...
compiling user_task.c...
linking...
Program Size: Code=96628 RO-data=13632 RW-data=1784 ZI-data=116328  
FromELF: creating hex file...
After Build - User command #1: fromelf --bin --output=.\bin\N32WB452_BLE_RTOS.bin .\Objects\N32WB452_BLE_RTOS.axf
After Build - User command #2: G:\5-研究生（生医工）\8-可穿戴\血氧戒指定\嵌入式代码\rt_thread_ipa1322_cw2015\MDK-ARM\keil5_disp_size_bar.exe
ram:
  RW_IRAM1 :0x20000000
  144.00 KB :|■■■■■■■■■■■■■■■■____|   80.10 % (  115.34 KB /   144.00 KB) [29344 B]
flash:
  ER_IROM1 :0x8000000
  512.00 KB :|■■■■________________|   21.03 % (  107.68 KB /   512.00 KB) [414028 B]
".\Objects\N32WB452_BLE_RTOS.axf" - 0 Error(s), 2 Warning(s).
Build Time Elapsed:  00:00:03
